Archive member included because of file (symbol)

./../Platform/Sensors/debug/libSensors_efm32_debug.a(Accelerometer.o)
                              C:/Users/kongw/XDK-Workspace/StreamSensorDataOverUsb/debug/objects/Accelerometer.o (Accelerometer_init)
./../Platform/Sensors/debug/libSensors_efm32_debug.a(Environmental.o)
                              C:/Users/kongw/XDK-Workspace/StreamSensorDataOverUsb/debug/objects/EnvironmentalSensor.o (Environmental_init)
./../Platform/Sensors/debug/libSensors_efm32_debug.a(EnvironmentalUtils.o)
                              ./../Platform/Sensors/debug/libSensors_efm32_debug.a(Environmental.o) (SetAmbientTemperatureOffset)
./../Platform/Sensors/debug/libSensors_efm32_debug.a(Gyroscope.o)
                              C:/Users/kongw/XDK-Workspace/StreamSensorDataOverUsb/debug/objects/Gyroscope.o (Gyroscope_init)
./../Platform/Sensors/debug/libSensors_efm32_debug.a(LightSensor.o)
                              C:/Users/kongw/XDK-Workspace/StreamSensorDataOverUsb/debug/objects/LightSensor.o (LightSensor_init)
./../Platform/Sensors/debug/libSensors_efm32_debug.a(Magnetometer.o)
                              C:/Users/kongw/XDK-Workspace/StreamSensorDataOverUsb/debug/objects/Magnetometer.o (Magnetometer_init)
./../Platform/BSP/debug/libBSP_efm32_debug.a(BSP_LED.o)
                              C:/Users/kongw/XDK-Workspace/StreamSensorDataOverUsb/debug/objects/source/SystemStartup.o (BSP_LED_Connect)
./../Platform/BSP/debug/libBSP_efm32_debug.a(BSP_USB.o)
                              C:/Users/kongw/XDK-Workspace/StreamSensorDataOverUsb/debug/objects/source/RetargetStdio.o (RETARGET_WriteChar)
./../Platform/BSP/debug/libBSP_efm32_debug.a(BSP_Board.o)
                              C:/Users/kongw/XDK-Workspace/StreamSensorDataOverUsb/debug/objects/source/SystemStartup.o (BSP_Board_OSTickInitialize)
./../Platform/BSP/debug/libBSP_efm32_debug.a(BSP_DMA.o)
                              ./../Platform/BSP/debug/libBSP_efm32_debug.a(BSP_Board.o) (BSP_DMA_Initialize)
./../Platform/BSP/debug/libBSP_efm32_debug.a(BSP_IrqHandler.o)
                              ./../Platform/BSP/debug/libBSP_efm32_debug.a(BSP_Board.o) (IrqHandler_SysTickDummyHandler)
./../Platform/BSP/debug/libBSP_efm32_debug.a(BSP_ExtensionPort.o)
                              ./../Platform/BSP/debug/libBSP_efm32_debug.a(BSP_IrqHandler.o) (BSP_ExtensionPort_I2cIsr)
./../Platform/BSP/debug/libBSP_efm32_debug.a(BSP_WiFi_cc3100mod.o)
                              ./../Platform/BSP/debug/libBSP_efm32_debug.a(BSP_IrqHandler.o) (WiFi_CC3100MOD_SPIRxISR)
./../Platform/BSP/debug/libBSP_efm32_debug.a(BSP_BT_EM9301.o)
                              ./../Platform/BSP/debug/libBSP_efm32_debug.a(BSP_IrqHandler.o) (BT_EM9301_UART_TxISR)
./../Platform/BSP/debug/libBSP_efm32_debug.a(BSP_SensorNode.o)
                              ./../Platform/BSP/debug/libBSP_efm32_debug.a(BSP_IrqHandler.o) (SensorNode_I2CISR)
./../Platform/BSP/debug/libBSP_efm32_debug.a(BSP_SDCard.o)
                              ./../Platform/BSP/debug/libBSP_efm32_debug.a(BSP_IrqHandler.o) (SDCard_SPIRxISR)
./../Libraries/FreeRTOS/debug/libFreeRTOS_efm32_debug.a(tasks.o)
                              C:/Users/kongw/XDK-Workspace/StreamSensorDataOverUsb/debug/objects/Main.o (vTaskStartScheduler)
./../Libraries/FreeRTOS/debug/libFreeRTOS_efm32_debug.a(timers.o)
                              ./../Libraries/FreeRTOS/debug/libFreeRTOS_efm32_debug.a(tasks.o) (xTimerCreateTimerTask)
./../Libraries/FreeRTOS/debug/libFreeRTOS_efm32_debug.a(heap_4.o)
                              ./../Libraries/FreeRTOS/debug/libFreeRTOS_efm32_debug.a(tasks.o) (pvPortMalloc)
./../Libraries/FreeRTOS/debug/libFreeRTOS_efm32_debug.a(port.o)
                              ./../Libraries/FreeRTOS/debug/libFreeRTOS_efm32_debug.a(tasks.o) (pxPortInitialiseStack)
./../Libraries/FreeRTOS/debug/libFreeRTOS_efm32_debug.a(list.o)
                              ./../Libraries/FreeRTOS/debug/libFreeRTOS_efm32_debug.a(tasks.o) (vListInitialise)
./../Libraries/FreeRTOS/debug/libFreeRTOS_efm32_debug.a(queue.o)
                              ./../Libraries/FreeRTOS/debug/libFreeRTOS_efm32_debug.a(timers.o) (xQueueGenericCreate)
./../Libraries/EMlib/debug/libEMLib_efm32_debug.a(em_adc.o)
                              ./../Platform/BSP/debug/libBSP_efm32_debug.a(BSP_Board.o) (ADC_Init)
./../Libraries/EMlib/debug/libEMLib_efm32_debug.a(em_cmu.o)
                              ./../Platform/BSP/debug/libBSP_efm32_debug.a(BSP_Board.o) (CMU_ClockDivSet)
./../Libraries/EMlib/debug/libEMLib_efm32_debug.a(em_msc.o)
                              ./../Platform/BSP/debug/libBSP_efm32_debug.a(BSP_Board.o) (MSC_Init)
./../Libraries/EMlib/debug/libEMLib_efm32_debug.a(em_dma.o)
                              ./../Platform/BSP/debug/libBSP_efm32_debug.a(BSP_DMA.o) (DMA_Reset)
./../Libraries/EMlib/debug/libEMLib_efm32_debug.a(em_emu.o)
[...]
Memory Configuration

Name             Origin             Length             Attributes
FLASH            0x00010000         0x000f0000         xr
RAM              0x20000000         0x00020000         xrw
*default*        0x00000000         0xffffffff

Linker script and memory map

LOAD c:/xdk-workbench/xdk/armgcc/bin/../lib/gcc/arm-none-eabi/4.7.4/armv7-m/crti.o
LOAD c:/xdk-workbench/xdk/armgcc/bin/../lib/gcc/arm-none-eabi/4.7.4/armv7-m/crtbegin.o
LOAD c:/xdk-workbench/xdk/armgcc/bin/../lib/gcc/arm-none-eabi/4.7.4/../../../../arm-none-eabi/lib/armv7-m/crt0.o
LOAD C:/Users/kongw/XDK-Workspace/StreamSensorDataOverUsb/debug/objects/source/Assert.o
LOAD C:/Users/kongw/XDK-Workspace/StreamSensorDataOverUsb/debug/objects/source/RetargetStdio.o
LOAD C:/Users/kongw/XDK-Workspace/StreamSensorDataOverUsb/debug/objects/source/BleDeviceInfoService.o
LOAD C:/Users/kongw/XDK-Workspace/StreamSensorDataOverUsb/debug/objects/source/cJSON.o
LOAD C:/Users/kongw/XDK-Workspace/StreamSensorDataOverUsb/debug/objects/source/UsbResetUtility.o
LOAD C:/Users/kongw/XDK-Workspace/StreamSensorDataOverUsb/debug/objects/source/SensorHandle.o
LOAD C:/Users/kongw/XDK-Workspace/StreamSensorDataOverUsb/debug/objects/source/SystemStartup.o
LOAD C:/Users/kongw/XDK-Workspace/StreamSensorDataOverUsb/debug/objects/source/XdkVersion.o
LOAD C:/Users/kongw/XDK-Workspace/StreamSensorDataOverUsb/debug/objects/legacy/source/ServalPAL_WiFi.o
LOAD C:/Users/kongw/XDK-Workspace/StreamSensorDataOverUsb/debug/objects/./../Libraries/EMlib/3rd-party/EMLib/usb/src/em_usbdint.o
LOAD C:/Users/kongw/XDK-Workspace/StreamSensorDataOverUsb/debug/objects/Main.o
LOAD C:/Users/kongw/XDK-Workspace/StreamSensorDataOverUsb/debug/objects/StreamSensorDataOverUsb.o
LOAD C:/Users/kongw/XDK-Workspace/StreamSensorDataOverUsb/debug/objects/Accelerometer.o
LOAD C:/Users/kongw/XDK-Workspace/StreamSensorDataOverUsb/debug/objects/EnvironmentalSensor.o
LOAD C:/Users/kongw/XDK-Workspace/StreamSensorDataOverUsb/debug/objects/Gyroscope.o
LOAD C:/Users/kongw/XDK-Workspace/StreamSensorDataOverUsb/debug/objects/InertialSensor.o
LOAD C:/Users/kongw/XDK-Workspace/StreamSensorDataOverUsb/debug/objects/Magnetometer.o
LOAD C:/Users/kongw/XDK-Workspace/StreamSensorDataOverUsb/debug/objects/LightSensor.o
LOAD C:/Users/kongw/XDK-Workspace/StreamSensorDataOverUsb/debug/objects/startup_efm32gg.o
START GROUP
LOAD ./../Platform/SensorUtils/debug/libSensorUtils_efm32_debug.a
LOAD ./../Platform/Sensors/debug/libSensors_efm32_debug.a
LOAD ./../Platform/BSP/debug/libBSP_efm32_debug.a
LOAD ./../Libraries/FreeRTOS/debug/libFreeRTOS_efm32_debug.a
LOAD ./../Libraries/EMlib/debug/libEMLib_efm32_debug.a
LOAD ./../Libraries/BSTLib/debug/libBSTLib_efm32_debug.a
LOAD ./../Libraries/WiFi/debug/libWiFi_efm32_debug.a
LOAD ./../Libraries/FATfs/debug/libFATfs_efm32_debug.a
LOAD ./../Platform/Essentials/release/libEssentials_efm32.a
LOAD ./../Platform/Utils/release/libUtils_efm32.a
LOAD ./../Platform/Drivers/release/libDrivers_efm32.a
LOAD ./../Platform/FOTA/release/libFOTA_efm32.a
LOAD ./../Platform/Wlan/release/libWlan_efm32.a
LOAD ./../Platform/BLE/release/libBLE_efm32.a
LOAD ./../Platform/SensorToolbox/release/libSensorToolbox_efm32.a
LOAD ./../Libraries/BLEStack/3rd-party/Alpwise/ALPW-BLESDKCM3/BLESW_AlertNotification/Libraries/BLESW_ANP_Server_CM3.a
LOAD ./../Libraries/BLEStack/3rd-party/Alpwise/ALPW-BLESDKCM3/BLESW_AlertNotification/Libraries/BLESW_ANP_Client_CM3.a
LOAD ./../Libraries/BLEStack/3rd-party/Alpwise/ALPW-BLESDKCM3/BLESW_ALPWDataExchange/Libraries/BLESW_ALPWDEP_Server_CM3.a
LOAD ./../Libraries/BLEStack/3rd-party/Alpwise/ALPW-BLESDKCM3/BLESW_ALPWDataExchange/Libraries/BLESW_ALPWDEP_Client_CM3.a
LOAD ./../Libraries/BLEStack/3rd-party/Alpwise/ALPW-BLESDKCM3/BLESW_AppleNotificationCenter/Libraries/BLESW_ANCP_Consumer_CM3.a
LOAD ./../Libraries/BLEStack/3rd-party/Alpwise/ALPW-BLESDKCM3/BLESW_BloodPressure/Libraries/BLESW_BLP_Sensor_CM3.a
LOAD ./../Libraries/BLEStack/3rd-party/Alpwise/ALPW-BLESDKCM3/BLESW_BloodPressure/Libraries/BLESW_BLP_Collector_CM3.a
LOAD ./../Libraries/BLEStack/3rd-party/Alpwise/ALPW-BLESDKCM3/BLESW_CoreStack/Libraries/BLESW_CPS_CM3.a
LOAD ./../Libraries/BLEStack/3rd-party/Alpwise/ALPW-BLESDKCM3/BLESW_CoreStack/Libraries/BLESW_CoreStack_CM3.a
LOAD ./../Libraries/BLEStack/3rd-party/Alpwise/ALPW-BLESDKCM3/BLESW_CoreStack/Libraries/BLESW_CSCS_CM3.a
LOAD ./../Libraries/BLEStack/3rd-party/Alpwise/ALPW-BLESDKCM3/BLESW_CoreStack/Libraries/BLESW_RTUS_CM3.a
LOAD ./../Libraries/BLEStack/3rd-party/Alpwise/ALPW-BLESDKCM3/BLESW_CoreStack/Libraries/BLESW_HRS_CM3.a
LOAD ./../Libraries/BLEStack/3rd-party/Alpwise/ALPW-BLESDKCM3/BLESW_CoreStack/Libraries/BLESW_CTS_CM3.a
LOAD ./../Libraries/BLEStack/3rd-party/Alpwise/ALPW-BLESDKCM3/BLESW_CoreStack/Libraries/BLESW_CoreStack_Monitor_CM3.a
LOAD ./../Libraries/BLEStack/3rd-party/Alpwise/ALPW-BLESDKCM3/BLESW_CoreStack/Libraries/BLESW_UDS_CM3.a
LOAD ./../Libraries/BLEStack/3rd-party/Alpwise/ALPW-BLESDKCM3/BLESW_CoreStack/Libraries/BLESW_NDCS_CM3.a
LOAD ./../Libraries/BLEStack/3rd-party/Alpwise/ALPW-BLESDKCM3/BLESW_CoreStack/Libraries/BLESW_TPS_CM3.a
LOAD ./../Libraries/BLEStack/3rd-party/Alpwise/ALPW-BLESDKCM3/BLESW_CoreStack/Libraries/BLESW_BLS_CM3.a
LOAD ./../Libraries/BLEStack/3rd-party/Alpwise/ALPW-BLESDKCM3/BLESW_CoreStack/Libraries/BLESW_LNS_CM3.a
LOAD ./../Libraries/BLEStack/3rd-party/Alpwise/ALPW-BLESDKCM3/BLESW_CoreStack/Libraries/BLESW_LLS_CM3.a
LOAD ./../Libraries/BLEStack/3rd-party/Alpwise/ALPW-BLESDKCM3/BLESW_CoreStack/Libraries/BLESW_WSS_CM3.a
LOAD ./../Libraries/BLEStack/3rd-party/Alpwise/ALPW-BLESDKCM3/BLESW_CoreStack/Libraries/BLESW_RSCS_CM3.a
LOAD ./../Libraries/BLEStack/3rd-party/Alpwise/ALPW-BLESDKCM3/BLESW_CoreStack/Libraries/BLESW_BAS_CM3.a
LOAD ./../Libraries/BLEStack/3rd-party/Alpwise/ALPW-BLESDKCM3/BLESW_CoreStack/Libraries/BLESW_IAS_CM3.a
LOAD ./../Libraries/BLEStack/3rd-party/Alpwise/ALPW-BLESDKCM3/BLESW_CoreStack/Libraries/BLESW_PASS_CM3.a
LOAD ./../Libraries/BLEStack/3rd-party/Alpwise/ALPW-BLESDKCM3/BLESW_CoreStack/Libraries/BLESW_HTS_CM3.a
LOAD ./../Libraries/BLEStack/3rd-party/Alpwise/ALPW-BLESDKCM3/BLESW_CoreStack/Libraries/BLESW_ALPWDES_CM3.a
LOAD ./../Libraries/BLEStack/3rd-party/Alpwise/ALPW-BLESDKCM3/BLESW_CoreStack/Libraries/BLESW_BCS_CM3.a
LOAD ./../Libraries/BLEStack/3rd-party/Alpwise/ALPW-BLESDKCM3/BLESW_CoreStack/Libraries/BLESW_ANS_CM3.a
LOAD ./../Libraries/BLEStack/3rd-party/Alpwise/ALPW-BLESDKCM3/BLESW_CoreStack/Libraries/BLESW_HIDS_CM3.a
LOAD ./../Libraries/BLEStack/3rd-party/Alpwise/ALPW-BLESDKCM3/BLESW_CoreStack/Libraries/BLESW_GLS_CM3.a
LOAD ./../Libraries/BLEStack/3rd-party/Alpwise/ALPW-BLESDKCM3/BLESW_CoreStack/Libraries/BLESW_NWAS_CM3.a
LOAD ./../Libraries/BLEStack/3rd-party/Alpwise/ALPW-BLESDKCM3/BLESW_CoreStack/Libraries/BLESW_DIS_CM3.a
LOAD ./../Libraries/BLEStack/3rd-party/Alpwise/ALPW-BLESDKCM3/BLESW_CyclingPower/Libraries/BLESW_CPP_Sensor_CM3.a
LOAD ./../Libraries/BLEStack/3rd-party/Alpwise/ALPW-BLESDKCM3/BLESW_CyclingPower/Libraries/BLESW_CPP_Collector_CM3.a
LOAD ./../Libraries/BLEStack/3rd-party/Alpwise/ALPW-BLESDKCM3/BLESW_CyclingSpeedAndCadence/Libraries/BLESW_CSCP_Sensor_CM3.a
LOAD ./../Libraries/BLEStack/3rd-party/Alpwise/ALPW-BLESDKCM3/BLESW_CyclingSpeedAndCadence/Libraries/BLESW_CSCP_Collector_CM3.a
LOAD ./../Libraries/BLEStack/3rd-party/Alpwise/ALPW-BLESDKCM3/BLESW_FindMe/Libraries/BLESW_FMP_Target_CM3.a
LOAD ./../Libraries/BLEStack/3rd-party/Alpwise/ALPW-BLESDKCM3/BLESW_FindMe/Libraries/BLESW_FMP_Locator_CM3.a
LOAD ./../Libraries/BLEStack/3rd-party/Alpwise/ALPW-BLESDKCM3/BLESW_Glucose/Libraries/BLESW_GLP_Sensor_CM3.a
LOAD ./../Libraries/BLEStack/3rd-party/Alpwise/ALPW-BLESDKCM3/BLESW_Glucose/Libraries/BLESW_GLP_Collector_CM3.a
LOAD ./../Libraries/BLEStack/3rd-party/Alpwise/ALPW-BLESDKCM3/BLESW_HealthThermometer/Libraries/BLESW_HTP_Thermometer_CM3.a
LOAD ./../Libraries/BLEStack/3rd-party/Alpwise/ALPW-BLESDKCM3/BLESW_HealthThermometer/Libraries/BLESW_HTP_Collector_CM3.a
LOAD ./../Libraries/BLEStack/3rd-party/Alpwise/ALPW-BLESDKCM3/BLESW_HeartRate/Libraries/BLESW_HRP_Sensor_CM3.a
LOAD ./../Libraries/BLEStack/3rd-party/Alpwise/ALPW-BLESDKCM3/BLESW_HeartRate/Libraries/BLESW_HRP_Collector_CM3.a
LOAD ./../Libraries/BLEStack/3rd-party/Alpwise/ALPW-BLESDKCM3/BLESW_HumanInterfaceDevice/Libraries/BLESW_HID_Device_CM3.a
LOAD ./../Libraries/BLEStack/3rd-party/Alpwise/ALPW-BLESDKCM3/BLESW_HumanInterfaceDevice/Libraries/BLESW_HID_Host_CM3.a
LOAD ./../Libraries/BLEStack/3rd-party/Alpwise/ALPW-BLESDKCM3/BLESW_iBeacon/Libraries/BLESW_IBN_Reporter_CM3.a
LOAD ./../Libraries/BLEStack/3rd-party/Alpwise/ALPW-BLESDKCM3/BLESW_LocationAndNavigation/Libraries/BLESW_LNP_Sensor_CM3.a
LOAD ./../Libraries/BLEStack/3rd-party/Alpwise/ALPW-BLESDKCM3/BLESW_LocationAndNavigation/Libraries/BLESW_LNP_Collector_CM3.a
LOAD ./../Libraries/BLEStack/3rd-party/Alpwise/ALPW-BLESDKCM3/BLESW_NetworkAvailability/Libraries/BLESW_NWAP_Monitor_CM3.a
LOAD ./../Libraries/BLEStack/3rd-party/Alpwise/ALPW-BLESDKCM3/BLESW_NetworkAvailability/Libraries/BLESW_NWAP_Reporter_CM3.a
LOAD ./../Libraries/BLEStack/3rd-party/Alpwise/ALPW-BLESDKCM3/BLESW_PhoneAlertStatus/Libraries/BLESW_PASP_Client_CM3.a
LOAD ./../Libraries/BLEStack/3rd-party/Alpwise/ALPW-BLESDKCM3/BLESW_PhoneAlertStatus/Libraries/BLESW_PASP_Server_CM3.a
LOAD ./../Libraries/BLEStack/3rd-party/Alpwise/ALPW-BLESDKCM3/BLESW_Proximity/Libraries/BLESW_PXP_Reporter_CM3.a
LOAD ./../Libraries/BLEStack/3rd-party/Alpwise/ALPW-BLESDKCM3/BLESW_Proximity/Libraries/BLESW_PXP_Monitor_CM3.a
LOAD ./../Libraries/BLEStack/3rd-party/Alpwise/ALPW-BLESDKCM3/BLESW_RunningSpeedAndCadence/Libraries/BLESW_RSCP_Sensor_CM3.a
LOAD ./../Libraries/BLEStack/3rd-party/Alpwise/ALPW-BLESDKCM3/BLESW_RunningSpeedAndCadence/Libraries/BLESW_RSCP_Collector_CM3.a
LOAD ./../Libraries/BLEStack/3rd-party/Alpwise/ALPW-BLESDKCM3/BLESW_Time/Libraries/BLESW_TIP_Server_CM3.a
LOAD ./../Libraries/BLEStack/3rd-party/Alpwise/ALPW-BLESDKCM3/BLESW_Time/Libraries/BLESW_TIP_Client_CM3.a
LOAD ./../Libraries/EMlib/3rd-party/EMLib/CMSIS/Lib/GCC/libarm_cortexM3l_math.a
LOAD ./../Libraries/BSX/BSX4/Source/algo/algo_bsx/Lib/libalgobsxm3/libalgobsx.a
LOAD ./../Platform/LoRaDrivers/release/libLoRaDrivers_efm32.a
LOAD ./../Platform/ServalPAL/release/libServalPal_efm32.a
LOAD ./../Libraries/Escrypt_CycurTLS/release/libEscrypt_CycurTLS_efm32.a
END GROUP
START GROUP
LOAD c:/xdk-workbench/xdk/armgcc/bin/../lib/gcc/arm-none-eabi/4.7.4/armv7-m\libgcc.a
LOAD c:/xdk-workbench/xdk/armgcc/bin/../lib/gcc/arm-none-eabi/4.7.4/../../../../arm-none-eabi/lib/armv7-m\libc.a
LOAD c:/xdk-workbench/xdk/armgcc/bin/../lib/gcc/arm-none-eabi/4.7.4/../../../../arm-none-eabi/lib/armv7-m\libm.a
END GROUP
START GROUP
LOAD c:/xdk-workbench/xdk/armgcc/bin/../lib/gcc/arm-none-eabi/4.7.4/armv7-m\libgcc.a
LOAD c:/xdk-workbench/xdk/armgcc/bin/../lib/gcc/arm-none-eabi/4.7.4/../../../../arm-none-eabi/lib/armv7-m\libc.a
END GROUP
LOAD c:/xdk-workbench/xdk/armgcc/bin/../lib/gcc/arm-none-eabi/4.7.4/armv7-m/crtend.o
LOAD c:/xdk-workbench/xdk/armgcc/bin/../lib/gcc/arm-none-eabi/4.7.4/armv7-m/crtn.o

.text           0x00010000    0x1d514
 *(.isr_vector)
 .isr_vector    0x00010000      0x100 C:/Users/kongw/XDK-Workspace/StreamSensorDataOverUsb/debug/objects/startup_efm32gg.o
                0x00010000                __isr_vector
 *(.text*)
 .text          0x00010100       0x54 c:/xdk-workbench/xdk/armgcc/bin/../lib/gcc/arm-none-eabi/4.7.4/armv7-m/crtbegin.o
 .text          0x00010154       0x70 c:/xdk-workbench/xdk/armgcc/bin/../lib/gcc/arm-none-eabi/4.7.4/../../../../arm-none-eabi/lib/armv7-m/crt0.o
                0x00010154                _start
                0x00010154                start
                0x00010154                _mainCRTStartup
 .text.Assert_Initialize
                0x000101c4       0x40 C:/Users/kongw/XDK-Workspace/StreamSensorDataOverUsb/debug/objects/source/Assert.o
                0x000101c4                Assert_Initialize
 .text.Assert_Dynamic
                0x00010204       0x2c C:/Users/kongw/XDK-Workspace/StreamSensorDataOverUsb/debug/objects/source/Assert.o
                0x00010204                Assert_Dynamic
 .text._close   0x00010230       0x18 C:/Users/kongw/XDK-Workspace/StreamSensorDataOverUsb/debug/objects/source/RetargetStdio.o
                0x00010230                _close
 .text._exit    0x00010248        0xc C:/Users/kongw/XDK-Workspace/StreamSensorDataOverUsb/debug/objects/source/RetargetStdio.o
                0x00010248                _exit
 .text._fstat   0x00010254       0x24 C:/Users/kongw/XDK-Workspace/StreamSensorDataOverUsb/debug/objects/source/RetargetStdio.o
                0x00010254                _fstat
 .text._isatty  0x00010278       0x18 C:/Users/kongw/XDK-Workspace/StreamSensorDataOverUsb/debug/objects/source/RetargetStdio.o
                0x00010278                _isatty
 .text._lseek   0x00010290       0x1c C:/Users/kongw/XDK-Workspace/StreamSensorDataOverUsb/debug/objects/source/RetargetStdio.o
                0x00010290                _lseek
 .text._read    0x000102ac       0x70 C:/Users/kongw/XDK-Workspace/StreamSensorDataOverUsb/debug/objects/source/RetargetStdio.o
                0x000102ac                _read
 .text._sbrk    0x0001031c       0xa0 C:/Users/kongw/XDK-Workspace/StreamSensorDataOverUsb/debug/objects/source/RetargetStdio.o
                0x0001031c                _sbrk
 .text._write   0x000103bc       0x20 C:/Users/kongw/XDK-Workspace/StreamSensorDataOverUsb/debug/objects/source/RetargetStdio.o
                0x000103bc                _write
 .text.NVIC_SystemReset
                0x000103dc       0x30 C:/Users/kongw/XDK-Workspace/StreamSensorDataOverUsb/debug/objects/source/UsbResetUtility.o
 .text.UsbResetUtility_SystemReset
                0x0001040c       0x10 C:/Users/kongw/XDK-Workspace/StreamSensorDataOverUsb/debug/objects/source/UsbResetUtility.o
 .text.UsbResetUtility_InteruptHandling
                0x0001041c       0x54 C:/Users/kongw/XDK-Workspace/StreamSensorDataOverUsb/debug/objects/source/UsbResetUtility.o
 .text.UsbResetUtility_Init
                0x00010470       0x40 C:/Users/kongw/XDK-Workspace/StreamSensorDataOverUsb/debug/objects/source/UsbResetUtility.o
                0x00010470                UsbResetUtility_Init
 .text.UsbResetUtility_UsbISRCallback
                0x000104b0      0x138 C:/Users/kongw/XDK-Workspace/StreamSensorDataOverUsb/debug/objects/source/UsbResetUtility.o
                0x000104b0                UsbResetUtility_UsbISRCallback
 .text.Retcode_GetPackage
                0x000105e8       0x1c C:/Users/kongw/XDK-Workspace/StreamSensorDataOverUsb/debug/objects/source/SystemStartup.o
 .text.Retcode_GetModuleId
                0x00010604       0x1c C:/Users/kongw/XDK-Workspace/StreamSensorDataOverUsb/debug/objects/source/SystemStartup.o
 .text.Retcode_GetSeverity
                0x00010620       0x24 C:/Users/kongw/XDK-Workspace/StreamSensorDataOverUsb/debug/objects/source/SystemStartup.o
 .text.Retcode_GetCode
                0x00010644       0x20 C:/Users/kongw/XDK-Workspace/StreamSensorDataOverUsb/debug/objects/source/SystemStartup.o
 .text.bleGetMacAddress
                0x00010664       0xec C:/Users/kongw/XDK-Workspace/StreamSensorDataOverUsb/debug/objects/source/SystemStartup.o
 .text.SysTickPreCallback
                0x00010750       0x14 C:/Users/kongw/XDK-Workspace/StreamSensorDataOverUsb/debug/objects/source/SystemStartup.o
 .text.DefaultErrorHandlingFunc
                0x00010764       0xf4 C:/Users/kongw/XDK-Workspace/StreamSensorDataOverUsb/debug/objects/source/SystemStartup.o
                0x00010764                DefaultErrorHandlingFunc
 .text.assertIndicationMapping
                0x00010858       0x44 C:/Users/kongw/XDK-Workspace/StreamSensorDataOverUsb/debug/objects/source/SystemStartup.o
                0x00010858                assertIndicationMapping
 .text.systemStartup
                0x0001089c      0x154 C:/Users/kongw/XDK-Workspace/StreamSensorDataOverUsb/debug/objects/source/SystemStartup.o
                0x0001089c                systemStartup
 .text.vApplicationStackOverflowHook
                0x000109f0       0x5c C:/Users/kongw/XDK-Workspace/StreamSensorDataOverUsb/debug/objects/source/SystemStartup.o
                0x000109f0                vApplicationStackOverflowHook
 .text.vApplicationMallocFailedHook
                0x00010a4c       0x14 C:/Users/kongw/XDK-Workspace/StreamSensorDataOverUsb/debug/objects/source/SystemStartup.o
                0x00010a4c                vApplicationMallocFailedHook
 .text.INT_Disable
                0x00010a60       0x40 C:/Users/kongw/XDK-Workspace/StreamSensorDataOverUsb/debug/objects/./../Libraries/EMlib/3rd-party/EMLib/usb/src/em_usbdint.o
 .text.INT_Enable
                0x00010aa0       0x54 C:/Users/kongw/XDK-Workspace/StreamSensorDataOverUsb/debug/objects/./../Libraries/EMlib/3rd-party/EMLib/usb/src/em_usbdint.o
 .text.USBHAL_FlushTxFifo
                0x00010af4       0x4c C:/Users/kongw/XDK-Workspace/StreamSensorDataOverUsb/debug/objects/./../Libraries/EMlib/3rd-party/EMLib/usb/src/em_usbdint.o
 .text.USBHAL_GetCoreInts
                0x00010b40       0x40 C:/Users/kongw/XDK-Workspace/StreamSensorDataOverUsb/debug/objects/./../Libraries/EMlib/3rd-party/EMLib/usb/src/em_usbdint.o
 .text.USBDHAL_EnableInts
                0x00010b80       0x70 C:/Users/kongw/XDK-Workspace/StreamSensorDataOverUsb/debug/objects/./../Libraries/EMlib/3rd-party/EMLib/usb/src/em_usbdint.o
 .text.USBDHAL_Ep0Activate
                0x00010bf0       0x70 C:/Users/kongw/XDK-Workspace/StreamSensorDataOverUsb/debug/objects/./../Libraries/EMlib/3rd-party/EMLib/usb/src/em_usbdint.o
 .text.USBDHAL_GetAllInEpInts
                0x00010c60       0x48 C:/Users/kongw/XDK-Workspace/StreamSensorDataOverUsb/debug/objects/./../Libraries/EMlib/3rd-party/EMLib/usb/src/em_usbdint.o
 .text.USBDHAL_GetAllOutEpInts
                0x00010ca8       0x44 C:/Users/kongw/XDK-Workspace/StreamSensorDataOverUsb/debug/objects/./../Libraries/EMlib/3rd-party/EMLib/usb/src/em_usbdint.o
 .text.USBDHAL_GetInEpInts
                0x00010cec       0x44 C:/Users/kongw/XDK-Workspace/StreamSensorDataOverUsb/debug/objects/./../Libraries/EMlib/3rd-party/EMLib/usb/src/em_usbdint.o
 .text.USBDHAL_GetOutEpInts
                0x00010d30       0x44 C:/Users/kongw/XDK-Workspace/StreamSensorDataOverUsb/debug/objects/./../Libraries/EMlib/3rd-party/EMLib/usb/src/em_usbdint.o
 .text.USBDHAL_StartEp0Setup
                0x00010d74       0x88 C:/Users/kongw/XDK-Workspace/StreamSensorDataOverUsb/debug/objects/./../Libraries/EMlib/3rd-party/EMLib/usb/src/em_usbdint.o
 .text.USBD_GetEpFromAddr
                0x00010dfc       0xa0 C:/Users/kongw/XDK-Workspace/StreamSensorDataOverUsb/debug/objects/./../Libraries/EMlib/3rd-party/EMLib/usb/src/em_usbdint.o
 .text.USB_IRQHandler
                0x00010e9c      0x16c C:/Users/kongw/XDK-Workspace/StreamSensorDataOverUsb/debug/objects/./../Libraries/EMlib/3rd-party/EMLib/usb/src/em_usbdint.o
                0x00010e9c                USB_IRQHandler
 .text.Handle_USB_GINTSTS_ENUMDONE
                0x00011008       0x3c C:/Users/kongw/XDK-Workspace/StreamSensorDataOverUsb/debug/objects/./../Libraries/EMlib/3rd-party/EMLib/usb/src/em_usbdint.o
 .text.Handle_USB_GINTSTS_IEPINT
                0x00011044      0x118 C:/Users/kongw/XDK-Workspace/StreamSensorDataOverUsb/debug/objects/./../Libraries/EMlib/3rd-party/EMLib/usb/src/em_usbdint.o
 .text.Handle_USB_GINTSTS_OEPINT
                0x0001115c      0x230 C:/Users/kongw/XDK-Workspace/StreamSensorDataOverUsb/debug/objects/./../Libraries/EMlib/3rd-party/EMLib/usb/src/em_usbdint.o
 .text.Handle_USB_GINTSTS_RESETDET
                0x0001138c       0x40 C:/Users/kongw/XDK-Workspace/StreamSensorDataOverUsb/debug/objects/./../Libraries/EMlib/3rd-party/EMLib/usb/src/em_usbdint.o
 .text.Handle_USB_GINTSTS_SOF
                0x000113cc       0x64 C:/Users/kongw/XDK-Workspace/StreamSensorDataOverUsb/debug/objects/./../Libraries/EMlib/3rd-party/EMLib/usb/src/em_usbdint.o
 .text.Handle_USB_GINTSTS_USBRST
                0x00011430      0x150 C:/Users/kongw/XDK-Workspace/StreamSensorDataOverUsb/debug/objects/./../Libraries/EMlib/3rd-party/EMLib/usb/src/em_usbdint.o
 .text.Handle_USB_GINTSTS_USBSUSP
                0x00011580       0x68 C:/Users/kongw/XDK-Workspace/StreamSensorDataOverUsb/debug/objects/./../Libraries/EMlib/3rd-party/EMLib/usb/src/em_usbdint.o
 .text.Handle_USB_GINTSTS_WKUPINT
                0x000115e8       0x30 C:/Users/kongw/XDK-Workspace/StreamSensorDataOverUsb/debug/objects/./../Libraries/EMlib/3rd-party/EMLib/usb/src/em_usbdint.o
 .text.main     0x00011618       0xa8 C:/Users/kongw/XDK-Workspace/StreamSensorDataOverUsb/debug/objects/Main.o
                0x00011618                main
 .text.appInitSystem
                0x000116c0       0x90 C:/Users/kongw/XDK-Workspace/StreamSensorDataOverUsb/debug/objects/StreamSensorDataOverUsb.o
                0x000116c0                appInitSystem
 .text.GetAppCmdProcessorHandle
                0x00011750       0x18 C:/Users/kongw/XDK-Workspace/StreamSensorDataOverUsb/debug/objects/StreamSensorDataOverUsb.o
                0x00011750                GetAppCmdProcessorHandle
 .text.appDeferredISRCallback
                0x00011768       0x20 C:/Users/kongw/XDK-Workspace/StreamSensorDataOverUsb/debug/objects/Accelerometer.o
 .text.realTimeISRCallback
                0x00011788       0x58 C:/Users/kongw/XDK-Workspace/StreamSensorDataOverUsb/debug/objects/Accelerometer.o
 .text.driverDeferredISRCallback
                0x000117e0       0x20 C:/Users/kongw/XDK-Workspace/StreamSensorDataOverUsb/debug/objects/Accelerometer.o
 .text.switchCallback
                0x00011800       0xa8 C:/Users/kongw/XDK-Workspace/StreamSensorDataOverUsb/debug/objects/Accelerometer.o
 .text.processAccelData
                0x000118a8       0xec C:/Users/kongw/XDK-Workspace/StreamSensorDataOverUsb/debug/objects/Accelerometer.o
 .text.printAccelData
                0x00011994       0x48 C:/Users/kongw/XDK-Workspace/StreamSensorDataOverUsb/debug/objects/Accelerometer.o
 .text.accelerometerSensorInit
                0x000119dc      0x19c C:/Users/kongw/XDK-Workspace/StreamSensorDataOverUsb/debug/objects/Accelerometer.o
                0x000119dc                accelerometerSensorInit
 .text.processGyroData
                0x00011b78       0xa4 C:/Users/kongw/XDK-Workspace/StreamSensorDataOverUsb/debug/objects/Gyroscope.o
 .text.printGyroSensorData
                0x00011c1c       0x48 C:/Users/kongw/XDK-Workspace/StreamSensorDataOverUsb/debug/objects/Gyroscope.o
 .text.gyroscopeSensorInit
                0x00011c64       0xf8 C:/Users/kongw/XDK-Workspace/StreamSensorDataOverUsb/debug/objects/Gyroscope.o
                0x00011c64                gyroscopeSensorInit
 .text.processInertiaSensor
                0x00011d5c      0x124 C:/Users/kongw/XDK-Workspace/StreamSensorDataOverUsb/debug/objects/InertialSensor.o
 .text.printInertialData
                0x00011e80       0x48 C:/Users/kongw/XDK-Workspace/StreamSensorDataOverUsb/debug/objects/InertialSensor.o
 .text.inertialSensorInit
                0x00011ec8      0x104 C:/Users/kongw/XDK-Workspace/StreamSensorDataOverUsb/debug/objects/InertialSensor.o
                0x00011ec8                inertialSensorInit
 .text.processMagnetometerData
                0x00011fcc       0x98 C:/Users/kongw/XDK-Workspace/StreamSensorDataOverUsb/debug/objects/Magnetometer.o
 .text.printMagneticData
                0x00012064       0x48 C:/Users/kongw/XDK-Workspace/StreamSensorDataOverUsb/debug/objects/Magnetometer.o
                0x00012064                printMagneticData
 .text.magnetometerSensorInit
                0x000120ac       0xf8 C:/Users/kongw/XDK-Workspace/StreamSensorDataOverUsb/debug/objects/Magnetometer.o
                0x000120ac                magnetometerSensorInit
 .text          0x000121a4       0x98 C:/Users/kongw/XDK-Workspace/StreamSensorDataOverUsb/debug/objects/startup_efm32gg.o
                0x000121a4                Reset_Handler
                0x000121d8                Default_Handler
                0x000121da                NMI_Handler
                0x000121dc                HardFault_Handler
                0x000121de                MemManage_Handler
                0x000121e0                BusFault_Handler
                0x000121e2                UsageFault_Handler
                0x000121e6                DebugMon_Handler
                0x000121f0                TIMER0_IRQHandler
                0x000121f6                ACMP0_IRQHandler
                0x000121fa                ADC0_IRQHandler
                0x000121fc                DAC0_IRQHandler
                0x00012204                TIMER1_IRQHandler
                0x00012206                TIMER2_IRQHandler
                0x00012208                TIMER3_IRQHandler
                0x0001220e                LESENSE_IRQHandler
                0x0001221c                LEUART0_IRQHandler
                0x0001221e                LEUART1_IRQHandler
                0x00012220                LETIMER0_IRQHandler
                0x00012222                PCNT0_IRQHandler
                0x00012224                PCNT1_IRQHandler
                0x00012226                PCNT2_IRQHandler
                0x0001222a                BURTC_IRQHandler
                0x0001222c                CMU_IRQHandler
                0x0001222e                VCMP_IRQHandler
                0x00012230                LCD_IRQHandler
                0x00012232                MSC_IRQHandler
                0x00012234                AES_IRQHandler
                0x00012236                EBI_IRQHandler
                0x00012238                EMU_IRQHandler
 .text.Retcode_GetPackage
                0x0001223c       0x1c ./../Platform/Sensors/debug/libSensors_efm32_debug.a(Accelerometer.o)
 .text.Retcode_GetCode
                0x00012258       0x20 ./../Platform/Sensors/debug/libSensors_efm32_debug.a(Accelerometer.o)
 .text.bmaIsrCallback
                0x00012278       0xe0 ./../Platform/Sensors/debug/libSensors_efm32_debug.a(Accelerometer.o)
 .text.bma2x2LibErrorMapping
                0x00012358       0x48 ./../Platform/Sensors/debug/libSensors_efm32_debug.a(Accelerometer.o)
 .text.bmi160LibErrorMapping
                0x000123a0       0x48 ./../Platform/Sensors/debug/libSensors_efm32_debug.a(Accelerometer.o)
 .text.Accelerometer_init
                0x000123e8      0x10c ./../Platform/Sensors/debug/libSensors_efm32_debug.a(Accelerometer.o)
                0x000123e8                Accelerometer_init
 .text.Accelerometer_readXyzLsbValue
                0x000124f4      0x194 ./../Platform/Sensors/debug/libSensors_efm32_debug.a(Accelerometer.o)
                0x000124f4                Accelerometer_readXyzLsbValue
 .text.Accelerometer_readXyzGValue
                0x00012688      0x398 ./../Platform/Sensors/debug/libSensors_efm32_debug.a(Accelerometer.o)
                0x00012688                Accelerometer_readXyzGValue
 .text.Accelerometer_configInterrupt
                0x00012a20      0x124 ./../Platform/Sensors/debug/libSensors_efm32_debug.a(Accelerometer.o)
                0x00012a20                Accelerometer_configInterrupt
 .text.Accelerometer_regRealTimeCallback
                0x00012b44       0xf0 ./../Platform/Sensors/debug/libSensors_efm32_debug.a(Accelerometer.o)
                0x00012b44                Accelerometer_regRealTimeCallback
 .text.Accelerometer_regDeferredCallback
                0x00012c34       0xf0 ./../Platform/Sensors/debug/libSensors_efm32_debug.a(Accelerometer.o)
                0x00012c34                Accelerometer_regDeferredCallback
 .text.Retcode_GetPackage
                0x00012d24       0x1c ./../Platform/Sensors/debug/libSensors_efm32_debug.a(Gyroscope.o)
 .text.Retcode_GetCode
                0x00012d40       0x20 ./../Platform/Sensors/debug/libSensors_efm32_debug.a(Gyroscope.o)
 .text.bmgIsrCallback
                0x00012d60       0x14 ./../Platform/Sensors/debug/libSensors_efm32_debug.a(Gyroscope.o)
 .text.bmg160LibErrorMapping
                0x00012d74       0x48 ./../Platform/Sensors/debug/libSensors_efm32_debug.a(Gyroscope.o)
 .text.BMI160_libErrorMapping
                0x00012dbc       0x48 ./../Platform/Sensors/debug/libSensors_efm32_debug.a(Gyroscope.o)
 .text.Gyroscope_init
                0x00012e04      0x100 ./../Platform/Sensors/debug/libSensors_efm32_debug.a(Gyroscope.o)
                0x00012e04                Gyroscope_init
 .text.Gyroscope_readXyzValue
                0x00012f04      0x1a4 ./../Platform/Sensors/debug/libSensors_efm32_debug.a(Gyroscope.o)
                0x00012f04                Gyroscope_readXyzValue
 .text.Gyroscope_readXyzDegreeValue
                0x000130a8      0x4cc ./../Platform/Sensors/debug/libSensors_efm32_debug.a(Gyroscope.o)
                0x000130a8                Gyroscope_readXyzDegreeValue
 .text.Retcode_GetPackage
                0x00013574       0x1c ./../Platform/Sensors/debug/libSensors_efm32_debug.a(Magnetometer.o)
 .text.bmmIsrCallback
                0x00013590       0x14 ./../Platform/Sensors/debug/libSensors_efm32_debug.a(Magnetometer.o)
 .text.bmm150LibErrorMapping
                0x000135a4       0x48 ./../Platform/Sensors/debug/libSensors_efm32_debug.a(Magnetometer.o)
 .text.readMagData
                0x000135ec       0x80 ./../Platform/Sensors/debug/libSensors_efm32_debug.a(Magnetometer.o)
 .text.Magnetometer_init
                0x0001366c       0xac ./../Platform/Sensors/debug/libSensors_efm32_debug.a(Magnetometer.o)
                0x0001366c                Magnetometer_init
 .text.Magnetometer_readXyzLsbData
                0x00013718      0x104 ./../Platform/Sensors/debug/libSensors_efm32_debug.a(Magnetometer.o)
                0x00013718                Magnetometer_readXyzLsbData
 .text.Magnetometer_readXyzTeslaData
                0x0001381c      0x114 ./../Platform/Sensors/debug/libSensors_efm32_debug.a(Magnetometer.o)
                0x0001381c                Magnetometer_readXyzTeslaData
 .text.GPIO_PinOutClear
                0x00013930       0x4c ./../Platform/BSP/debug/libBSP_efm32_debug.a(BSP_LED.o)
 .text.GPIO_PinOutSet
                0x0001397c       0x4c ./../Platform/BSP/debug/libBSP_efm32_debug.a(BSP_LED.o)
 .text.GPIO_PinOutToggle
                0x000139c8       0x4c ./../Platform/BSP/debug/libBSP_efm32_debug.a(BSP_LED.o)
 .text.BSP_LED_Connect
                0x00013a14       0x48 ./../Platform/BSP/debug/libBSP_efm32_debug.a(BSP_LED.o)
                0x00013a14                BSP_LED_Connect
 .text.BSP_LED_EnableAll
                0x00013a5c       0x3c ./../Platform/BSP/debug/libBSP_efm32_debug.a(BSP_LED.o)
                0x00013a5c                BSP_LED_EnableAll
 .text.BSP_LED_Switch
                0x00013a98      0x15c ./../Platform/BSP/debug/libBSP_efm32_debug.a(BSP_LED.o)
                0x00013a98                BSP_LED_Switch
 .text.BSP_LED_SwitchAll
                0x00013bf4       0xd0 ./../Platform/BSP/debug/libBSP_efm32_debug.a(BSP_LED.o)
                0x00013bf4                BSP_LED_SwitchAll
 .text.USB_setSerialNumber
                0x00013cc4       0x7c ./../Platform/BSP/debug/libBSP_efm32_debug.a(BSP_USB.o)
 .text.USB_dataReceivedCallback
                0x00013d40       0x98 ./../Platform/BSP/debug/libBSP_efm32_debug.a(BSP_USB.o)
 .text.USB_dataTransferred
                0x00013dd8       0x4c ./../Platform/BSP/debug/libBSP_efm32_debug.a(BSP_USB.o)
 .text.USB_stateChange
                0x00013e24       0x58 ./../Platform/BSP/debug/libBSP_efm32_debug.a(BSP_USB.o)
                0x00013e24                USB_stateChange
 .text.USB_setupCommand
                0x00013e7c      0x108 ./../Platform/BSP/debug/libBSP_efm32_debug.a(BSP_USB.o)
                0x00013e7c                USB_setupCommand
 .text.USB_init
                0x00013f84       0xd0 ./../Platform/BSP/debug/libBSP_efm32_debug.a(BSP_USB.o)
                0x00013f84                USB_init
 .text.USB_receiveByte
                0x00014054       0xa0 ./../Platform/BSP/debug/libBSP_efm32_debug.a(BSP_USB.o)
                0x00014054                USB_receiveByte
 .text.RETARGET_WriteChar
                0x000140f4       0x2c ./../Platform/BSP/debug/libBSP_efm32_debug.a(BSP_USB.o)
                0x000140f4                RETARGET_WriteChar
 .text.USB_transmitData
                0x00014120       0xc4 ./../Platform/BSP/debug/libBSP_efm32_debug.a(BSP_USB.o)
                0x00014120                USB_transmitData
 .text.RETARGET_ReadChar
                0x000141e4       0x24 ./../Platform/BSP/debug/libBSP_efm32_debug.a(BSP_USB.o)
                0x000141e4                RETARGET_ReadChar
 .text.USB_callBackMapping
                0x00014208       0x38 ./../Platform/BSP/debug/libBSP_efm32_debug.a(BSP_USB.o)
                0x00014208                USB_callBackMapping
 .text.NVIC_SetPriorityGrouping
                0x00014240       0x50 ./../Platform/BSP/debug/libBSP_efm32_debug.a(BSP_Board.o)
 .text.NVIC_EnableIRQ
                0x00014290       0x38 ./../Platform/BSP/debug/libBSP_efm32_debug.a(BSP_Board.o)
 .text.NVIC_DisableIRQ
                0x000142c8       0x3c ./../Platform/BSP/debug/libBSP_efm32_debug.a(BSP_Board.o)
 .text.NVIC_ClearPendingIRQ
                0x00014304       0x3c ./../Platform/BSP/debug/libBSP_efm32_debug.a(BSP_Board.o)
 .text.NVIC_SetPriority
                0x00014340       0x5c ./../Platform/BSP/debug/libBSP_efm32_debug.a(BSP_Board.o)
 .text.SysTick_Config
                0x0001439c       0x64 ./../Platform/BSP/debug/libBSP_efm32_debug.a(BSP_Board.o)
 .text.CHIP_Init
                0x00014400       0x50 ./../Platform/BSP/debug/libBSP_efm32_debug.a(BSP_Board.o)
 .text.GPIO_PinOutClear
                0x00014450       0x4c ./../Platform/BSP/debug/libBSP_efm32_debug.a(BSP_Board.o)
 .text.INT_Disable
                0x0001449c       0x40 ./../Platform/BSP/debug/libBSP_efm32_debug.a(BSP_Board.o)
 .text.INT_Enable
                0x000144dc       0x54 ./../Platform/BSP/debug/libBSP_efm32_debug.a(BSP_Board.o)
 .text.BSP_Board_OSTickInitialize
                0x00014530       0x2c ./../Platform/BSP/debug/libBSP_efm32_debug.a(BSP_Board.o)
                0x00014530                BSP_Board_OSTickInitialize
 .text.BSP_Board_Initialize
                0x0001455c      0x150 ./../Platform/BSP/debug/libBSP_efm32_debug.a(BSP_Board.o)
                0x0001455c                BSP_Board_Initialize
 .text.BSP_Board_Delay
                0x000146ac       0x30 ./../Platform/BSP/debug/libBSP_efm32_debug.a(BSP_Board.o)
                0x000146ac                BSP_Board_Delay
 .text.BSP_Board_SetOStoBSPDelayFunc
                0x000146dc       0x20 ./../Platform/BSP/debug/libBSP_efm32_debug.a(BSP_Board.o)
                0x000146dc                BSP_Board_SetOStoBSPDelayFunc
 .text.Board_GPIOInterruptInit
                0x000146fc       0x30 ./../Platform/BSP/debug/libBSP_efm32_debug.a(BSP_Board.o)
                0x000146fc                Board_GPIOInterruptInit
 .text.Board_GPIOInterruptGetCallback
                0x0001472c       0x24 ./../Platform/BSP/debug/libBSP_efm32_debug.a(BSP_Board.o)
                0x0001472c                Board_GPIOInterruptGetCallback
 .text.Board_GPIOInterruptRegisterCallback
                0x00014750       0x38 ./../Platform/BSP/debug/libBSP_efm32_debug.a(BSP_Board.o)
                0x00014750                Board_GPIOInterruptRegisterCallback
 .text.Board_GPIOInterruptDispatch
                0x00014788       0x64 ./../Platform/BSP/debug/libBSP_efm32_debug.a(BSP_Board.o)
                0x00014788                Board_GPIOInterruptDispatch
 .text.Board_UART0_UART_Init
                0x000147ec       0xcc ./../Platform/BSP/debug/libBSP_efm32_debug.a(BSP_Board.o)
                0x000147ec                Board_UART0_UART_Init
 .text.Board_UART1_UART_Init
                0x000148b8       0xcc ./../Platform/BSP/debug/libBSP_efm32_debug.a(BSP_Board.o)
                0x000148b8                Board_UART1_UART_Init
 .text.Board_USART0_SPI_Init
                0x00014984       0xa8 ./../Platform/BSP/debug/libBSP_efm32_debug.a(BSP_Board.o)
                0x00014984                Board_USART0_SPI_Init
 .text.Board_USART1_SPI_Init
                0x00014a2c       0x8c ./../Platform/BSP/debug/libBSP_efm32_debug.a(BSP_Board.o)
                0x00014a2c                Board_USART1_SPI_Init
 .text.Board_GPIO_Init
                0x00014ab8       0x6c ./../Platform/BSP/debug/libBSP_efm32_debug.a(BSP_Board.o)
                0x00014ab8                Board_GPIO_Init
 .text.Board_WakeupPowerSupply2V5
                0x00014b24       0x50 ./../Platform/BSP/debug/libBSP_efm32_debug.a(BSP_Board.o)
                0x00014b24                Board_WakeupPowerSupply2V5
 .text.PowerSupply2V5UpdateRegister
                0x00014b74      0x268 ./../Platform/BSP/debug/libBSP_efm32_debug.a(BSP_Board.o)
                0x00014b74                PowerSupply2V5UpdateRegister
 .text.Board_ADC_Init
                0x00014ddc       0x78 ./../Platform/BSP/debug/libBSP_efm32_debug.a(BSP_Board.o)
                0x00014ddc                Board_ADC_Init
 .text.Board_I2C0_Init
                0x00014e54       0x54 ./../Platform/BSP/debug/libBSP_efm32_debug.a(BSP_Board.o)
                0x00014e54                Board_I2C0_Init
 .text.Board_I2C1_Init
                0x00014ea8       0x54 ./../Platform/BSP/debug/libBSP_efm32_debug.a(BSP_Board.o)
                0x00014ea8                Board_I2C1_Init
 .text.Board_USB_Init
                0x00014efc       0x70 ./../Platform/BSP/debug/libBSP_efm32_debug.a(BSP_Board.o)
                0x00014efc                Board_USB_Init
 .text.Board_IncTick
                0x00014f6c       0x24 ./../Platform/BSP/debug/libBSP_efm32_debug.a(BSP_Board.o)
                0x00014f6c                Board_IncTick
 .text.Board_GetTick
                0x00014f90       0x18 ./../Platform/BSP/debug/libBSP_efm32_debug.a(BSP_Board.o)
                0x00014f90                Board_GetTick
 .text.Board_Delay
                0x00014fa8       0x30 ./../Platform/BSP/debug/libBSP_efm32_debug.a(BSP_Board.o)
                0x00014fa8                Board_Delay
 .text.Board_RTC_Init
                0x00014fd8       0xa0 ./../Platform/BSP/debug/libBSP_efm32_debug.a(BSP_Board.o)
                0x00014fd8                Board_RTC_Init
 .text.Board_BURTC_Init
                0x00015078       0x28 ./../Platform/BSP/debug/libBSP_efm32_debug.a(BSP_Board.o)
                0x00015078                Board_BURTC_Init
 .text.BSP_Board_EnableSysTick
                0x000150a0       0x38 ./../Platform/BSP/debug/libBSP_efm32_debug.a(BSP_Board.o)
                0x000150a0                BSP_Board_EnableSysTick
 .text.NVIC_EnableIRQ
                0x000150d8       0x38 ./../Platform/BSP/debug/libBSP_efm32_debug.a(BSP_DMA.o)
 .text.NVIC_ClearPendingIRQ
                0x00015110       0x3c ./../Platform/BSP/debug/libBSP_efm32_debug.a(BSP_DMA.o)
 .text.NVIC_SetPriority
                0x0001514c       0x5c ./../Platform/BSP/debug/libBSP_efm32_debug.a(BSP_DMA.o)
 .text.BSP_DMA_Initialize
                0x000151a8       0x88 ./../Platform/BSP/debug/libBSP_efm32_debug.a(BSP_DMA.o)
                0x000151a8                BSP_DMA_Initialize
 .text.BSP_DMA_Enable
                0x00015230       0x54 ./../Platform/BSP/debug/libBSP_efm32_debug.a(BSP_DMA.o)
                0x00015230                BSP_DMA_Enable
 .text.GPIO_IntClear
                0x00015284       0x20 ./../Platform/BSP/debug/libBSP_efm32_debug.a(BSP_IrqHandler.o)
 .text.GPIO_IntGetEnabled
                0x000152a4       0x30 ./../Platform/BSP/debug/libBSP_efm32_debug.a(BSP_IrqHandler.o)
 .text.SysTick_Handler
                0x000152d4       0x40 ./../Platform/BSP/debug/libBSP_efm32_debug.a(BSP_IrqHandler.o)
                0x000152d4                SysTick_Handler
 .text.GPIO_EVEN_IRQHandler
                0x00015314       0x28 ./../Platform/BSP/debug/libBSP_efm32_debug.a(BSP_IrqHandler.o)
                0x00015314                GPIO_EVEN_IRQHandler
 .text.GPIO_ODD_IRQHandler
                0x0001533c       0x28 ./../Platform/BSP/debug/libBSP_efm32_debug.a(BSP_IrqHandler.o)
                0x0001533c                GPIO_ODD_IRQHandler
 .text.UART0_TX_IRQHandler
                0x00015364        0xc ./../Platform/BSP/debug/libBSP_efm32_debug.a(BSP_IrqHandler.o)
                0x00015364                UART0_TX_IRQHandler
 .text.UART0_RX_IRQHandler
                0x00015370        0xc ./../Platform/BSP/debug/libBSP_efm32_debug.a(BSP_IrqHandler.o)
                0x00015370                UART0_RX_IRQHandler
 .text.USART0_TX_IRQHandler
                0x0001537c        0xc ./../Platform/BSP/debug/libBSP_efm32_debug.a(BSP_IrqHandler.o)
                0x0001537c                USART0_TX_IRQHandler
 .text.USART0_RX_IRQHandler
                0x00015388        0xc ./../Platform/BSP/debug/libBSP_efm32_debug.a(BSP_IrqHandler.o)
                0x00015388                USART0_RX_IRQHandler
 .text.I2C0_IRQHandler
                0x00015394        0xc ./../Platform/BSP/debug/libBSP_efm32_debug.a(BSP_IrqHandler.o)
                0x00015394                I2C0_IRQHandler
 .text.I2C1_IRQHandler
                0x000153a0        0xc ./../Platform/BSP/debug/libBSP_efm32_debug.a(BSP_IrqHandler.o)
                0x000153a0                I2C1_IRQHandler
 .text.USART2_TX_IRQHandler
                0x000153ac        0xc ./../Platform/BSP/debug/libBSP_efm32_debug.a(BSP_IrqHandler.o)
                0x000153ac                USART2_TX_IRQHandler
 .text.USART2_RX_IRQHandler
                0x000153b8        0xc ./../Platform/BSP/debug/libBSP_efm32_debug.a(BSP_IrqHandler.o)
                0x000153b8                USART2_RX_IRQHandler
 .text.UART1_TX_IRQHandler
                0x000153c4        0xc ./../Platform/BSP/debug/libBSP_efm32_debug.a(BSP_IrqHandler.o)
                0x000153c4                UART1_TX_IRQHandler
 .text.UART1_RX_IRQHandler
                0x000153d0        0xc ./../Platform/BSP/debug/libBSP_efm32_debug.a(BSP_IrqHandler.o)
                0x000153d0                UART1_RX_IRQHandler
 .text.USART1_TX_IRQHandler
                0x000153dc        0xc ./../Platform/BSP/debug/libBSP_efm32_debug.a(BSP_IrqHandler.o)
                0x000153dc                USART1_TX_IRQHandler
 .text.USART1_RX_IRQHandler
                0x000153e8        0xc ./../Platform/BSP/debug/libBSP_efm32_debug.a(BSP_IrqHandler.o)
                0x000153e8                USART1_RX_IRQHandler
 .text.RTC_IRQHandler
                0x000153f4        0xc ./../Platform/BSP/debug/libBSP_efm32_debug.a(BSP_IrqHandler.o)
                0x000153f4                RTC_IRQHandler
 .text.IrqHandler_SysTickDummyHandler
                0x00015400       0x10 ./../Platform/BSP/debug/libBSP_efm32_debug.a(BSP_IrqHandler.o)
                0x00015400                IrqHandler_SysTickDummyHandler
 .text.BSP_ExtensionPort_I2cIsr
                0x00015410       0x5c ./../Platform/BSP/debug/libBSP_efm32_debug.a(BSP_ExtensionPort.o)
                0x00015410                BSP_ExtensionPort_I2cIsr
 .text.BSP_ExtensionPort_SpiRxIsr
                0x0001546c       0x5c ./../Platform/BSP/debug/libBSP_efm32_debug.a(BSP_ExtensionPort.o)
                0x0001546c                BSP_ExtensionPort_SpiRxIsr
 .text.BSP_ExtensionPort_SpiTxIsr
                0x000154c8       0x5c ./../Platform/BSP/debug/libBSP_efm32_debug.a(BSP_ExtensionPort.o)
                0x000154c8                BSP_ExtensionPort_SpiTxIsr
 .text.BSP_ExtensionPort_UARTRxIsr
                0x00015524       0x5c ./../Platform/BSP/debug/libBSP_efm32_debug.a(BSP_ExtensionPort.o)
                0x00015524                BSP_ExtensionPort_UARTRxIsr
 .text.BSP_ExtensionPort_UARTTxIsr
                0x00015580       0x5c ./../Platform/BSP/debug/libBSP_efm32_debug.a(BSP_ExtensionPort.o)
                0x00015580                BSP_ExtensionPort_UARTTxIsr
 .text.WiFi_CC3100MOD_SPIRxISR
                0x000155dc       0x28 ./../Platform/BSP/debug/libBSP_efm32_debug.a(BSP_WiFi_cc3100mod.o)
                0x000155dc                WiFi_CC3100MOD_SPIRxISR
 .text.WiFi_CC3100MOD_SPITxISR
                0x00015604       0x28 ./../Platform/BSP/debug/libBSP_efm32_debug.a(BSP_WiFi_cc3100mod.o)
                0x00015604                WiFi_CC3100MOD_SPITxISR
 .text.BT_EM9301_UART_TxISR
                0x0001562c       0x28 ./../Platform/BSP/debug/libBSP_efm32_debug.a(BSP_BT_EM9301.o)
                0x0001562c                BT_EM9301_UART_TxISR
 .text.BT_EM9301_UART_RxISR
                0x00015654       0x28 ./../Platform/BSP/debug/libBSP_efm32_debug.a(BSP_BT_EM9301.o)
                0x00015654                BT_EM9301_UART_RxISR
 .text.NVIC_EnableIRQ
                0x0001567c       0x38 ./../Platform/BSP/debug/libBSP_efm32_debug.a(BSP_SensorNode.o)
 .text.NVIC_DisableIRQ
                0x000156b4       0x3c ./../Platform/BSP/debug/libBSP_efm32_debug.a(BSP_SensorNode.o)
 .text.NVIC_SetPriority
                0x000156f0       0x5c ./../Platform/BSP/debug/libBSP_efm32_debug.a(BSP_SensorNode.o)
 .text.GPIO_PinInGet
                0x0001574c       0x4c ./../Platform/BSP/debug/libBSP_efm32_debug.a(BSP_SensorNode.o)
 .text.GPIO_PinOutSet
                0x00015798       0x4c ./../Platform/BSP/debug/libBSP_efm32_debug.a(BSP_SensorNode.o)
 .text.BSP_SensorNode_Connect
                0x000157e4      0x190 ./../Platform/BSP/debug/libBSP_efm32_debug.a(BSP_SensorNode.o)
                0x000157e4                BSP_SensorNode_Connect
 .text.BSP_SensorNode_Enable
                0x00015974      0x408 ./../Platform/BSP/debug/libBSP_efm32_debug.a(BSP_SensorNode.o)
                0x00015974                BSP_SensorNode_Enable
 .text.BSP_SensorNode_GetI2CHandle
                0x00015d7c       0x34 ./../Platform/BSP/debug/libBSP_efm32_debug.a(BSP_SensorNode.o)
                0x00015d7c                BSP_SensorNode_GetI2CHandle
 .text.SensorNode_EnableBus
                0x00015db0       0x6c ./../Platform/BSP/debug/libBSP_efm32_debug.a(BSP_SensorNode.o)
 .text.BMA280_INT_InterruptCallback
                0x00015e1c       0x44 ./../Platform/BSP/debug/libBSP_efm32_debug.a(BSP_SensorNode.o)
 .text.BMA280_INT2_InterruptCallback
                0x00015e60       0x44 ./../Platform/BSP/debug/libBSP_efm32_debug.a(BSP_SensorNode.o)
 .text.MAX44009_INTN_InterruptCallback
                0x00015ea4       0x44 ./../Platform/BSP/debug/libBSP_efm32_debug.a(BSP_SensorNode.o)
 .text.SensorNode_I2CISR
                0x00015ee8       0x28 ./../Platform/BSP/debug/libBSP_efm32_debug.a(BSP_SensorNode.o)
                0x00015ee8                SensorNode_I2CISR
 .text.SDCard_SPIRxISR
                0x00015f10       0x28 ./../Platform/BSP/debug/libBSP_efm32_debug.a(BSP_SDCard.o)
                0x00015f10                SDCard_SPIRxISR
 .text.SDCard_SPITxISR
                0x00015f38       0x28 ./../Platform/BSP/debug/libBSP_efm32_debug.a(BSP_SDCard.o)
                0x00015f38                SDCard_SPITxISR
 .text.xTaskGenericCreate
                0x00015f60      0x1d0 ./../Libraries/FreeRTOS/debug/libFreeRTOS_efm32_debug.a(tasks.o)
                0x00015f60                xTaskGenericCreate
 .text.vTaskStartScheduler
                0x00016130       0xa0 ./../Libraries/FreeRTOS/debug/libFreeRTOS_efm32_debug.a(tasks.o)
                0x00016130                vTaskStartScheduler
 .text.vTaskSuspendAll
                0x000161d0       0x24 ./../Libraries/FreeRTOS/debug/libFreeRTOS_efm32_debug.a(tasks.o)
                0x000161d0                vTaskSuspendAll
 .text.xTaskResumeAll
                0x000161f4      0x180 ./../Libraries/FreeRTOS/debug/libFreeRTOS_efm32_debug.a(tasks.o)
                0x000161f4                xTaskResumeAll
 .text.xTaskGetTickCount
                0x00016374       0x20 ./../Libraries/FreeRTOS/debug/libFreeRTOS_efm32_debug.a(tasks.o)
                0x00016374                xTaskGetTickCount
 .text.xTaskIncrementTick
                0x00016394      0x20c ./../Libraries/FreeRTOS/debug/libFreeRTOS_efm32_debug.a(tasks.o)
                0x00016394                xTaskIncrementTick
 .text.vTaskSwitchContext
                0x000165a0      0x150 ./../Libraries/FreeRTOS/debug/libFreeRTOS_efm32_debug.a(tasks.o)
                0x000165a0                vTaskSwitchContext
 .text.vTaskPlaceOnEventList
                0x000166f0       0xc4 ./../Libraries/FreeRTOS/debug/libFreeRTOS_efm32_debug.a(tasks.o)
                0x000166f0                vTaskPlaceOnEventList
 .text.vTaskPlaceOnEventListRestricted
                0x000167b4       0xc4 ./../Libraries/FreeRTOS/debug/libFreeRTOS_efm32_debug.a(tasks.o)
                0x000167b4                vTaskPlaceOnEventListRestricted
 .text.xTaskRemoveFromEventList
                0x00016878       0xe8 ./../Libraries/FreeRTOS/debug/libFreeRTOS_efm32_debug.a(tasks.o)
                0x00016878                xTaskRemoveFromEventList
 .text.vTaskSetTimeOutState
                0x00016960       0x44 ./../Libraries/FreeRTOS/debug/libFreeRTOS_efm32_debug.a(tasks.o)
                0x00016960                vTaskSetTimeOutState
 .text.xTaskCheckForTimeOut
                0x000169a4       0xc4 ./../Libraries/FreeRTOS/debug/libFreeRTOS_efm32_debug.a(tasks.o)
                0x000169a4                xTaskCheckForTimeOut
 .text.vTaskMissedYield
                0x00016a68       0x18 ./../Libraries/FreeRTOS/debug/libFreeRTOS_efm32_debug.a(tasks.o)
                0x00016a68                vTaskMissedYield
 .text.prvIdleTask
                0x00016a80       0x10 ./../Libraries/FreeRTOS/debug/libFreeRTOS_efm32_debug.a(tasks.o)
 .text.prvInitialiseTCBVariables
                0x00016a90       0xbc ./../Libraries/FreeRTOS/debug/libFreeRTOS_efm32_debug.a(tasks.o)
 .text.prvInitialiseTaskLists
                0x00016b4c       0xa4 ./../Libraries/FreeRTOS/debug/libFreeRTOS_efm32_debug.a(tasks.o)
 .text.prvCheckTasksWaitingTermination
                0x00016bf0       0x9c ./../Libraries/FreeRTOS/debug/libFreeRTOS_efm32_debug.a(tasks.o)
 .text.prvAddCurrentTaskToDelayedList
                0x00016c8c       0x8c ./../Libraries/FreeRTOS/debug/libFreeRTOS_efm32_debug.a(tasks.o)
 .text.prvAllocateTCBAndStack
                0x00016d18       0x7c ./../Libraries/FreeRTOS/debug/libFreeRTOS_efm32_debug.a(tasks.o)
 .text.prvDeleteTCB
                0x00016d94       0x20 ./../Libraries/FreeRTOS/debug/libFreeRTOS_efm32_debug.a(tasks.o)
 .text.prvResetNextTaskUnblockTime
                0x00016db4       0x5c ./../Libraries/FreeRTOS/debug/libFreeRTOS_efm32_debug.a(tasks.o)
 .text.xTaskGetSchedulerState
                0x00016e10       0x48 ./../Libraries/FreeRTOS/debug/libFreeRTOS_efm32_debug.a(tasks.o)
                0x00016e10                xTaskGetSchedulerState
 .text.vTaskPriorityInherit
                0x00016e58      0x144 ./../Libraries/FreeRTOS/debug/libFreeRTOS_efm32_debug.a(tasks.o)
                0x00016e58                vTaskPriorityInherit
 .text.xTaskPriorityDisinherit
                0x00016f9c      0x13c ./../Libraries/FreeRTOS/debug/libFreeRTOS_efm32_debug.a(tasks.o)
                0x00016f9c                xTaskPriorityDisinherit
 .text.pvTaskIncrementMutexHeldCount
                0x000170d8       0x38 ./../Libraries/FreeRTOS/debug/libFreeRTOS_efm32_debug.a(tasks.o)
                0x000170d8                pvTaskIncrementMutexHeldCount
 .text.xTimerCreateTimerTask
                0x00017110       0x78 ./../Libraries/FreeRTOS/debug/libFreeRTOS_efm32_debug.a(timers.o)
                0x00017110                xTimerCreateTimerTask
 .text.xTimerCreate
                0x00017188       0x7c ./../Libraries/FreeRTOS/debug/libFreeRTOS_efm32_debug.a(timers.o)
                0x00017188                xTimerCreate
 .text.xTimerGenericCommand
                0x00017204       0xac ./../Libraries/FreeRTOS/debug/libFreeRTOS_efm32_debug.a(timers.o)
                0x00017204                xTimerGenericCommand
 .text.prvProcessExpiredTimer
                0x000172b0       0x88 ./../Libraries/FreeRTOS/debug/libFreeRTOS_efm32_debug.a(timers.o)
 .text.prvTimerTask
                0x00017338       0x24 ./../Libraries/FreeRTOS/debug/libFreeRTOS_efm32_debug.a(timers.o)
 .text.prvProcessTimerOrBlockTask
                0x0001735c       0x78 ./../Libraries/FreeRTOS/debug/libFreeRTOS_efm32_debug.a(timers.o)
 .text.prvGetNextExpireTime
                0x000173d4       0x54 ./../Libraries/FreeRTOS/debug/libFreeRTOS_efm32_debug.a(timers.o)
 .text.prvSampleTimeNow
                0x00017428       0x4c ./../Libraries/FreeRTOS/debug/libFreeRTOS_efm32_debug.a(timers.o)
 .text.prvInsertTimerInActiveList
                0x00017474       0x94 ./../Libraries/FreeRTOS/debug/libFreeRTOS_efm32_debug.a(timers.o)
 .text.prvProcessReceivedCommands
                0x00017508      0x174 ./../Libraries/FreeRTOS/debug/libFreeRTOS_efm32_debug.a(timers.o)
 .text.prvSwitchTimerLists
                0x0001767c       0xf0 ./../Libraries/FreeRTOS/debug/libFreeRTOS_efm32_debug.a(timers.o)
 .text.prvCheckForValidListAndQueue
                0x0001776c       0xb8 ./../Libraries/FreeRTOS/debug/libFreeRTOS_efm32_debug.a(timers.o)
 .text.xTimerPendFunctionCallFromISR
                0x00017824       0x4c ./../Libraries/FreeRTOS/debug/libFreeRTOS_efm32_debug.a(timers.o)
                0x00017824                xTimerPendFunctionCallFromISR
 .text.pvPortMalloc
                0x00017870      0x1e0 ./../Libraries/FreeRTOS/debug/libFreeRTOS_efm32_debug.a(heap_4.o)
                0x00017870                pvPortMalloc
 .text.vPortFree
                0x00017a50       0xcc ./../Libraries/FreeRTOS/debug/libFreeRTOS_efm32_debug.a(heap_4.o)
                0x00017a50                vPortFree
 .text.prvHeapInit
                0x00017b1c       0xfc ./../Libraries/FreeRTOS/debug/libFreeRTOS_efm32_debug.a(heap_4.o)
 .text.prvInsertBlockIntoFreeList
                0x00017c18       0xbc ./../Libraries/FreeRTOS/debug/libFreeRTOS_efm32_debug.a(heap_4.o)
 .text.pxPortInitialiseStack
                0x00017cd4       0x64 ./../Libraries/FreeRTOS/debug/libFreeRTOS_efm32_debug.a(port.o)
                0x00017cd4                pxPortInitialiseStack
 .text.prvTaskExitError
                0x00017d38       0x2c ./../Libraries/FreeRTOS/debug/libFreeRTOS_efm32_debug.a(port.o)
 .text.SVC_Handler
                0x00017d64       0x24 ./../Libraries/FreeRTOS/debug/libFreeRTOS_efm32_debug.a(port.o)
                0x00017d64                SVC_Handler
 .text.prvPortStartFirstTask
                0x00017d88       0x20 ./../Libraries/FreeRTOS/debug/libFreeRTOS_efm32_debug.a(port.o)
 .text.xPortStartScheduler
                0x00017da8      0x10c ./../Libraries/FreeRTOS/debug/libFreeRTOS_efm32_debug.a(port.o)
                0x00017da8                xPortStartScheduler
 .text.vPortYield
                0x00017eb4       0x20 ./../Libraries/FreeRTOS/debug/libFreeRTOS_efm32_debug.a(port.o)
                0x00017eb4                vPortYield
 .text.vPortEnterCritical
                0x00017ed4       0x58 ./../Libraries/FreeRTOS/debug/libFreeRTOS_efm32_debug.a(port.o)
                0x00017ed4                vPortEnterCritical
 .text.vPortExitCritical
                0x00017f2c       0x54 ./../Libraries/FreeRTOS/debug/libFreeRTOS_efm32_debug.a(port.o)
                0x00017f2c                vPortExitCritical
 .text.ulPortSetInterruptMask
                0x00017f80       0x14 ./../Libraries/FreeRTOS/debug/libFreeRTOS_efm32_debug.a(port.o)
                0x00017f80                ulPortSetInterruptMask
 .text.vPortClearInterruptMask
                0x00017f94        0x8 ./../Libraries/FreeRTOS/debug/libFreeRTOS_efm32_debug.a(port.o)
                0x00017f94                vPortClearInterruptMask
 .text.PendSV_Handler
                0x00017f9c       0x44 ./../Libraries/FreeRTOS/debug/libFreeRTOS_efm32_debug.a(port.o)
                0x00017f9c                PendSV_Handler
 .text.xPortSysTickHandler
                0x00017fe0       0x2c ./../Libraries/FreeRTOS/debug/libFreeRTOS_efm32_debug.a(port.o)
                0x00017fe0                xPortSysTickHandler
 .text.vPortSetupTimerInterrupt
                0x0001800c       0x28 ./../Libraries/FreeRTOS/debug/libFreeRTOS_efm32_debug.a(port.o)
                0x0001800c                vPortSetupTimerInterrupt
 .text.vPortValidateInterruptPriority
                0x00018034       0x78 ./../Libraries/FreeRTOS/debug/libFreeRTOS_efm32_debug.a(port.o)
                0x00018034                vPortValidateInterruptPriority
 .text.vListInitialise
                0x000180ac       0x40 ./../Libraries/FreeRTOS/debug/libFreeRTOS_efm32_debug.a(list.o)
                0x000180ac                vListInitialise
 .text.vListInitialiseItem
                0x000180ec       0x1c ./../Libraries/FreeRTOS/debug/libFreeRTOS_efm32_debug.a(list.o)
                0x000180ec                vListInitialiseItem
 .text.vListInsertEnd
                0x00018108       0x48 ./../Libraries/FreeRTOS/debug/libFreeRTOS_efm32_debug.a(list.o)
                0x00018108                vListInsertEnd
 .text.vListInsert
                0x00018150       0x74 ./../Libraries/FreeRTOS/debug/libFreeRTOS_efm32_debug.a(list.o)
                0x00018150                vListInsert
 .text.uxListRemove
                0x000181c4       0x58 ./../Libraries/FreeRTOS/debug/libFreeRTOS_efm32_debug.a(list.o)
                0x000181c4                uxListRemove
 .text.xQueueGenericReset
                0x0001821c       0xc8 ./../Libraries/FreeRTOS/debug/libFreeRTOS_efm32_debug.a(queue.o)
                0x0001821c                xQueueGenericReset
 .text.xQueueGenericCreate
                0x000182e4       0xb8 ./../Libraries/FreeRTOS/debug/libFreeRTOS_efm32_debug.a(queue.o)
                0x000182e4                xQueueGenericCreate
 .text.xQueueCreateMutex
                0x0001839c       0xb8 ./../Libraries/FreeRTOS/debug/libFreeRTOS_efm32_debug.a(queue.o)
                0x0001839c                xQueueCreateMutex
 .text.xQueueGenericSend
                0x00018454      0x1c8 ./../Libraries/FreeRTOS/debug/libFreeRTOS_efm32_debug.a(queue.o)
                0x00018454                xQueueGenericSend
 .text.xQueueGenericSendFromISR
                0x0001861c      0x110 ./../Libraries/FreeRTOS/debug/libFreeRTOS_efm32_debug.a(queue.o)
                0x0001861c                xQueueGenericSendFromISR
 .text.xQueueGiveFromISR
                0x0001872c      0x108 ./../Libraries/FreeRTOS/debug/libFreeRTOS_efm32_debug.a(queue.o)
                0x0001872c                xQueueGiveFromISR
 .text.xQueueGenericReceive
                0x00018834      0x1e0 ./../Libraries/FreeRTOS/debug/libFreeRTOS_efm32_debug.a(queue.o)
                0x00018834                xQueueGenericReceive
 .text.vQueueDelete
                0x00018a14       0x38 ./../Libraries/FreeRTOS/debug/libFreeRTOS_efm32_debug.a(queue.o)
                0x00018a14                vQueueDelete
 .text.prvCopyDataToQueue
                0x00018a4c       0xe8 ./../Libraries/FreeRTOS/debug/libFreeRTOS_efm32_debug.a(queue.o)
 .text.prvCopyDataFromQueue
                0x00018b34       0x50 ./../Libraries/FreeRTOS/debug/libFreeRTOS_efm32_debug.a(queue.o)
 .text.prvUnlockQueue
                0x00018b84       0xc0 ./../Libraries/FreeRTOS/debug/libFreeRTOS_efm32_debug.a(queue.o)
 .text.prvIsQueueEmpty
                0x00018c44       0x34 ./../Libraries/FreeRTOS/debug/libFreeRTOS_efm32_debug.a(queue.o)
 .text.prvIsQueueFull
                0x00018c78       0x38 ./../Libraries/FreeRTOS/debug/libFreeRTOS_efm32_debug.a(queue.o)
 .text.vQueueAddToRegistry
                0x00018cb0       0x64 ./../Libraries/FreeRTOS/debug/libFreeRTOS_efm32_debug.a(queue.o)
                0x00018cb0                vQueueAddToRegistry
 .text.vQueueUnregisterQueue
                0x00018d14       0x54 ./../Libraries/FreeRTOS/debug/libFreeRTOS_efm32_debug.a(queue.o)
                0x00018d14                vQueueUnregisterQueue
 .text.vQueueWaitForMessageRestricted
                0x00018d68       0x64 ./../Libraries/FreeRTOS/debug/libFreeRTOS_efm32_debug.a(queue.o)
                0x00018d68                vQueueWaitForMessageRestricted
 .text.prvNotifyQueueSetContainer
                0x00018dcc       0xa8 ./../Libraries/FreeRTOS/debug/libFreeRTOS_efm32_debug.a(queue.o)
 .text.ADC_Init
                0x00018e74       0x68 ./../Libraries/EMlib/debug/libEMLib_efm32_debug.a(em_adc.o)
                0x00018e74                ADC_Init
 .text.ADC_PrescaleCalc
                0x00018edc       0x78 ./../Libraries/EMlib/debug/libEMLib_efm32_debug.a(em_adc.o)
                0x00018edc                ADC_PrescaleCalc
 .text.ADC_TimebaseCalc
                0x00018f54       0x74 ./../Libraries/EMlib/debug/libEMLib_efm32_debug.a(em_adc.o)
                0x00018f54                ADC_TimebaseCalc
 .text.BITBAND_Peripheral
                0x00018fc8       0x30 ./../Libraries/EMlib/debug/libEMLib_efm32_debug.a(em_cmu.o)
 .text.CMU_MaxFreqHfle
                0x00018ff8       0xb8 ./../Libraries/EMlib/debug/libEMLib_efm32_debug.a(em_cmu.o)
 .text.CMU_FlashWaitStateMax
                0x000190b0       0x68 ./../Libraries/EMlib/debug/libEMLib_efm32_debug.a(em_cmu.o)
 .text.CMU_DivToLog2
                0x00019118       0x38 ./../Libraries/EMlib/debug/libEMLib_efm32_debug.a(em_cmu.o)
 .text.CMU_FlashWaitStateControl
                0x00019150       0xf4 ./../Libraries/EMlib/debug/libEMLib_efm32_debug.a(em_cmu.o)
 .text.CMU_USBCClkGet
                0x00019244       0x50 ./../Libraries/EMlib/debug/libEMLib_efm32_debug.a(em_cmu.o)
 .text.CMU_AUXClkGet
                0x00019294       0x9c ./../Libraries/EMlib/debug/libEMLib_efm32_debug.a(em_cmu.o)
 .text.CMU_DBGClkGet
                0x00019330       0x64 ./../Libraries/EMlib/debug/libEMLib_efm32_debug.a(em_cmu.o)
 .text.CMU_LFClkGet
                0x00019394       0xd4 ./../Libraries/EMlib/debug/libEMLib_efm32_debug.a(em_cmu.o)
 .text.CMU_Sync
                0x00019468       0x3c ./../Libraries/EMlib/debug/libEMLib_efm32_debug.a(em_cmu.o)
 .text.CMU_ClockDivSet
                0x000194a4      0x298 ./../Libraries/EMlib/debug/libEMLib_efm32_debug.a(em_cmu.o)
                0x000194a4                CMU_ClockDivSet
 .text.CMU_ClockEnable
                0x0001973c      0x10c ./../Libraries/EMlib/debug/libEMLib_efm32_debug.a(em_cmu.o)
                0x0001973c                CMU_ClockEnable
 .text.CMU_ClockFreqGet
                0x00019848      0x1e8 ./../Libraries/EMlib/debug/libEMLib_efm32_debug.a(em_cmu.o)
                0x00019848                CMU_ClockFreqGet
 .text.CMU_ClockSelectGet
                0x00019a30      0x1a4 ./../Libraries/EMlib/debug/libEMLib_efm32_debug.a(em_cmu.o)
                0x00019a30                CMU_ClockSelectGet
 .text.CMU_ClockSelectSet
                0x00019bd4      0x38c ./../Libraries/EMlib/debug/libEMLib_efm32_debug.a(em_cmu.o)
                0x00019bd4                CMU_ClockSelectSet
 .text.CMU_OscillatorEnable
                0x00019f60       0xe8 ./../Libraries/EMlib/debug/libEMLib_efm32_debug.a(em_cmu.o)
                0x00019f60                CMU_OscillatorEnable
 .text.MSC_Init
                0x0001a048      0x108 ./../Libraries/EMlib/debug/libEMLib_efm32_debug.a(em_msc.o)
                0x0001a048                MSC_Init
 .text.MSC_Deinit
                0x0001a150       0x30 ./../Libraries/EMlib/debug/libEMLib_efm32_debug.a(em_msc.o)
                0x0001a150                MSC_Deinit
 .text.NVIC_DisableIRQ
                0x0001a180       0x3c ./../Libraries/EMlib/debug/libEMLib_efm32_debug.a(em_dma.o)
 .text.DMA_IRQHandler
                0x0001a1bc      0x110 ./../Libraries/EMlib/debug/libEMLib_efm32_debug.a(em_dma.o)
                0x0001a1bc                DMA_IRQHandler
 .text.DMA_Reset
                0x0001a2cc       0xd4 ./../Libraries/EMlib/debug/libEMLib_efm32_debug.a(em_dma.o)
                0x0001a2cc                DMA_Reset
 .text.EMU_UpdateOscConfig
                0x0001a3a0       0x20 ./../Libraries/EMlib/debug/libEMLib_efm32_debug.a(em_emu.o)
                0x0001a3a0                EMU_UpdateOscConfig
 .text.BITBAND_Peripheral
                0x0001a3c0       0x30 ./../Libraries/EMlib/debug/libEMLib_efm32_debug.a(em_gpio.o)
 .text.GPIO_DriveModeSet
                0x0001a3f0       0x60 ./../Libraries/EMlib/debug/libEMLib_efm32_debug.a(em_gpio.o)
                0x0001a3f0                GPIO_DriveModeSet
 .text.GPIO_IntConfig
                0x0001a450       0xf4 ./../Libraries/EMlib/debug/libEMLib_efm32_debug.a(em_gpio.o)
                0x0001a450                GPIO_IntConfig
 .text.GPIO_PinModeSet
                0x0001a544      0x1b8 ./../Libraries/EMlib/debug/libEMLib_efm32_debug.a(em_gpio.o)
                0x0001a544                GPIO_PinModeSet
 .text.BITBAND_Peripheral
                0x0001a6fc       0x30 ./../Libraries/EMlib/debug/libEMLib_efm32_debug.a(em_i2c.o)
 .text.I2C_BusFreqSet
                0x0001a72c       0x94 ./../Libraries/EMlib/debug/libEMLib_efm32_debug.a(em_i2c.o)
                0x0001a72c                I2C_BusFreqSet
 .text.I2C_Enable
                0x0001a7c0       0x40 ./../Libraries/EMlib/debug/libEMLib_efm32_debug.a(em_i2c.o)
                0x0001a7c0                I2C_Enable
 .text.I2C_Init
                0x0001a800       0x84 ./../Libraries/EMlib/debug/libEMLib_efm32_debug.a(em_i2c.o)
                0x0001a800                I2C_Init
 .text.I2C_Transfer
                0x0001a884      0x4ec ./../Libraries/EMlib/debug/libEMLib_efm32_debug.a(em_i2c.o)
                0x0001a884                I2C_Transfer
 .text.I2C_TransferInit
                0x0001ad70      0x104 ./../Libraries/EMlib/debug/libEMLib_efm32_debug.a(em_i2c.o)
                0x0001ad70                I2C_TransferInit
 .text.USART_BaudrateAsyncSet
                0x0001ae74       0xd0 ./../Libraries/EMlib/debug/libEMLib_efm32_debug.a(em_usart.o)
                0x0001ae74                USART_BaudrateAsyncSet
 .text.USART_BaudrateSyncSet
                0x0001af44       0x7c ./../Libraries/EMlib/debug/libEMLib_efm32_debug.a(em_usart.o)
                0x0001af44                USART_BaudrateSyncSet
 .text.USART_InitAsync
                0x0001afc0       0xbc ./../Libraries/EMlib/debug/libEMLib_efm32_debug.a(em_usart.o)
                0x0001afc0                USART_InitAsync
 .text.USART_Reset
                0x0001b07c       0xd8 ./../Libraries/EMlib/debug/libEMLib_efm32_debug.a(em_usart.o)
                0x0001b07c                USART_Reset
 .text.SYSTEM_ChipRevisionGet
                0x0001b154       0x94 ./../Libraries/EMlib/debug/libEMLib_efm32_debug.a(em_system.o)
                0x0001b154                SYSTEM_ChipRevisionGet
 .text.NVIC_EnableIRQ
                0x0001b1e8       0x38 ./../Libraries/EMlib/debug/libEMLib_efm32_debug.a(em_usbd.o)
 .text.NVIC_ClearPendingIRQ
                0x0001b220       0x3c ./../Libraries/EMlib/debug/libEMLib_efm32_debug.a(em_usbd.o)
 .text.INT_Disable
                0x0001b25c       0x40 ./../Libraries/EMlib/debug/libEMLib_efm32_debug.a(em_usbd.o)
 .text.INT_Enable
                0x0001b29c       0x54 ./../Libraries/EMlib/debug/libEMLib_efm32_debug.a(em_usbd.o)
 .text.USBHAL_DisableGlobalInt
                0x0001b2f0       0x34 ./../Libraries/EMlib/debug/libEMLib_efm32_debug.a(em_usbd.o)
 .text.USBHAL_EnableGlobalInt
                0x0001b324       0x34 ./../Libraries/EMlib/debug/libEMLib_efm32_debug.a(em_usbd.o)
 .text.USBDHAL_EnableUsbResetAndSuspendInt
                0x0001b358       0x38 ./../Libraries/EMlib/debug/libEMLib_efm32_debug.a(em_usbd.o)
 .text.USBDHAL_EpIsStalled
                0x0001b390       0x3c ./../Libraries/EMlib/debug/libEMLib_efm32_debug.a(em_usbd.o)
 .text.USBDHAL_GetStallStatusEp
                0x0001b3cc       0xc0 ./../Libraries/EMlib/debug/libEMLib_efm32_debug.a(em_usbd.o)
 .text.USBDHAL_SetEp0InDmaPtr
                0x0001b48c       0x28 ./../Libraries/EMlib/debug/libEMLib_efm32_debug.a(em_usbd.o)
 .text.USBDHAL_SetEp0OutDmaPtr
                0x0001b4b4       0x28 ./../Libraries/EMlib/debug/libEMLib_efm32_debug.a(em_usbd.o)
 .text.USBDHAL_StartEp0In
                0x0001b4dc       0x5c ./../Libraries/EMlib/debug/libEMLib_efm32_debug.a(em_usbd.o)
 .text.USBDHAL_StartEp0Out
                0x0001b538       0x5c ./../Libraries/EMlib/debug/libEMLib_efm32_debug.a(em_usbd.o)
 .text.USBDHAL_StartEpIn
                0x0001b594       0xc8 ./../Libraries/EMlib/debug/libEMLib_efm32_debug.a(em_usbd.o)
 .text.USBDHAL_StartEpOut
                0x0001b65c       0xd4 ./../Libraries/EMlib/debug/libEMLib_efm32_debug.a(em_usbd.o)
 .text.USBD_ArmEp
                0x0001b730       0x28 ./../Libraries/EMlib/debug/libEMLib_efm32_debug.a(em_usbd.o)
 .text.USBD_ArmEp0
                0x0001b758       0x88 ./../Libraries/EMlib/debug/libEMLib_efm32_debug.a(em_usbd.o)
 .text.USBD_ArmEpN
                0x0001b7e0       0x28 ./../Libraries/EMlib/debug/libEMLib_efm32_debug.a(em_usbd.o)
 .text.USBD_GetEpFromAddr
                0x0001b808       0xa0 ./../Libraries/EMlib/debug/libEMLib_efm32_debug.a(em_usbd.o)
 .text.USBD_Disconnect
                0x0001b8a8       0x14 ./../Libraries/EMlib/debug/libEMLib_efm32_debug.a(em_usbd.o)
                0x0001b8a8                USBD_Disconnect
 .text.USBD_GetUsbState
                0x0001b8bc       0x1c ./../Libraries/EMlib/debug/libEMLib_efm32_debug.a(em_usbd.o)
                0x0001b8bc                USBD_GetUsbState
 .text.USBD_Init
                0x0001b8d8      0x4fc ./../Libraries/EMlib/debug/libEMLib_efm32_debug.a(em_usbd.o)
                0x0001b8d8                USBD_Init
 .text.USBD_Read
                0x0001bdd4      0x108 ./../Libraries/EMlib/debug/libEMLib_efm32_debug.a(em_usbd.o)
                0x0001bdd4                USBD_Read
 .text.USBD_SetUsbState
                0x0001bedc       0x98 ./../Libraries/EMlib/debug/libEMLib_efm32_debug.a(em_usbd.o)
                0x0001bedc                USBD_SetUsbState
 .text.USBD_Write
                0x0001bf74      0x10c ./../Libraries/EMlib/debug/libEMLib_efm32_debug.a(em_usbd.o)
                0x0001bf74                USBD_Write
 .text.NVIC_ClearPendingIRQ
                0x0001c080       0x3c ./../Libraries/EMlib/debug/libEMLib_efm32_debug.a(em_usbhal.o)
 .text.INT_Disable
                0x0001c0bc       0x40 ./../Libraries/EMlib/debug/libEMLib_efm32_debug.a(em_usbhal.o)
 .text.INT_Enable
                0x0001c0fc       0x54 ./../Libraries/EMlib/debug/libEMLib_efm32_debug.a(em_usbhal.o)
 .text.USBHAL_FlushRxFifo
                0x0001c150       0x3c ./../Libraries/EMlib/debug/libEMLib_efm32_debug.a(em_usbhal.o)
 .text.USBHAL_FlushTxFifo
                0x0001c18c       0x4c ./../Libraries/EMlib/debug/libEMLib_efm32_debug.a(em_usbhal.o)
 .text.USBDHAL_DeactivateEp
                0x0001c1d8       0x88 ./../Libraries/EMlib/debug/libEMLib_efm32_debug.a(em_usbhal.o)
 .text.USBDHAL_GetInEpInts
                0x0001c260       0x44 ./../Libraries/EMlib/debug/libEMLib_efm32_debug.a(em_usbhal.o)
 .text.USBDHAL_GetOutEpInts
                0x0001c2a4       0x44 ./../Libraries/EMlib/debug/libEMLib_efm32_debug.a(em_usbhal.o)
 .text.USBDHAL_SetEPDISNAK
                0x0001c2e8       0xac ./../Libraries/EMlib/debug/libEMLib_efm32_debug.a(em_usbhal.o)
 .text.USBD_GetEpFromAddr
                0x0001c394       0xa0 ./../Libraries/EMlib/debug/libEMLib_efm32_debug.a(em_usbhal.o)
 .text.USBHAL_CoreReset
                0x0001c434       0xbc ./../Libraries/EMlib/debug/libEMLib_efm32_debug.a(em_usbhal.o)
                0x0001c434                USBHAL_CoreReset
 .text.USBDHAL_CoreInit
                0x0001c4f0      0x3ec ./../Libraries/EMlib/debug/libEMLib_efm32_debug.a(em_usbhal.o)
                0x0001c4f0                USBDHAL_CoreInit
 .text.USBDHAL_Disconnect
                0x0001c8dc       0x3c ./../Libraries/EMlib/debug/libEMLib_efm32_debug.a(em_usbhal.o)
                0x0001c8dc                USBDHAL_Disconnect
 .text.USBDHAL_AbortAllEps
                0x0001c918      0x53c ./../Libraries/EMlib/debug/libEMLib_efm32_debug.a(em_usbhal.o)
                0x0001c918                USBDHAL_AbortAllEps
 .text.USBDHAL_AbortAllTransfers
                0x0001ce54       0xc8 ./../Libraries/EMlib/debug/libEMLib_efm32_debug.a(em_usbhal.o)
                0x0001ce54                USBDHAL_AbortAllTransfers
 .text.USBDHAL_ReenableEp0Setup
                0x0001cf1c       0x60 ./../Libraries/EMlib/debug/libEMLib_efm32_debug.a(em_usbdep.o)
 .text.USBDHAL_StallEp
                0x0001cf7c       0xcc ./../Libraries/EMlib/debug/libEMLib_efm32_debug.a(em_usbdep.o)
 .text.USBDHAL_StartEp0In
                0x0001d048       0x5c ./../Libraries/EMlib/debug/libEMLib_efm32_debug.a(em_usbdep.o)
 .text.USBDHAL_StartEp0Out
                0x0001d0a4       0x5c ./../Libraries/EMlib/debug/libEMLib_efm32_debug.a(em_usbdep.o)
 .text.USBD_GetEpFromAddr
                0x0001d100       0xa0 ./../Libraries/EMlib/debug/libEMLib_efm32_debug.a(em_usbdep.o)
 .text.USBD_ReArmEp0
                0x0001d1a0       0x64 ./../Libraries/EMlib/debug/libEMLib_efm32_debug.a(em_usbdep.o)
 .text.USBDEP_Ep0Handler
                0x0001d204      0x300 ./../Libraries/EMlib/debug/libEMLib_efm32_debug.a(em_usbdep.o)
                0x0001d204                USBDEP_Ep0Handler
 .text.USBDEP_EpHandler
                0x0001d504       0x60 ./../Libraries/EMlib/debug/libEMLib_efm32_debug.a(em_usbdep.o)
                0x0001d504                USBDEP_EpHandler
 .text.TIMER_CounterGet
                0x0001d564       0x18 ./../Libraries/EMlib/debug/libEMLib_efm32_debug.a(em_usbtimer.o)
 .text.TIMER_TopSet
                0x0001d57c       0x1c ./../Libraries/EMlib/debug/libEMLib_efm32_debug.a(em_usbtimer.o)
 .text.DelayTicks
                0x0001d598       0x4c ./../Libraries/EMlib/debug/libEMLib_efm32_debug.a(em_usbtimer.o)
 .text.USBTIMER_DelayMs
                0x0001d5e4       0x84 ./../Libraries/EMlib/debug/libEMLib_efm32_debug.a(em_usbtimer.o)
                0x0001d5e4                USBTIMER_DelayMs
 .text.USBTIMER_DelayUs
                0x0001d668      0x124 ./../Libraries/EMlib/debug/libEMLib_efm32_debug.a(em_usbtimer.o)
                0x0001d668                USBTIMER_DelayUs
 .text.USBTIMER_Init
                0x0001d78c      0x188 ./../Libraries/EMlib/debug/libEMLib_efm32_debug.a(em_usbtimer.o)
                0x0001d78c                USBTIMER_Init
 .text.GetProdRev
                0x0001d914       0x1c ./../Libraries/EMlib/debug/libEMLib_efm32_debug.a(system_efm32gg.o)
 .text.SystemCoreClockGet
                0x0001d930       0x58 ./../Libraries/EMlib/debug/libEMLib_efm32_debug.a(system_efm32gg.o)
                0x0001d930                SystemCoreClockGet
 .text.SystemHFClockGet
                0x0001d988      0x110 ./../Libraries/EMlib/debug/libEMLib_efm32_debug.a(system_efm32gg.o)
                0x0001d988                SystemHFClockGet
 .text.SystemHFXOClockGet
                0x0001da98       0x18 ./../Libraries/EMlib/debug/libEMLib_efm32_debug.a(system_efm32gg.o)
                0x0001da98                SystemHFXOClockGet
 .text.SystemInit
                0x0001dab0        0xc ./../Libraries/EMlib/debug/libEMLib_efm32_debug.a(system_efm32gg.o)
                0x0001dab0                SystemInit
 .text.SystemLFRCOClockGet
                0x0001dabc       0x10 ./../Libraries/EMlib/debug/libEMLib_efm32_debug.a(system_efm32gg.o)
                0x0001dabc                SystemLFRCOClockGet
 .text.SystemULFRCOClockGet
                0x0001dacc       0x10 ./../Libraries/EMlib/debug/libEMLib_efm32_debug.a(system_efm32gg.o)
                0x0001dacc                SystemULFRCOClockGet
 .text.SystemLFXOClockGet
                0x0001dadc       0x18 ./../Libraries/EMlib/debug/libEMLib_efm32_debug.a(system_efm32gg.o)
                0x0001dadc                SystemLFXOClockGet
 .text.TIMER_Init
                0x0001daf4      0x134 ./../Libraries/EMlib/debug/libEMLib_efm32_debug.a(em_timer.o)
                0x0001daf4                TIMER_Init
 .text.TIMER_InitCC
                0x0001dc28       0xec ./../Libraries/EMlib/debug/libEMLib_efm32_debug.a(em_timer.o)
                0x0001dc28                TIMER_InitCC
 .text.USBDHAL_ActivateEp
                0x0001dd14      0x148 ./../Libraries/EMlib/debug/libEMLib_efm32_debug.a(em_usbdch9.o)
 .text.USBDHAL_DeactivateEp
                0x0001de5c       0x88 ./../Libraries/EMlib/debug/libEMLib_efm32_debug.a(em_usbdch9.o)
 .text.USBDHAL_GetStallStatusEp
                0x0001dee4       0xc0 ./../Libraries/EMlib/debug/libEMLib_efm32_debug.a(em_usbdch9.o)
 .text.USBDHAL_SetAddr
                0x0001dfa4       0x3c ./../Libraries/EMlib/debug/libEMLib_efm32_debug.a(em_usbdch9.o)
 .text.USBDHAL_StallEp
                0x0001dfe0       0xcc ./../Libraries/EMlib/debug/libEMLib_efm32_debug.a(em_usbdch9.o)
 .text.USBDHAL_UnStallEp
                0x0001e0ac       0xe4 ./../Libraries/EMlib/debug/libEMLib_efm32_debug.a(em_usbdch9.o)
 .text.USBD_ActivateAllEps
                0x0001e190       0x54 ./../Libraries/EMlib/debug/libEMLib_efm32_debug.a(em_usbdch9.o)
 .text.USBD_DeactivateAllEps
                0x0001e1e4       0x68 ./../Libraries/EMlib/debug/libEMLib_efm32_debug.a(em_usbdch9.o)
 .text.USBD_GetEpFromAddr
                0x0001e24c       0xa0 ./../Libraries/EMlib/debug/libEMLib_efm32_debug.a(em_usbdch9.o)
 .text.USBDCH9_SetupCmd
                0x0001e2ec       0xec ./../Libraries/EMlib/debug/libEMLib_efm32_debug.a(em_usbdch9.o)
                0x0001e2ec                USBDCH9_SetupCmd
 .text.ClearFeature
                0x0001e3d8       0xcc ./../Libraries/EMlib/debug/libEMLib_efm32_debug.a(em_usbdch9.o)
 .text.GetConfiguration
                0x0001e4a4       0xb8 ./../Libraries/EMlib/debug/libEMLib_efm32_debug.a(em_usbdch9.o)
 .text.GetDescriptor
                0x0001e55c      0x10c ./../Libraries/EMlib/debug/libEMLib_efm32_debug.a(em_usbdch9.o)
 .text.GetInterface
                0x0001e668       0x94 ./../Libraries/EMlib/debug/libEMLib_efm32_debug.a(em_usbdch9.o)
 .text.GetStatus
                0x0001e6fc      0x1b4 ./../Libraries/EMlib/debug/libEMLib_efm32_debug.a(em_usbdch9.o)
 .text.SetAddress
                0x0001e8b0       0xb4 ./../Libraries/EMlib/debug/libEMLib_efm32_debug.a(em_usbdch9.o)
 .text.SetConfiguration
                0x0001e964      0x10c ./../Libraries/EMlib/debug/libEMLib_efm32_debug.a(em_usbdch9.o)
 .text.SetFeature
                0x0001ea70      0x100 ./../Libraries/EMlib/debug/libEMLib_efm32_debug.a(em_usbdch9.o)
 .text.SetInterface
                0x0001eb70       0x68 ./../Libraries/EMlib/debug/libEMLib_efm32_debug.a(em_usbdch9.o)
 .text.bma2x2_init
                0x0001ebd8       0x9c ./../Libraries/BSTLib/debug/libBSTLib_efm32_debug.a(bma2x2.o)
                0x0001ebd8                bma2x2_init
 .text.bma2x2_read_reg
                0x0001ec74       0x60 ./../Libraries/BSTLib/debug/libBSTLib_efm32_debug.a(bma2x2.o)
                0x0001ec74                bma2x2_read_reg
 .text.bma2x2_read_accel_xyz
                0x0001ecd4      0x28c ./../Libraries/BSTLib/debug/libBSTLib_efm32_debug.a(bma2x2.o)
                0x0001ecd4                bma2x2_read_accel_xyz
 .text.bma2x2_set_bw
                0x0001ef60      0x254 ./../Libraries/BSTLib/debug/libBSTLib_efm32_debug.a(bma2x2.o)
                0x0001ef60                bma2x2_set_bw
 .text.bma2x2_set_intr_enable
                0x0001f1b4      0x2e8 ./../Libraries/BSTLib/debug/libBSTLib_efm32_debug.a(bma2x2.o)
                0x0001f1b4                bma2x2_set_intr_enable
 .text.bma2x2_set_intr_slope
                0x0001f49c      0x15c ./../Libraries/BSTLib/debug/libBSTLib_efm32_debug.a(bma2x2.o)
                0x0001f49c                bma2x2_set_intr_slope
 .text.bma2x2_set_new_data
                0x0001f5f8      0x150 ./../Libraries/BSTLib/debug/libBSTLib_efm32_debug.a(bma2x2.o)
                0x0001f5f8                bma2x2_set_new_data
 .text.bma2x2_set_durn
                0x0001f748      0x1cc ./../Libraries/BSTLib/debug/libBSTLib_efm32_debug.a(bma2x2.o)
                0x0001f748                bma2x2_set_durn
 .text.bma2x2_set_thres
                0x0001f914      0x134 ./../Libraries/BSTLib/debug/libBSTLib_efm32_debug.a(bma2x2.o)
                0x0001f914                bma2x2_set_thres
 .text.bmg160_init
                0x0001fa48       0x6c ./../Libraries/BSTLib/debug/libBSTLib_efm32_debug.a(bmg160.o)
                0x0001fa48                bmg160_init
 .text.bmg160_get_data_XYZ
                0x0001fab4       0xd0 ./../Libraries/BSTLib/debug/libBSTLib_efm32_debug.a(bmg160.o)
                0x0001fab4                bmg160_get_data_XYZ
 .text.bmi160_init
                0x0001fb84       0x90 ./../Libraries/BSTLib/debug/libBSTLib_efm32_debug.a(bmi160.o)
                0x0001fb84                bmi160_init
 .text.bmi160_write_reg
                0x0001fc14       0x60 ./../Libraries/BSTLib/debug/libBSTLib_efm32_debug.a(bmi160.o)
                0x0001fc14                bmi160_write_reg
 .text.bmi160_read_gyro_xyz
                0x0001fc74       0xc4 ./../Libraries/BSTLib/debug/libBSTLib_efm32_debug.a(bmi160.o)
                0x0001fc74                bmi160_read_gyro_xyz
 .text.bmi160_read_accel_xyz
                0x0001fd38       0xc4 ./../Libraries/BSTLib/debug/libBSTLib_efm32_debug.a(bmi160.o)
                0x0001fd38                bmi160_read_accel_xyz
 .text.bmi160_set_command_register
                0x0001fdfc       0x60 ./../Libraries/BSTLib/debug/libBSTLib_efm32_debug.a(bmi160.o)
                0x0001fdfc                bmi160_set_command_register
 .text.bmm050_init
                0x0001fe5c       0xbc ./../Libraries/BSTLib/debug/libBSTLib_efm32_debug.a(bmm050.o)
                0x0001fe5c                bmm050_init
 .text.bmm050_set_presetmode
                0x0001ff18      0x120 ./../Libraries/BSTLib/debug/libBSTLib_efm32_debug.a(bmm050.o)
                0x0001ff18                bmm050_set_presetmode
 .text.bmm050_set_functional_state
                0x00020038      0x28c ./../Libraries/BSTLib/debug/libBSTLib_efm32_debug.a(bmm050.o)
                0x00020038                bmm050_set_functional_state
 .text.bmm050_read_mag_data_XYZ_s32
                0x000202c4      0x158 ./../Libraries/BSTLib/debug/libBSTLib_efm32_debug.a(bmm050.o)
                0x000202c4                bmm050_read_mag_data_XYZ_s32
 .text.bmm050_set_data_rate
                0x0002041c       0xbc ./../Libraries/BSTLib/debug/libBSTLib_efm32_debug.a(bmm050.o)
                0x0002041c                bmm050_set_data_rate
 .text.bmm050_init_trim_registers
                0x000204d8      0x344 ./../Libraries/BSTLib/debug/libBSTLib_efm32_debug.a(bmm050.o)
                0x000204d8                bmm050_init_trim_registers
 .text.bmm050_get_power_mode
                0x0002081c       0x78 ./../Libraries/BSTLib/debug/libBSTLib_efm32_debug.a(bmm050.o)
                0x0002081c                bmm050_get_power_mode
 .text.bmm050_set_power_mode
                0x00020894       0xb8 ./../Libraries/BSTLib/debug/libBSTLib_efm32_debug.a(bmm050.o)
                0x00020894                bmm050_set_power_mode
 .text.bmm050_set_rep_XY
                0x0002094c       0x6c ./../Libraries/BSTLib/debug/libBSTLib_efm32_debug.a(bmm050.o)
                0x0002094c                bmm050_set_rep_XY
 .text.bmm050_set_rep_Z
                0x000209b8       0x6c ./../Libraries/BSTLib/debug/libBSTLib_efm32_debug.a(bmm050.o)
                0x000209b8                bmm050_set_rep_Z
 .text.bmm050_compensate_X
                0x00020a24      0x114 ./../Libraries/BSTLib/debug/libBSTLib_efm32_debug.a(bmm050.o)
                0x00020a24                bmm050_compensate_X
 .text.bmm050_compensate_X_s32
                0x00020b38       0x40 ./../Libraries/BSTLib/debug/libBSTLib_efm32_debug.a(bmm050.o)
                0x00020b38                bmm050_compensate_X_s32
 .text.bmm050_compensate_Y
                0x00020b78      0x114 ./../Libraries/BSTLib/debug/libBSTLib_efm32_debug.a(bmm050.o)
                0x00020b78                bmm050_compensate_Y
 .text.bmm050_compensate_Y_s32
                0x00020c8c       0x40 ./../Libraries/BSTLib/debug/libBSTLib_efm32_debug.a(bmm050.o)
                0x00020c8c                bmm050_compensate_Y_s32
 .text.bmm050_compensate_Z_s32
                0x00020ccc       0xf4 ./../Libraries/BSTLib/debug/libBSTLib_efm32_debug.a(bmm050.o)
                0x00020ccc                bmm050_compensate_Z_s32
 .text.Retcode_Initialize
                0x00020dc0       0x60 ./../Platform/Essentials/release/libEssentials_efm32.a(Retcode.o)
                0x00020dc0                Retcode_Initialize
 .text.Retcode_RaiseError
                0x00020e20       0x24 ./../Platform/Essentials/release/libEssentials_efm32.a(Retcode.o)
                0x00020e20                Retcode_RaiseError
 .text.Retcode_RaiseErrorFromIsr
                0x00020e44       0x24 ./../Platform/Essentials/release/libEssentials_efm32.a(Retcode.o)
                0x00020e44                Retcode_RaiseErrorFromIsr
 .text.RTC_IntClear
                0x00020e68       0x20 ./../Platform/Essentials/release/libEssentials_efm32.a(Timer.o)
 .text.RTC_IntDisable
                0x00020e88       0x30 ./../Platform/Essentials/release/libEssentials_efm32.a(Timer.o)
 .text.RTC_IntGet
                0x00020eb8       0x18 ./../Platform/Essentials/release/libEssentials_efm32.a(Timer.o)
 .text.TIMER_IntClear
                0x00020ed0       0x1c ./../Platform/Essentials/release/libEssentials_efm32.a(Timer.o)
 .text.TIMER_IntDisable
                0x00020eec       0x24 ./../Platform/Essentials/release/libEssentials_efm32.a(Timer.o)
 .text.TIMER_IntGet
                0x00020f10       0x18 ./../Platform/Essentials/release/libEssentials_efm32.a(Timer.o)
 .text.LETIMER_IntClear
                0x00020f28       0x1c ./../Platform/Essentials/release/libEssentials_efm32.a(Timer.o)
 .text.LETIMER_IntDisable
                0x00020f44       0x24 ./../Platform/Essentials/release/libEssentials_efm32.a(Timer.o)
 .text.LETIMER_IntGet
                0x00020f68       0x18 ./../Platform/Essentials/release/libEssentials_efm32.a(Timer.o)
 .text.MCU_Timer_Initialize
                0x00020f80       0xe4 ./../Platform/Essentials/release/libEssentials_efm32.a(Timer.o)
                0x00020f80                MCU_Timer_Initialize
 .text.MCU_Timer_Callback
                0x00021064       0x5c ./../Platform/Essentials/release/libEssentials_efm32.a(Timer.o)
                0x00021064                MCU_Timer_Callback
 .text.ValidateTimerHandle
                0x000210c0       0x40 ./../Platform/Essentials/release/libEssentials_efm32.a(Timer.o)
 .text.getTimerEvent
                0x00021100       0xc8 ./../Platform/Essentials/release/libEssentials_efm32.a(Timer.o)
 .text.extractFlags_RTC
                0x000211c8       0x9c ./../Platform/Essentials/release/libEssentials_efm32.a(Timer.o)
 .text.extractFlags_LETIMER
                0x00021264       0x9c ./../Platform/Essentials/release/libEssentials_efm32.a(Timer.o)
 .text.extractFlags_TIMER
                0x00021300       0xd0 ./../Platform/Essentials/release/libEssentials_efm32.a(Timer.o)
 .text.MCU_Timer_GetRtcHandle
                0x000213d0       0x14 ./../Platform/Essentials/release/libEssentials_efm32.a(Timer.o)
                0x000213d0                MCU_Timer_GetRtcHandle
 .text.MCU_Timer_HandleRtcIrq
                0x000213e4       0x14 ./../Platform/Essentials/release/libEssentials_efm32.a(Timer.o)
                0x000213e4                MCU_Timer_HandleRtcIrq
 .text.CmdProcessor_Initialize
                0x000213f8       0xe0 ./../Platform/Utils/release/libUtils_efm32.a(CmdProcessor.o)
                0x000213f8                CmdProcessor_Initialize
 .text.CmdProcessor_Enqueue
                0x000214d8       0x74 ./../Platform/Utils/release/libUtils_efm32.a(CmdProcessor.o)
                0x000214d8                CmdProcessor_Enqueue
 .text.Run      0x0002154c       0x14 ./../Platform/Utils/release/libUtils_efm32.a(CmdProcessor.o)
 .text.Dequeue  0x00021560       0x80 ./../Platform/Utils/release/libUtils_efm32.a(CmdProcessor.o)
 .text.NVM_Initialize
                0x000215e0       0x4c ./../Platform/Drivers/release/libDrivers_efm32.a(BCDS_NVM.o)
                0x000215e0                NVM_Initialize
 .text.objectConsistencyCheck
                0x0002162c       0x58 ./../Platform/Drivers/release/libDrivers_efm32.a(BCDS_NVM.o)
 .text.NVM_Read
                0x00021684       0x7c ./../Platform/Drivers/release/libDrivers_efm32.a(BCDS_NVM.o)
                0x00021684                NVM_Read
 .text.itemConsistencyCheck
                0x00021700       0x50 ./../Platform/Drivers/release/libDrivers_efm32.a(BCDS_NVM.o)
 .text.NVM_Write
                0x00021750       0x94 ./../Platform/Drivers/release/libDrivers_efm32.a(BCDS_NVM.o)
                0x00021750                NVM_Write
 .text.NVM_Flush
                0x000217e4       0x9c ./../Platform/Drivers/release/libDrivers_efm32.a(BCDS_NVM.o)
                0x000217e4                NVM_Flush
 .text.sectionUpdateRequired
                0x00021880       0x8c ./../Platform/Drivers/release/libDrivers_efm32.a(BCDS_NVM.o)
 .text.NVM_ReadUInt8
                0x0002190c       0x40 ./../Platform/Drivers/release/libDrivers_efm32.a(BCDS_NVM.o)
                0x0002190c                NVM_ReadUInt8
 .text.NVM_WriteUInt8
                0x0002194c       0x40 ./../Platform/Drivers/release/libDrivers_efm32.a(BCDS_NVM.o)
                0x0002194c                NVM_WriteUInt8
 .text.isLittleEndianPlatform
                0x0002198c       0x30 ./../Platform/Drivers/release/libDrivers_efm32.a(BCDS_NVM.o)
 .text.NVM_IsEndiannessDifferent
                0x000219bc       0x54 ./../Platform/Drivers/release/libDrivers_efm32.a(BCDS_NVM.o)
 .text.NVM_SwapBytes
                0x00021a10       0xc4 ./../Platform/Drivers/release/libDrivers_efm32.a(BCDS_NVM.o)
 .text.BlePeripheral_SetMacAddress
                0x00021ad4       0x40 ./../Platform/BLE/release/libBLE_efm32.a(BlePeripheral.o)
                0x00021ad4                BlePeripheral_SetMacAddress
 .text.Retcode_GetSeverity
                0x00021b14       0x24 ./../Platform/SensorUtils/debug/libSensorUtils_efm32_debug.a(Bma280Utils.o)
 .text.libErrorMapping
                0x00021b38       0x50 ./../Platform/SensorUtils/debug/libSensorUtils_efm32_debug.a(Bma280Utils.o)
 .text.configureNewDataInterrupt
                0x00021b88       0x58 ./../Platform/SensorUtils/debug/libSensorUtils_efm32_debug.a(Bma280Utils.o)
 .text.configureSlopeInterrupt
                0x00021be0      0x124 ./../Platform/SensorUtils/debug/libSensorUtils_efm32_debug.a(Bma280Utils.o)
 .text.Bma280Utils_DelayMS
                0x00021d04       0x18 ./../Platform/SensorUtils/debug/libSensorUtils_efm32_debug.a(Bma280Utils.o)
 .text.Bma280Utils_initialize
                0x00021d1c      0x10c ./../Platform/SensorUtils/debug/libSensorUtils_efm32_debug.a(Bma280Utils.o)
                0x00021d1c                Bma280Utils_initialize
 .text.Bma280Utils_remapAxis
                0x00021e28       0x78 ./../Platform/SensorUtils/debug/libSensorUtils_efm32_debug.a(Bma280Utils.o)
                0x00021e28                Bma280Utils_remapAxis
 .text.Bma280Utils_configInterrupt
                0x00021ea0       0x98 ./../Platform/SensorUtils/debug/libSensorUtils_efm32_debug.a(Bma280Utils.o)
                0x00021ea0                Bma280Utils_configInterrupt
 .text.libErrorMapping
                0x00021f38       0x50 ./../Platform/SensorUtils/debug/libSensorUtils_efm32_debug.a(Bmg160Utils.o)
 .text.Bmg160_DelayMS
                0x00021f88       0x18 ./../Platform/SensorUtils/debug/libSensorUtils_efm32_debug.a(Bmg160Utils.o)
 .text.Bmg160Utils_initialize
                0x00021fa0       0xec ./../Platform/SensorUtils/debug/libSensorUtils_efm32_debug.a(Bmg160Utils.o)
                0x00021fa0                Bmg160Utils_initialize
 .text.Bmg160Utils_remapAxis
                0x0002208c       0x94 ./../Platform/SensorUtils/debug/libSensorUtils_efm32_debug.a(Bmg160Utils.o)
                0x0002208c                Bmg160Utils_remapAxis
 .text.Retcode_GetSeverity
                0x00022120       0x24 ./../Platform/SensorUtils/debug/libSensorUtils_efm32_debug.a(Bmi160Utils.o)
 .text.libErrorMapping
                0x00022144       0x50 ./../Platform/SensorUtils/debug/libSensorUtils_efm32_debug.a(Bmi160Utils.o)
 .text.Bmi160_DelayMS
                0x00022194       0x18 ./../Platform/SensorUtils/debug/libSensorUtils_efm32_debug.a(Bmi160Utils.o)
 .text.Bmi160Utils_initialize
                0x000221ac      0x144 ./../Platform/SensorUtils/debug/libSensorUtils_efm32_debug.a(Bmi160Utils.o)
                0x000221ac                Bmi160Utils_initialize
 .text.Bmi160Utils_remapAxis
                0x000222f0       0x78 ./../Platform/SensorUtils/debug/libSensorUtils_efm32_debug.a(Bmi160Utils.o)
                0x000222f0                Bmi160Utils_remapAxis
 .text.Retcode_GetSeverity
                0x00022368       0x24 ./../Platform/SensorUtils/debug/libSensorUtils_efm32_debug.a(Bmm150Utils.o)
 .text.libErrorMapping
                0x0002238c       0x50 ./../Platform/SensorUtils/debug/libSensorUtils_efm32_debug.a(Bmm150Utils.o)
 .text.Bmm150_DelayMS
                0x000223dc       0x18 ./../Platform/SensorUtils/debug/libSensorUtils_efm32_debug.a(Bmm150Utils.o)
 .text.Bmm150Utils_initialize
                0x000223f4      0x10c ./../Platform/SensorUtils/debug/libSensorUtils_efm32_debug.a(Bmm150Utils.o)
                0x000223f4                Bmm150Utils_initialize
 .text.Bmm150Utils_remapAxis
                0x00022500       0x78 ./../Platform/SensorUtils/debug/libSensorUtils_efm32_debug.a(Bmm150Utils.o)
                0x00022500                Bmm150Utils_remapAxis
 .text.AxisRemap_remapSensorData
                0x00022578      0x180 ./../Platform/SensorUtils/debug/libSensorUtils_efm32_debug.a(AxisRemap.o)
                0x00022578                AxisRemap_remapSensorData
 .text.I2cInterruptCallback
                0x000226f8       0x20 ./../Platform/SensorUtils/debug/libSensorUtils_efm32_debug.a(SensorNodeMapping.o)
 .text.SensorNodeMapping_Init
                0x00022718       0x78 ./../Platform/SensorUtils/debug/libSensorUtils_efm32_debug.a(SensorNodeMapping.o)
                0x00022718                SensorNodeMapping_Init
 .text.SensorNodeMapping_Write
                0x00022790       0x58 ./../Platform/SensorUtils/debug/libSensorUtils_efm32_debug.a(SensorNodeMapping.o)
                0x00022790                SensorNodeMapping_Write
 .text.SensorNodeMapping_Read
                0x000227e8       0x58 ./../Platform/SensorUtils/debug/libSensorUtils_efm32_debug.a(SensorNodeMapping.o)