Archive member included because of file (symbol)

./../Platform/Sensors/debug/libSensors_efm32_debug.a(Accelerometer.o)
                              C:/Users/yipai.du/Documents/Intelligent-Glove/xdkProj/MqttApp/debug/objects/SensorEnvironment.o (Accelerometer_init)
./../Platform/Sensors/debug/libSensors_efm32_debug.a(Environmental.o)
                              C:/Users/yipai.du/Documents/Intelligent-Glove/xdkProj/MqttApp/debug/objects/SensorEnvironment.o (Environmental_init)
./../Platform/Sensors/debug/libSensors_efm32_debug.a(EnvironmentalUtils.o)
                              ./../Platform/Sensors/debug/libSensors_efm32_debug.a(Environmental.o) (SetAmbientTemperatureOffset)
./../Platform/Sensors/debug/libSensors_efm32_debug.a(Gyroscope.o)
                              C:/Users/yipai.du/Documents/Intelligent-Glove/xdkProj/MqttApp/debug/objects/SensorEnvironment.o (Gyroscope_init)
./../Platform/Sensors/debug/libSensors_efm32_debug.a(Magnetometer.o)
                              C:/Users/yipai.du/Documents/Intelligent-Glove/xdkProj/MqttApp/debug/objects/SensorEnvironment.o (Magnetometer_init)
./../Platform/BSP/debug/libBSP_efm32_debug.a(BSP_LED.o)
                              C:/Users/yipai.du/Documents/Intelligent-Glove/xdkProj/MqttApp/debug/objects/source/SystemStartup.o (BSP_LED_Connect)
./../Platform/BSP/debug/libBSP_efm32_debug.a(BSP_USB.o)
                              C:/Users/yipai.du/Documents/Intelligent-Glove/xdkProj/MqttApp/debug/objects/source/RetargetStdio.o (RETARGET_WriteChar)
./../Platform/BSP/debug/libBSP_efm32_debug.a(BSP_Board.o)
                              C:/Users/yipai.du/Documents/Intelligent-Glove/xdkProj/MqttApp/debug/objects/source/SystemStartup.o (BSP_Board_OSTickInitialize)
./../Platform/BSP/debug/libBSP_efm32_debug.a(BSP_DMA.o)
                              ./../Platform/BSP/debug/libBSP_efm32_debug.a(BSP_Board.o) (BSP_DMA_Initialize)
./../Platform/BSP/debug/libBSP_efm32_debug.a(BSP_IrqHandler.o)
                              ./../Platform/BSP/debug/libBSP_efm32_debug.a(BSP_Board.o) (IrqHandler_SysTickDummyHandler)
./../Platform/BSP/debug/libBSP_efm32_debug.a(BSP_ExtensionPort.o)
                              ./../Platform/BSP/debug/libBSP_efm32_debug.a(BSP_IrqHandler.o) (BSP_ExtensionPort_I2cIsr)
./../Platform/BSP/debug/libBSP_efm32_debug.a(BSP_WiFi_cc3100mod.o)
                              ./../Platform/BSP/debug/libBSP_efm32_debug.a(BSP_IrqHandler.o) (WiFi_CC3100MOD_SPIRxISR)
./../Platform/BSP/debug/libBSP_efm32_debug.a(BSP_BT_EM9301.o)
                              ./../Platform/BSP/debug/libBSP_efm32_debug.a(BSP_IrqHandler.o) (BT_EM9301_UART_TxISR)
./../Platform/BSP/debug/libBSP_efm32_debug.a(BSP_SensorNode.o)
                              ./../Platform/BSP/debug/libBSP_efm32_debug.a(BSP_IrqHandler.o) (SensorNode_I2CISR)
./../Platform/BSP/debug/libBSP_efm32_debug.a(BSP_SDCard.o)
                              ./../Platform/BSP/debug/libBSP_efm32_debug.a(BSP_IrqHandler.o) (SDCard_SPIRxISR)
./../Libraries/FreeRTOS/debug/libFreeRTOS_efm32_debug.a(queue.o)
                              C:/Users/yipai.du/Documents/Intelligent-Glove/xdkProj/MqttApp/debug/objects/ConnectivityMQTTMessaging.o (xQueueGenericCreate)
./../Libraries/FreeRTOS/debug/libFreeRTOS_efm32_debug.a(tasks.o)
                              ./../Libraries/FreeRTOS/debug/libFreeRTOS_efm32_debug.a(queue.o) (vTaskSuspendAll)
./../Libraries/FreeRTOS/debug/libFreeRTOS_efm32_debug.a(timers.o)
                              ./../Libraries/FreeRTOS/debug/libFreeRTOS_efm32_debug.a(tasks.o) (xTimerCreateTimerTask)
./../Libraries/FreeRTOS/debug/libFreeRTOS_efm32_debug.a(heap_4.o)
                              ./../Libraries/FreeRTOS/debug/libFreeRTOS_efm32_debug.a(queue.o) (pvPortMalloc)
./../Libraries/FreeRTOS/debug/libFreeRTOS_efm32_debug.a(port.o)
                              ./../Libraries/FreeRTOS/debug/libFreeRTOS_efm32_debug.a(tasks.o) (pxPortInitialiseStack)
./../Libraries/FreeRTOS/debug/libFreeRTOS_efm32_debug.a(list.o)
                              ./../Libraries/FreeRTOS/debug/libFreeRTOS_efm32_debug.a(queue.o) (vListInitialise)
./../Libraries/EMlib/debug/libEMLib_efm32_debug.a(em_adc.o)
                              ./../Platform/BSP/debug/libBSP_efm32_debug.a(BSP_Board.o) (ADC_Init)
./../Libraries/EMlib/debug/libEMLib_efm32_debug.a(em_cmu.o)
                              ./../Platform/BSP/debug/libBSP_efm32_debug.a(BSP_Board.o) (CMU_ClockDivSet)
./../Libraries/EMlib/debug/libEMLib_efm32_debug.a(em_msc.o)
                              ./../Platform/BSP/debug/libBSP_efm32_debug.a(BSP_Board.o) (MSC_Init)
./../Libraries/EMlib/debug/libEMLib_efm32_debug.a(em_dma.o)
                              ./../Platform/BSP/debug/libBSP_efm32_debug.a(BSP_DMA.o) (DMA_Reset)
./../Libraries/EMlib/debug/libEMLib_efm32_debug.a(em_emu.o)
                              ./../Libraries/EMlib/debug/libEMLib_efm32_debug.a(em_cmu.o) (EMU_UpdateOscConfig)
./../Libraries/EMlib/debug/libEMLib_efm32_debug.a(em_gpio.o)
[...]
Memory Configuration

Name             Origin             Length             Attributes
FLASH            0x00010000         0x000f0000         xr
RAM              0x20000000         0x00020000         xrw
*default*        0x00000000         0xffffffff

Linker script and memory map

LOAD c:/xdk-workbench/xdk/armgcc/bin/../lib/gcc/arm-none-eabi/4.7.4/armv7-m/crti.o
LOAD c:/xdk-workbench/xdk/armgcc/bin/../lib/gcc/arm-none-eabi/4.7.4/armv7-m/crtbegin.o
LOAD c:/xdk-workbench/xdk/armgcc/bin/../lib/gcc/arm-none-eabi/4.7.4/../../../../arm-none-eabi/lib/armv7-m/crt0.o
LOAD C:/Users/yipai.du/Documents/Intelligent-Glove/xdkProj/MqttApp/debug/objects/source/Assert.o
LOAD C:/Users/yipai.du/Documents/Intelligent-Glove/xdkProj/MqttApp/debug/objects/source/RetargetStdio.o
LOAD C:/Users/yipai.du/Documents/Intelligent-Glove/xdkProj/MqttApp/debug/objects/source/BleDeviceInfoService.o
LOAD C:/Users/yipai.du/Documents/Intelligent-Glove/xdkProj/MqttApp/debug/objects/source/cJSON.o
LOAD C:/Users/yipai.du/Documents/Intelligent-Glove/xdkProj/MqttApp/debug/objects/source/UsbResetUtility.o
LOAD C:/Users/yipai.du/Documents/Intelligent-Glove/xdkProj/MqttApp/debug/objects/source/SensorHandle.o
LOAD C:/Users/yipai.du/Documents/Intelligent-Glove/xdkProj/MqttApp/debug/objects/source/SystemStartup.o
LOAD C:/Users/yipai.du/Documents/Intelligent-Glove/xdkProj/MqttApp/debug/objects/source/XdkVersion.o
LOAD C:/Users/yipai.du/Documents/Intelligent-Glove/xdkProj/MqttApp/debug/objects/legacy/source/ServalPAL_WiFi.o
LOAD C:/Users/yipai.du/Documents/Intelligent-Glove/xdkProj/MqttApp/debug/objects/./../Libraries/EMlib/3rd-party/EMLib/usb/src/em_usbdint.o
LOAD C:/Users/yipai.du/Documents/Intelligent-Glove/xdkProj/MqttApp/debug/objects/Main.o
LOAD C:/Users/yipai.du/Documents/Intelligent-Glove/xdkProj/MqttApp/debug/objects/MqttApp.o
LOAD C:/Users/yipai.du/Documents/Intelligent-Glove/xdkProj/MqttApp/debug/objects/SensorEnvironment.o
LOAD C:/Users/yipai.du/Documents/Intelligent-Glove/xdkProj/MqttApp/debug/objects/ConnectivityMQTTMessaging.o
LOAD C:/Users/yipai.du/Documents/Intelligent-Glove/xdkProj/MqttApp/debug/objects/ConnectivityWLANWireless.o
LOAD C:/Users/yipai.du/Documents/Intelligent-Glove/xdkProj/MqttApp/debug/objects/XdkTime.o
LOAD C:/Users/yipai.du/Documents/Intelligent-Glove/xdkProj/MqttApp/debug/objects/startup_efm32gg.o
START GROUP
LOAD ./../Platform/SensorUtils/debug/libSensorUtils_efm32_debug.a
LOAD ./../Platform/Sensors/debug/libSensors_efm32_debug.a
LOAD ./../Platform/BSP/debug/libBSP_efm32_debug.a
LOAD ./../Libraries/FreeRTOS/debug/libFreeRTOS_efm32_debug.a
LOAD ./../Libraries/EMlib/debug/libEMLib_efm32_debug.a
LOAD ./../Libraries/BSTLib/debug/libBSTLib_efm32_debug.a
LOAD ./../Libraries/WiFi/debug/libWiFi_efm32_debug.a
LOAD ./../Libraries/FATfs/debug/libFATfs_efm32_debug.a
LOAD ./../Platform/Essentials/release/libEssentials_efm32.a
LOAD ./../Platform/Utils/release/libUtils_efm32.a
LOAD ./../Platform/Drivers/release/libDrivers_efm32.a
LOAD ./../Platform/FOTA/release/libFOTA_efm32.a
LOAD ./../Platform/Wlan/release/libWlan_efm32.a
LOAD ./../Platform/BLE/release/libBLE_efm32.a
LOAD ./../Platform/SensorToolbox/release/libSensorToolbox_efm32.a
LOAD ./../Libraries/BLEStack/3rd-party/Alpwise/ALPW-BLESDKCM3/BLESW_AlertNotification/Libraries/BLESW_ANP_Server_CM3.a
LOAD ./../Libraries/BLEStack/3rd-party/Alpwise/ALPW-BLESDKCM3/BLESW_AlertNotification/Libraries/BLESW_ANP_Client_CM3.a
LOAD ./../Libraries/BLEStack/3rd-party/Alpwise/ALPW-BLESDKCM3/BLESW_ALPWDataExchange/Libraries/BLESW_ALPWDEP_Server_CM3.a
LOAD ./../Libraries/BLEStack/3rd-party/Alpwise/ALPW-BLESDKCM3/BLESW_ALPWDataExchange/Libraries/BLESW_ALPWDEP_Client_CM3.a
LOAD ./../Libraries/BLEStack/3rd-party/Alpwise/ALPW-BLESDKCM3/BLESW_AppleNotificationCenter/Libraries/BLESW_ANCP_Consumer_CM3.a
LOAD ./../Libraries/BLEStack/3rd-party/Alpwise/ALPW-BLESDKCM3/BLESW_BloodPressure/Libraries/BLESW_BLP_Sensor_CM3.a
LOAD ./../Libraries/BLEStack/3rd-party/Alpwise/ALPW-BLESDKCM3/BLESW_BloodPressure/Libraries/BLESW_BLP_Collector_CM3.a
LOAD ./../Libraries/BLEStack/3rd-party/Alpwise/ALPW-BLESDKCM3/BLESW_CoreStack/Libraries/BLESW_CPS_CM3.a
LOAD ./../Libraries/BLEStack/3rd-party/Alpwise/ALPW-BLESDKCM3/BLESW_CoreStack/Libraries/BLESW_CoreStack_CM3.a
LOAD ./../Libraries/BLEStack/3rd-party/Alpwise/ALPW-BLESDKCM3/BLESW_CoreStack/Libraries/BLESW_CSCS_CM3.a
LOAD ./../Libraries/BLEStack/3rd-party/Alpwise/ALPW-BLESDKCM3/BLESW_CoreStack/Libraries/BLESW_RTUS_CM3.a
LOAD ./../Libraries/BLEStack/3rd-party/Alpwise/ALPW-BLESDKCM3/BLESW_CoreStack/Libraries/BLESW_HRS_CM3.a
LOAD ./../Libraries/BLEStack/3rd-party/Alpwise/ALPW-BLESDKCM3/BLESW_CoreStack/Libraries/BLESW_CTS_CM3.a
LOAD ./../Libraries/BLEStack/3rd-party/Alpwise/ALPW-BLESDKCM3/BLESW_CoreStack/Libraries/BLESW_CoreStack_Monitor_CM3.a
LOAD ./../Libraries/BLEStack/3rd-party/Alpwise/ALPW-BLESDKCM3/BLESW_CoreStack/Libraries/BLESW_UDS_CM3.a
LOAD ./../Libraries/BLEStack/3rd-party/Alpwise/ALPW-BLESDKCM3/BLESW_CoreStack/Libraries/BLESW_NDCS_CM3.a
LOAD ./../Libraries/BLEStack/3rd-party/Alpwise/ALPW-BLESDKCM3/BLESW_CoreStack/Libraries/BLESW_TPS_CM3.a
LOAD ./../Libraries/BLEStack/3rd-party/Alpwise/ALPW-BLESDKCM3/BLESW_CoreStack/Libraries/BLESW_BLS_CM3.a
LOAD ./../Libraries/BLEStack/3rd-party/Alpwise/ALPW-BLESDKCM3/BLESW_CoreStack/Libraries/BLESW_LNS_CM3.a
LOAD ./../Libraries/BLEStack/3rd-party/Alpwise/ALPW-BLESDKCM3/BLESW_CoreStack/Libraries/BLESW_LLS_CM3.a
LOAD ./../Libraries/BLEStack/3rd-party/Alpwise/ALPW-BLESDKCM3/BLESW_CoreStack/Libraries/BLESW_WSS_CM3.a
LOAD ./../Libraries/BLEStack/3rd-party/Alpwise/ALPW-BLESDKCM3/BLESW_CoreStack/Libraries/BLESW_RSCS_CM3.a
LOAD ./../Libraries/BLEStack/3rd-party/Alpwise/ALPW-BLESDKCM3/BLESW_CoreStack/Libraries/BLESW_BAS_CM3.a
LOAD ./../Libraries/BLEStack/3rd-party/Alpwise/ALPW-BLESDKCM3/BLESW_CoreStack/Libraries/BLESW_IAS_CM3.a
LOAD ./../Libraries/BLEStack/3rd-party/Alpwise/ALPW-BLESDKCM3/BLESW_CoreStack/Libraries/BLESW_PASS_CM3.a
LOAD ./../Libraries/BLEStack/3rd-party/Alpwise/ALPW-BLESDKCM3/BLESW_CoreStack/Libraries/BLESW_HTS_CM3.a
LOAD ./../Libraries/BLEStack/3rd-party/Alpwise/ALPW-BLESDKCM3/BLESW_CoreStack/Libraries/BLESW_ALPWDES_CM3.a
LOAD ./../Libraries/BLEStack/3rd-party/Alpwise/ALPW-BLESDKCM3/BLESW_CoreStack/Libraries/BLESW_BCS_CM3.a
LOAD ./../Libraries/BLEStack/3rd-party/Alpwise/ALPW-BLESDKCM3/BLESW_CoreStack/Libraries/BLESW_ANS_CM3.a
LOAD ./../Libraries/BLEStack/3rd-party/Alpwise/ALPW-BLESDKCM3/BLESW_CoreStack/Libraries/BLESW_HIDS_CM3.a
LOAD ./../Libraries/BLEStack/3rd-party/Alpwise/ALPW-BLESDKCM3/BLESW_CoreStack/Libraries/BLESW_GLS_CM3.a
LOAD ./../Libraries/BLEStack/3rd-party/Alpwise/ALPW-BLESDKCM3/BLESW_CoreStack/Libraries/BLESW_NWAS_CM3.a
LOAD ./../Libraries/BLEStack/3rd-party/Alpwise/ALPW-BLESDKCM3/BLESW_CoreStack/Libraries/BLESW_DIS_CM3.a
LOAD ./../Libraries/BLEStack/3rd-party/Alpwise/ALPW-BLESDKCM3/BLESW_CyclingPower/Libraries/BLESW_CPP_Sensor_CM3.a
LOAD ./../Libraries/BLEStack/3rd-party/Alpwise/ALPW-BLESDKCM3/BLESW_CyclingPower/Libraries/BLESW_CPP_Collector_CM3.a
LOAD ./../Libraries/BLEStack/3rd-party/Alpwise/ALPW-BLESDKCM3/BLESW_CyclingSpeedAndCadence/Libraries/BLESW_CSCP_Sensor_CM3.a
LOAD ./../Libraries/BLEStack/3rd-party/Alpwise/ALPW-BLESDKCM3/BLESW_CyclingSpeedAndCadence/Libraries/BLESW_CSCP_Collector_CM3.a
LOAD ./../Libraries/BLEStack/3rd-party/Alpwise/ALPW-BLESDKCM3/BLESW_FindMe/Libraries/BLESW_FMP_Target_CM3.a
LOAD ./../Libraries/BLEStack/3rd-party/Alpwise/ALPW-BLESDKCM3/BLESW_FindMe/Libraries/BLESW_FMP_Locator_CM3.a
LOAD ./../Libraries/BLEStack/3rd-party/Alpwise/ALPW-BLESDKCM3/BLESW_Glucose/Libraries/BLESW_GLP_Sensor_CM3.a
LOAD ./../Libraries/BLEStack/3rd-party/Alpwise/ALPW-BLESDKCM3/BLESW_Glucose/Libraries/BLESW_GLP_Collector_CM3.a
LOAD ./../Libraries/BLEStack/3rd-party/Alpwise/ALPW-BLESDKCM3/BLESW_HealthThermometer/Libraries/BLESW_HTP_Thermometer_CM3.a
LOAD ./../Libraries/BLEStack/3rd-party/Alpwise/ALPW-BLESDKCM3/BLESW_HealthThermometer/Libraries/BLESW_HTP_Collector_CM3.a
LOAD ./../Libraries/BLEStack/3rd-party/Alpwise/ALPW-BLESDKCM3/BLESW_HeartRate/Libraries/BLESW_HRP_Sensor_CM3.a
LOAD ./../Libraries/BLEStack/3rd-party/Alpwise/ALPW-BLESDKCM3/BLESW_HeartRate/Libraries/BLESW_HRP_Collector_CM3.a
LOAD ./../Libraries/BLEStack/3rd-party/Alpwise/ALPW-BLESDKCM3/BLESW_HumanInterfaceDevice/Libraries/BLESW_HID_Device_CM3.a
LOAD ./../Libraries/BLEStack/3rd-party/Alpwise/ALPW-BLESDKCM3/BLESW_HumanInterfaceDevice/Libraries/BLESW_HID_Host_CM3.a
LOAD ./../Libraries/BLEStack/3rd-party/Alpwise/ALPW-BLESDKCM3/BLESW_iBeacon/Libraries/BLESW_IBN_Reporter_CM3.a
LOAD ./../Libraries/BLEStack/3rd-party/Alpwise/ALPW-BLESDKCM3/BLESW_LocationAndNavigation/Libraries/BLESW_LNP_Sensor_CM3.a
LOAD ./../Libraries/BLEStack/3rd-party/Alpwise/ALPW-BLESDKCM3/BLESW_LocationAndNavigation/Libraries/BLESW_LNP_Collector_CM3.a
LOAD ./../Libraries/BLEStack/3rd-party/Alpwise/ALPW-BLESDKCM3/BLESW_NetworkAvailability/Libraries/BLESW_NWAP_Monitor_CM3.a
LOAD ./../Libraries/BLEStack/3rd-party/Alpwise/ALPW-BLESDKCM3/BLESW_NetworkAvailability/Libraries/BLESW_NWAP_Reporter_CM3.a
LOAD ./../Libraries/BLEStack/3rd-party/Alpwise/ALPW-BLESDKCM3/BLESW_PhoneAlertStatus/Libraries/BLESW_PASP_Client_CM3.a
LOAD ./../Libraries/BLEStack/3rd-party/Alpwise/ALPW-BLESDKCM3/BLESW_PhoneAlertStatus/Libraries/BLESW_PASP_Server_CM3.a
LOAD ./../Libraries/BLEStack/3rd-party/Alpwise/ALPW-BLESDKCM3/BLESW_Proximity/Libraries/BLESW_PXP_Reporter_CM3.a
LOAD ./../Libraries/BLEStack/3rd-party/Alpwise/ALPW-BLESDKCM3/BLESW_Proximity/Libraries/BLESW_PXP_Monitor_CM3.a
LOAD ./../Libraries/BLEStack/3rd-party/Alpwise/ALPW-BLESDKCM3/BLESW_RunningSpeedAndCadence/Libraries/BLESW_RSCP_Sensor_CM3.a
LOAD ./../Libraries/BLEStack/3rd-party/Alpwise/ALPW-BLESDKCM3/BLESW_RunningSpeedAndCadence/Libraries/BLESW_RSCP_Collector_CM3.a
LOAD ./../Libraries/BLEStack/3rd-party/Alpwise/ALPW-BLESDKCM3/BLESW_Time/Libraries/BLESW_TIP_Server_CM3.a
LOAD ./../Libraries/BLEStack/3rd-party/Alpwise/ALPW-BLESDKCM3/BLESW_Time/Libraries/BLESW_TIP_Client_CM3.a
LOAD ./../Libraries/EMlib/3rd-party/EMLib/CMSIS/Lib/GCC/libarm_cortexM3l_math.a
LOAD ./../Libraries/BSX/BSX4/Source/algo/algo_bsx/Lib/libalgobsxm3/libalgobsx.a
LOAD ./../Platform/LoRaDrivers/release/libLoRaDrivers_efm32.a
LOAD ./../Platform/ServalPAL/release/libServalPal_efm32.a
LOAD ./../Libraries/Escrypt_CycurTLS/release/libEscrypt_CycurTLS_efm32.a
END GROUP
START GROUP
LOAD c:/xdk-workbench/xdk/armgcc/bin/../lib/gcc/arm-none-eabi/4.7.4/armv7-m\libgcc.a
LOAD c:/xdk-workbench/xdk/armgcc/bin/../lib/gcc/arm-none-eabi/4.7.4/../../../../arm-none-eabi/lib/armv7-m\libc.a
LOAD c:/xdk-workbench/xdk/armgcc/bin/../lib/gcc/arm-none-eabi/4.7.4/../../../../arm-none-eabi/lib/armv7-m\libm.a
END GROUP
START GROUP
LOAD c:/xdk-workbench/xdk/armgcc/bin/../lib/gcc/arm-none-eabi/4.7.4/armv7-m\libgcc.a
LOAD c:/xdk-workbench/xdk/armgcc/bin/../lib/gcc/arm-none-eabi/4.7.4/../../../../arm-none-eabi/lib/armv7-m\libc.a
END GROUP
LOAD c:/xdk-workbench/xdk/armgcc/bin/../lib/gcc/arm-none-eabi/4.7.4/armv7-m/crtend.o
LOAD c:/xdk-workbench/xdk/armgcc/bin/../lib/gcc/arm-none-eabi/4.7.4/armv7-m/crtn.o

.text           0x00010000    0x2f88c
 *(.isr_vector)
 .isr_vector    0x00010000      0x100 C:/Users/yipai.du/Documents/Intelligent-Glove/xdkProj/MqttApp/debug/objects/startup_efm32gg.o
                0x00010000                __isr_vector
 *(.text*)
 .text          0x00010100       0x54 c:/xdk-workbench/xdk/armgcc/bin/../lib/gcc/arm-none-eabi/4.7.4/armv7-m/crtbegin.o
 .text          0x00010154       0x70 c:/xdk-workbench/xdk/armgcc/bin/../lib/gcc/arm-none-eabi/4.7.4/../../../../arm-none-eabi/lib/armv7-m/crt0.o
                0x00010154                _start
                0x00010154                start
                0x00010154                _mainCRTStartup
 .text.Assert_Initialize
                0x000101c4       0x40 C:/Users/yipai.du/Documents/Intelligent-Glove/xdkProj/MqttApp/debug/objects/source/Assert.o
                0x000101c4                Assert_Initialize
 .text.Assert_Dynamic
                0x00010204       0x2c C:/Users/yipai.du/Documents/Intelligent-Glove/xdkProj/MqttApp/debug/objects/source/Assert.o
                0x00010204                Assert_Dynamic
 .text._close   0x00010230       0x18 C:/Users/yipai.du/Documents/Intelligent-Glove/xdkProj/MqttApp/debug/objects/source/RetargetStdio.o
                0x00010230                _close
 .text._exit    0x00010248        0xc C:/Users/yipai.du/Documents/Intelligent-Glove/xdkProj/MqttApp/debug/objects/source/RetargetStdio.o
                0x00010248                _exit
 .text._fstat   0x00010254       0x24 C:/Users/yipai.du/Documents/Intelligent-Glove/xdkProj/MqttApp/debug/objects/source/RetargetStdio.o
                0x00010254                _fstat
 .text._isatty  0x00010278       0x18 C:/Users/yipai.du/Documents/Intelligent-Glove/xdkProj/MqttApp/debug/objects/source/RetargetStdio.o
                0x00010278                _isatty
 .text._lseek   0x00010290       0x1c C:/Users/yipai.du/Documents/Intelligent-Glove/xdkProj/MqttApp/debug/objects/source/RetargetStdio.o
                0x00010290                _lseek
 .text._read    0x000102ac       0x70 C:/Users/yipai.du/Documents/Intelligent-Glove/xdkProj/MqttApp/debug/objects/source/RetargetStdio.o
                0x000102ac                _read
 .text._sbrk    0x0001031c       0xa0 C:/Users/yipai.du/Documents/Intelligent-Glove/xdkProj/MqttApp/debug/objects/source/RetargetStdio.o
                0x0001031c                _sbrk
 .text._write   0x000103bc       0x20 C:/Users/yipai.du/Documents/Intelligent-Glove/xdkProj/MqttApp/debug/objects/source/RetargetStdio.o
                0x000103bc                _write
 .text.NVIC_SystemReset
                0x000103dc       0x30 C:/Users/yipai.du/Documents/Intelligent-Glove/xdkProj/MqttApp/debug/objects/source/UsbResetUtility.o
 .text.UsbResetUtility_SystemReset
                0x0001040c       0x10 C:/Users/yipai.du/Documents/Intelligent-Glove/xdkProj/MqttApp/debug/objects/source/UsbResetUtility.o
 .text.UsbResetUtility_InteruptHandling
                0x0001041c       0x54 C:/Users/yipai.du/Documents/Intelligent-Glove/xdkProj/MqttApp/debug/objects/source/UsbResetUtility.o
 .text.UsbResetUtility_Init
                0x00010470       0x40 C:/Users/yipai.du/Documents/Intelligent-Glove/xdkProj/MqttApp/debug/objects/source/UsbResetUtility.o
                0x00010470                UsbResetUtility_Init
 .text.UsbResetUtility_UsbISRCallback
                0x000104b0      0x138 C:/Users/yipai.du/Documents/Intelligent-Glove/xdkProj/MqttApp/debug/objects/source/UsbResetUtility.o
                0x000104b0                UsbResetUtility_UsbISRCallback
 .text.Retcode_GetPackage
                0x000105e8       0x1c C:/Users/yipai.du/Documents/Intelligent-Glove/xdkProj/MqttApp/debug/objects/source/SystemStartup.o
 .text.Retcode_GetModuleId
                0x00010604       0x1c C:/Users/yipai.du/Documents/Intelligent-Glove/xdkProj/MqttApp/debug/objects/source/SystemStartup.o
 .text.Retcode_GetSeverity
                0x00010620       0x24 C:/Users/yipai.du/Documents/Intelligent-Glove/xdkProj/MqttApp/debug/objects/source/SystemStartup.o
 .text.Retcode_GetCode
                0x00010644       0x20 C:/Users/yipai.du/Documents/Intelligent-Glove/xdkProj/MqttApp/debug/objects/source/SystemStartup.o
 .text.bleGetMacAddress
                0x00010664       0xec C:/Users/yipai.du/Documents/Intelligent-Glove/xdkProj/MqttApp/debug/objects/source/SystemStartup.o
 .text.SysTickPreCallback
                0x00010750       0x14 C:/Users/yipai.du/Documents/Intelligent-Glove/xdkProj/MqttApp/debug/objects/source/SystemStartup.o
 .text.DefaultErrorHandlingFunc
                0x00010764       0xf4 C:/Users/yipai.du/Documents/Intelligent-Glove/xdkProj/MqttApp/debug/objects/source/SystemStartup.o
                0x00010764                DefaultErrorHandlingFunc
 .text.assertIndicationMapping
                0x00010858       0x44 C:/Users/yipai.du/Documents/Intelligent-Glove/xdkProj/MqttApp/debug/objects/source/SystemStartup.o
                0x00010858                assertIndicationMapping
 .text.systemStartup
                0x0001089c      0x154 C:/Users/yipai.du/Documents/Intelligent-Glove/xdkProj/MqttApp/debug/objects/source/SystemStartup.o
                0x0001089c                systemStartup
 .text.vApplicationStackOverflowHook
                0x000109f0       0x5c C:/Users/yipai.du/Documents/Intelligent-Glove/xdkProj/MqttApp/debug/objects/source/SystemStartup.o
                0x000109f0                vApplicationStackOverflowHook
 .text.vApplicationMallocFailedHook
                0x00010a4c       0x14 C:/Users/yipai.du/Documents/Intelligent-Glove/xdkProj/MqttApp/debug/objects/source/SystemStartup.o
                0x00010a4c                vApplicationMallocFailedHook
 .text.ServalPalSetup
                0x00010a60       0x50 C:/Users/yipai.du/Documents/Intelligent-Glove/xdkProj/MqttApp/debug/objects/legacy/source/ServalPAL_WiFi.o
 .text.PAL_initialize
                0x00010ab0       0x30 C:/Users/yipai.du/Documents/Intelligent-Glove/xdkProj/MqttApp/debug/objects/legacy/source/ServalPAL_WiFi.o
                0x00010ab0                PAL_initialize
 .text.PAL_getIpaddress
                0x00010ae0       0x40 C:/Users/yipai.du/Documents/Intelligent-Glove/xdkProj/MqttApp/debug/objects/legacy/source/ServalPAL_WiFi.o
                0x00010ae0                PAL_getIpaddress
 .text.PAL_socketMonitorInit
                0x00010b20       0x48 C:/Users/yipai.du/Documents/Intelligent-Glove/xdkProj/MqttApp/debug/objects/legacy/source/ServalPAL_WiFi.o
                0x00010b20                PAL_socketMonitorInit
 .text.INT_Disable
                0x00010b68       0x40 C:/Users/yipai.du/Documents/Intelligent-Glove/xdkProj/MqttApp/debug/objects/./../Libraries/EMlib/3rd-party/EMLib/usb/src/em_usbdint.o
 .text.INT_Enable
                0x00010ba8       0x54 C:/Users/yipai.du/Documents/Intelligent-Glove/xdkProj/MqttApp/debug/objects/./../Libraries/EMlib/3rd-party/EMLib/usb/src/em_usbdint.o
 .text.USBHAL_FlushTxFifo
                0x00010bfc       0x4c C:/Users/yipai.du/Documents/Intelligent-Glove/xdkProj/MqttApp/debug/objects/./../Libraries/EMlib/3rd-party/EMLib/usb/src/em_usbdint.o
 .text.USBHAL_GetCoreInts
                0x00010c48       0x40 C:/Users/yipai.du/Documents/Intelligent-Glove/xdkProj/MqttApp/debug/objects/./../Libraries/EMlib/3rd-party/EMLib/usb/src/em_usbdint.o
 .text.USBDHAL_EnableInts
                0x00010c88       0x70 C:/Users/yipai.du/Documents/Intelligent-Glove/xdkProj/MqttApp/debug/objects/./../Libraries/EMlib/3rd-party/EMLib/usb/src/em_usbdint.o
 .text.USBDHAL_Ep0Activate
                0x00010cf8       0x70 C:/Users/yipai.du/Documents/Intelligent-Glove/xdkProj/MqttApp/debug/objects/./../Libraries/EMlib/3rd-party/EMLib/usb/src/em_usbdint.o
 .text.USBDHAL_GetAllInEpInts
                0x00010d68       0x48 C:/Users/yipai.du/Documents/Intelligent-Glove/xdkProj/MqttApp/debug/objects/./../Libraries/EMlib/3rd-party/EMLib/usb/src/em_usbdint.o
 .text.USBDHAL_GetAllOutEpInts
                0x00010db0       0x44 C:/Users/yipai.du/Documents/Intelligent-Glove/xdkProj/MqttApp/debug/objects/./../Libraries/EMlib/3rd-party/EMLib/usb/src/em_usbdint.o
 .text.USBDHAL_GetInEpInts
                0x00010df4       0x44 C:/Users/yipai.du/Documents/Intelligent-Glove/xdkProj/MqttApp/debug/objects/./../Libraries/EMlib/3rd-party/EMLib/usb/src/em_usbdint.o
 .text.USBDHAL_GetOutEpInts
                0x00010e38       0x44 C:/Users/yipai.du/Documents/Intelligent-Glove/xdkProj/MqttApp/debug/objects/./../Libraries/EMlib/3rd-party/EMLib/usb/src/em_usbdint.o
 .text.USBDHAL_StartEp0Setup
                0x00010e7c       0x88 C:/Users/yipai.du/Documents/Intelligent-Glove/xdkProj/MqttApp/debug/objects/./../Libraries/EMlib/3rd-party/EMLib/usb/src/em_usbdint.o
 .text.USBD_GetEpFromAddr
                0x00010f04       0xa0 C:/Users/yipai.du/Documents/Intelligent-Glove/xdkProj/MqttApp/debug/objects/./../Libraries/EMlib/3rd-party/EMLib/usb/src/em_usbdint.o
 .text.USB_IRQHandler
                0x00010fa4      0x16c C:/Users/yipai.du/Documents/Intelligent-Glove/xdkProj/MqttApp/debug/objects/./../Libraries/EMlib/3rd-party/EMLib/usb/src/em_usbdint.o
                0x00010fa4                USB_IRQHandler
 .text.Handle_USB_GINTSTS_ENUMDONE
                0x00011110       0x3c C:/Users/yipai.du/Documents/Intelligent-Glove/xdkProj/MqttApp/debug/objects/./../Libraries/EMlib/3rd-party/EMLib/usb/src/em_usbdint.o
 .text.Handle_USB_GINTSTS_IEPINT
                0x0001114c      0x118 C:/Users/yipai.du/Documents/Intelligent-Glove/xdkProj/MqttApp/debug/objects/./../Libraries/EMlib/3rd-party/EMLib/usb/src/em_usbdint.o
 .text.Handle_USB_GINTSTS_OEPINT
                0x00011264      0x230 C:/Users/yipai.du/Documents/Intelligent-Glove/xdkProj/MqttApp/debug/objects/./../Libraries/EMlib/3rd-party/EMLib/usb/src/em_usbdint.o
 .text.Handle_USB_GINTSTS_RESETDET
                0x00011494       0x40 C:/Users/yipai.du/Documents/Intelligent-Glove/xdkProj/MqttApp/debug/objects/./../Libraries/EMlib/3rd-party/EMLib/usb/src/em_usbdint.o
 .text.Handle_USB_GINTSTS_SOF
                0x000114d4       0x64 C:/Users/yipai.du/Documents/Intelligent-Glove/xdkProj/MqttApp/debug/objects/./../Libraries/EMlib/3rd-party/EMLib/usb/src/em_usbdint.o
 .text.Handle_USB_GINTSTS_USBRST
                0x00011538      0x150 C:/Users/yipai.du/Documents/Intelligent-Glove/xdkProj/MqttApp/debug/objects/./../Libraries/EMlib/3rd-party/EMLib/usb/src/em_usbdint.o
 .text.Handle_USB_GINTSTS_USBSUSP
                0x00011688       0x68 C:/Users/yipai.du/Documents/Intelligent-Glove/xdkProj/MqttApp/debug/objects/./../Libraries/EMlib/3rd-party/EMLib/usb/src/em_usbdint.o
 .text.Handle_USB_GINTSTS_WKUPINT
                0x000116f0       0x30 C:/Users/yipai.du/Documents/Intelligent-Glove/xdkProj/MqttApp/debug/objects/./../Libraries/EMlib/3rd-party/EMLib/usb/src/em_usbdint.o
 .text.main     0x00011720       0xc8 C:/Users/yipai.du/Documents/Intelligent-Glove/xdkProj/MqttApp/debug/objects/Main.o
                0x00011720                main
 .text.XdkLive_initialize
                0x000117e8       0xc4 C:/Users/yipai.du/Documents/Intelligent-Glove/xdkProj/MqttApp/debug/objects/Main.o
                0x000117e8                XdkLive_initialize
 .text.XdkLive_goLive
                0x000118ac      0x134 C:/Users/yipai.du/Documents/Intelligent-Glove/xdkProj/MqttApp/debug/objects/Main.o
                0x000118ac                XdkLive_goLive
 .text.InternalHandle
                0x000119e0       0x2c C:/Users/yipai.du/Documents/Intelligent-Glove/xdkProj/MqttApp/debug/objects/Main.o
                0x000119e0                InternalHandle
 .text.HandleEvery10mS
                0x00011a0c      0x1a8 C:/Users/yipai.du/Documents/Intelligent-Glove/xdkProj/MqttApp/debug/objects/MqttApp.o
                0x00011a0c                HandleEvery10mS
 .text.SensorEnvironment_Setup
                0x00011bb4       0xc0 C:/Users/yipai.du/Documents/Intelligent-Glove/xdkProj/MqttApp/debug/objects/SensorEnvironment.o
                0x00011bb4                SensorEnvironment_Setup
 .text.StringDescr_wrap
                0x00011c74       0x54 C:/Users/yipai.du/Documents/Intelligent-Glove/xdkProj/MqttApp/debug/objects/ConnectivityMQTTMessaging.o
 .text.ConnectivityMQTTMessaging_Setup
                0x00011cc8       0x40 C:/Users/yipai.du/Documents/Intelligent-Glove/xdkProj/MqttApp/debug/objects/ConnectivityMQTTMessaging.o
                0x00011cc8                ConnectivityMQTTMessaging_Setup
 .text.ConnectivityMQTTMessaging_Enable
                0x00011d08      0x1d4 C:/Users/yipai.du/Documents/Intelligent-Glove/xdkProj/MqttApp/debug/objects/ConnectivityMQTTMessaging.o
                0x00011d08                ConnectivityMQTTMessaging_Enable
 .text.ConnectivityMQTTMessaging_Test_Write
                0x00011edc       0xa0 C:/Users/yipai.du/Documents/Intelligent-Glove/xdkProj/MqttApp/debug/objects/ConnectivityMQTTMessaging.o
                0x00011edc                ConnectivityMQTTMessaging_Test_Write
 .text.mqttEventHandler
                0x00011f7c      0x168 C:/Users/yipai.du/Documents/Intelligent-Glove/xdkProj/MqttApp/debug/objects/ConnectivityMQTTMessaging.o
 .text.ConnectivityWLANWireless_Setup
                0x000120e4       0x48 C:/Users/yipai.du/Documents/Intelligent-Glove/xdkProj/MqttApp/debug/objects/ConnectivityWLANWireless.o
                0x000120e4                ConnectivityWLANWireless_Setup
 .text.ConnectivityWLANWireless_Enable
                0x0001212c      0x120 C:/Users/yipai.du/Documents/Intelligent-Glove/xdkProj/MqttApp/debug/objects/ConnectivityWLANWireless.o
                0x0001212c                ConnectivityWLANWireless_Enable
 .text.InternalHandleEvery1Second1
                0x0001224c       0x30 C:/Users/yipai.du/Documents/Intelligent-Glove/xdkProj/MqttApp/debug/objects/XdkTime.o
 .text.SetupTime
                0x0001227c       0x58 C:/Users/yipai.du/Documents/Intelligent-Glove/xdkProj/MqttApp/debug/objects/XdkTime.o
                0x0001227c                SetupTime
 .text          0x000122d4       0x98 C:/Users/yipai.du/Documents/Intelligent-Glove/xdkProj/MqttApp/debug/objects/startup_efm32gg.o
                0x000122d4                Reset_Handler
                0x00012308                Default_Handler
                0x0001230a                NMI_Handler
                0x0001230c                HardFault_Handler
                0x0001230e                MemManage_Handler
                0x00012310                BusFault_Handler
                0x00012312                UsageFault_Handler
                0x00012316                DebugMon_Handler
                0x00012320                TIMER0_IRQHandler
                0x00012326                ACMP0_IRQHandler
                0x0001232a                ADC0_IRQHandler
                0x0001232c                DAC0_IRQHandler
                0x00012334                TIMER1_IRQHandler
                0x00012336                TIMER2_IRQHandler
                0x00012338                TIMER3_IRQHandler
                0x0001233e                LESENSE_IRQHandler
                0x0001234c                LEUART0_IRQHandler
                0x0001234e                LEUART1_IRQHandler
                0x00012350                LETIMER0_IRQHandler
                0x00012352                PCNT0_IRQHandler
                0x00012354                PCNT1_IRQHandler
                0x00012356                PCNT2_IRQHandler
                0x0001235a                BURTC_IRQHandler
                0x0001235c                CMU_IRQHandler
                0x0001235e                VCMP_IRQHandler
                0x00012360                LCD_IRQHandler
                0x00012362                MSC_IRQHandler
                0x00012364                AES_IRQHandler
                0x00012366                EBI_IRQHandler
                0x00012368                EMU_IRQHandler
 .text.Retcode_GetPackage
                0x0001236c       0x1c ./../Platform/Sensors/debug/libSensors_efm32_debug.a(Accelerometer.o)
 .text.Retcode_GetCode
                0x00012388       0x20 ./../Platform/Sensors/debug/libSensors_efm32_debug.a(Accelerometer.o)
 .text.bmaIsrCallback
                0x000123a8       0xe0 ./../Platform/Sensors/debug/libSensors_efm32_debug.a(Accelerometer.o)
 .text.bma2x2LibErrorMapping
                0x00012488       0x48 ./../Platform/Sensors/debug/libSensors_efm32_debug.a(Accelerometer.o)
 .text.bmi160LibErrorMapping
                0x000124d0       0x48 ./../Platform/Sensors/debug/libSensors_efm32_debug.a(Accelerometer.o)
 .text.Accelerometer_init
                0x00012518      0x10c ./../Platform/Sensors/debug/libSensors_efm32_debug.a(Accelerometer.o)
                0x00012518                Accelerometer_init
 .text.Accelerometer_readXyzGValue
                0x00012624      0x398 ./../Platform/Sensors/debug/libSensors_efm32_debug.a(Accelerometer.o)
                0x00012624                Accelerometer_readXyzGValue
 .text.Retcode_GetPackage
                0x000129bc       0x1c ./../Platform/Sensors/debug/libSensors_efm32_debug.a(Environmental.o)
 .text.bme280LibErrorMapping
                0x000129d8       0x48 ./../Platform/Sensors/debug/libSensors_efm32_debug.a(Environmental.o)
 .text.Environmental_init
                0x00012a20       0x9c ./../Platform/Sensors/debug/libSensors_efm32_debug.a(Environmental.o)
                0x00012a20                Environmental_init
 .text.Environmental_readData
                0x00012abc       0xd0 ./../Platform/Sensors/debug/libSensors_efm32_debug.a(Environmental.o)
                0x00012abc                Environmental_readData
 .text.Retcode_GetPackage
                0x00012b8c       0x1c ./../Platform/Sensors/debug/libSensors_efm32_debug.a(Gyroscope.o)
 .text.Retcode_GetCode
                0x00012ba8       0x20 ./../Platform/Sensors/debug/libSensors_efm32_debug.a(Gyroscope.o)
 .text.bmgIsrCallback
                0x00012bc8       0x14 ./../Platform/Sensors/debug/libSensors_efm32_debug.a(Gyroscope.o)
 .text.bmg160LibErrorMapping
                0x00012bdc       0x48 ./../Platform/Sensors/debug/libSensors_efm32_debug.a(Gyroscope.o)
 .text.BMI160_libErrorMapping
                0x00012c24       0x48 ./../Platform/Sensors/debug/libSensors_efm32_debug.a(Gyroscope.o)
 .text.Gyroscope_init
                0x00012c6c      0x100 ./../Platform/Sensors/debug/libSensors_efm32_debug.a(Gyroscope.o)
                0x00012c6c                Gyroscope_init
 .text.Gyroscope_readXyzDegreeValue
                0x00012d6c      0x4cc ./../Platform/Sensors/debug/libSensors_efm32_debug.a(Gyroscope.o)
                0x00012d6c                Gyroscope_readXyzDegreeValue
 .text.Retcode_GetPackage
                0x00013238       0x1c ./../Platform/Sensors/debug/libSensors_efm32_debug.a(Magnetometer.o)
 .text.bmmIsrCallback
                0x00013254       0x14 ./../Platform/Sensors/debug/libSensors_efm32_debug.a(Magnetometer.o)
 .text.bmm150LibErrorMapping
                0x00013268       0x48 ./../Platform/Sensors/debug/libSensors_efm32_debug.a(Magnetometer.o)
 .text.readMagData
                0x000132b0       0x80 ./../Platform/Sensors/debug/libSensors_efm32_debug.a(Magnetometer.o)
 .text.Magnetometer_init
                0x00013330       0xac ./../Platform/Sensors/debug/libSensors_efm32_debug.a(Magnetometer.o)
                0x00013330                Magnetometer_init
 .text.Magnetometer_readXyzTeslaData
                0x000133dc      0x114 ./../Platform/Sensors/debug/libSensors_efm32_debug.a(Magnetometer.o)
                0x000133dc                Magnetometer_readXyzTeslaData
 .text.GPIO_PinOutClear
                0x000134f0       0x4c ./../Platform/BSP/debug/libBSP_efm32_debug.a(BSP_LED.o)
 .text.GPIO_PinOutSet
                0x0001353c       0x4c ./../Platform/BSP/debug/libBSP_efm32_debug.a(BSP_LED.o)
 .text.GPIO_PinOutToggle
                0x00013588       0x4c ./../Platform/BSP/debug/libBSP_efm32_debug.a(BSP_LED.o)
 .text.BSP_LED_Connect
                0x000135d4       0x48 ./../Platform/BSP/debug/libBSP_efm32_debug.a(BSP_LED.o)
                0x000135d4                BSP_LED_Connect
 .text.BSP_LED_EnableAll
                0x0001361c       0x3c ./../Platform/BSP/debug/libBSP_efm32_debug.a(BSP_LED.o)
                0x0001361c                BSP_LED_EnableAll
 .text.BSP_LED_Switch
                0x00013658      0x15c ./../Platform/BSP/debug/libBSP_efm32_debug.a(BSP_LED.o)
                0x00013658                BSP_LED_Switch
 .text.BSP_LED_SwitchAll
                0x000137b4       0xd0 ./../Platform/BSP/debug/libBSP_efm32_debug.a(BSP_LED.o)
                0x000137b4                BSP_LED_SwitchAll
 .text.USB_setSerialNumber
                0x00013884       0x7c ./../Platform/BSP/debug/libBSP_efm32_debug.a(BSP_USB.o)
 .text.USB_dataReceivedCallback
                0x00013900       0x98 ./../Platform/BSP/debug/libBSP_efm32_debug.a(BSP_USB.o)
 .text.USB_dataTransferred
                0x00013998       0x4c ./../Platform/BSP/debug/libBSP_efm32_debug.a(BSP_USB.o)
 .text.USB_stateChange
                0x000139e4       0x58 ./../Platform/BSP/debug/libBSP_efm32_debug.a(BSP_USB.o)
                0x000139e4                USB_stateChange
 .text.USB_setupCommand
                0x00013a3c      0x108 ./../Platform/BSP/debug/libBSP_efm32_debug.a(BSP_USB.o)
                0x00013a3c                USB_setupCommand
 .text.USB_init
                0x00013b44       0xd0 ./../Platform/BSP/debug/libBSP_efm32_debug.a(BSP_USB.o)
                0x00013b44                USB_init
 .text.USB_receiveByte
                0x00013c14       0xa0 ./../Platform/BSP/debug/libBSP_efm32_debug.a(BSP_USB.o)
                0x00013c14                USB_receiveByte
 .text.RETARGET_WriteChar
                0x00013cb4       0x2c ./../Platform/BSP/debug/libBSP_efm32_debug.a(BSP_USB.o)
                0x00013cb4                RETARGET_WriteChar
 .text.USB_transmitData
                0x00013ce0       0xc4 ./../Platform/BSP/debug/libBSP_efm32_debug.a(BSP_USB.o)
                0x00013ce0                USB_transmitData
 .text.RETARGET_ReadChar
                0x00013da4       0x24 ./../Platform/BSP/debug/libBSP_efm32_debug.a(BSP_USB.o)
                0x00013da4                RETARGET_ReadChar
 .text.USB_callBackMapping
                0x00013dc8       0x38 ./../Platform/BSP/debug/libBSP_efm32_debug.a(BSP_USB.o)
                0x00013dc8                USB_callBackMapping
 .text.NVIC_SetPriorityGrouping
                0x00013e00       0x50 ./../Platform/BSP/debug/libBSP_efm32_debug.a(BSP_Board.o)
 .text.NVIC_EnableIRQ
                0x00013e50       0x38 ./../Platform/BSP/debug/libBSP_efm32_debug.a(BSP_Board.o)
 .text.NVIC_DisableIRQ
                0x00013e88       0x3c ./../Platform/BSP/debug/libBSP_efm32_debug.a(BSP_Board.o)
 .text.NVIC_ClearPendingIRQ
                0x00013ec4       0x3c ./../Platform/BSP/debug/libBSP_efm32_debug.a(BSP_Board.o)
 .text.NVIC_SetPriority
                0x00013f00       0x5c ./../Platform/BSP/debug/libBSP_efm32_debug.a(BSP_Board.o)
 .text.SysTick_Config
                0x00013f5c       0x64 ./../Platform/BSP/debug/libBSP_efm32_debug.a(BSP_Board.o)
 .text.CHIP_Init
                0x00013fc0       0x50 ./../Platform/BSP/debug/libBSP_efm32_debug.a(BSP_Board.o)
 .text.GPIO_PinOutClear
                0x00014010       0x4c ./../Platform/BSP/debug/libBSP_efm32_debug.a(BSP_Board.o)
 .text.GPIO_PinOutSet
                0x0001405c       0x4c ./../Platform/BSP/debug/libBSP_efm32_debug.a(BSP_Board.o)
 .text.INT_Disable
                0x000140a8       0x40 ./../Platform/BSP/debug/libBSP_efm32_debug.a(BSP_Board.o)
 .text.INT_Enable
                0x000140e8       0x54 ./../Platform/BSP/debug/libBSP_efm32_debug.a(BSP_Board.o)
 .text.BSP_Board_OSTickInitialize
                0x0001413c       0x2c ./../Platform/BSP/debug/libBSP_efm32_debug.a(BSP_Board.o)
                0x0001413c                BSP_Board_OSTickInitialize
 .text.BSP_Board_Initialize
                0x00014168      0x150 ./../Platform/BSP/debug/libBSP_efm32_debug.a(BSP_Board.o)
                0x00014168                BSP_Board_Initialize
 .text.BSP_Board_Delay
                0x000142b8       0x30 ./../Platform/BSP/debug/libBSP_efm32_debug.a(BSP_Board.o)
                0x000142b8                BSP_Board_Delay
 .text.BSP_Board_SetOStoBSPDelayFunc
                0x000142e8       0x20 ./../Platform/BSP/debug/libBSP_efm32_debug.a(BSP_Board.o)
                0x000142e8                BSP_Board_SetOStoBSPDelayFunc
 .text.Board_GPIOInterruptInit
                0x00014308       0x30 ./../Platform/BSP/debug/libBSP_efm32_debug.a(BSP_Board.o)
                0x00014308                Board_GPIOInterruptInit
 .text.Board_GPIOInterruptGetCallback
                0x00014338       0x24 ./../Platform/BSP/debug/libBSP_efm32_debug.a(BSP_Board.o)
                0x00014338                Board_GPIOInterruptGetCallback
 .text.Board_GPIOInterruptRegisterCallback
                0x0001435c       0x38 ./../Platform/BSP/debug/libBSP_efm32_debug.a(BSP_Board.o)
                0x0001435c                Board_GPIOInterruptRegisterCallback
 .text.Board_GPIOInterruptDispatch
                0x00014394       0x64 ./../Platform/BSP/debug/libBSP_efm32_debug.a(BSP_Board.o)
                0x00014394                Board_GPIOInterruptDispatch
 .text.Board_UART0_UART_Init
                0x000143f8       0xcc ./../Platform/BSP/debug/libBSP_efm32_debug.a(BSP_Board.o)
                0x000143f8                Board_UART0_UART_Init
 .text.Board_UART1_UART_Init
                0x000144c4       0xcc ./../Platform/BSP/debug/libBSP_efm32_debug.a(BSP_Board.o)
                0x000144c4                Board_UART1_UART_Init
 .text.Board_USART0_SPI_Init
                0x00014590       0xa8 ./../Platform/BSP/debug/libBSP_efm32_debug.a(BSP_Board.o)
                0x00014590                Board_USART0_SPI_Init
 .text.Board_USART1_SPI_Init
                0x00014638       0x8c ./../Platform/BSP/debug/libBSP_efm32_debug.a(BSP_Board.o)
                0x00014638                Board_USART1_SPI_Init
 .text.Board_GPIO_Init
                0x000146c4       0x6c ./../Platform/BSP/debug/libBSP_efm32_debug.a(BSP_Board.o)
                0x000146c4                Board_GPIO_Init
 .text.Board_WakeupPowerSupply2V5
                0x00014730       0x50 ./../Platform/BSP/debug/libBSP_efm32_debug.a(BSP_Board.o)
                0x00014730                Board_WakeupPowerSupply2V5
 .text.Board_SnoozePowerSupply2V5
                0x00014780       0x4c ./../Platform/BSP/debug/libBSP_efm32_debug.a(BSP_Board.o)
                0x00014780                Board_SnoozePowerSupply2V5
 .text.PowerSupply2V5UpdateRegister
                0x000147cc      0x268 ./../Platform/BSP/debug/libBSP_efm32_debug.a(BSP_Board.o)
                0x000147cc                PowerSupply2V5UpdateRegister
 .text.Board_ADC_Init
                0x00014a34       0x78 ./../Platform/BSP/debug/libBSP_efm32_debug.a(BSP_Board.o)
                0x00014a34                Board_ADC_Init
 .text.Board_I2C0_Init
                0x00014aac       0x54 ./../Platform/BSP/debug/libBSP_efm32_debug.a(BSP_Board.o)
                0x00014aac                Board_I2C0_Init
 .text.Board_I2C1_Init
                0x00014b00       0x54 ./../Platform/BSP/debug/libBSP_efm32_debug.a(BSP_Board.o)
                0x00014b00                Board_I2C1_Init
 .text.Board_USB_Init
                0x00014b54       0x70 ./../Platform/BSP/debug/libBSP_efm32_debug.a(BSP_Board.o)
                0x00014b54                Board_USB_Init
 .text.Board_IncTick
                0x00014bc4       0x24 ./../Platform/BSP/debug/libBSP_efm32_debug.a(BSP_Board.o)
                0x00014bc4                Board_IncTick
 .text.Board_GetTick
                0x00014be8       0x18 ./../Platform/BSP/debug/libBSP_efm32_debug.a(BSP_Board.o)
                0x00014be8                Board_GetTick
 .text.Board_Delay
                0x00014c00       0x30 ./../Platform/BSP/debug/libBSP_efm32_debug.a(BSP_Board.o)
                0x00014c00                Board_Delay
 .text.Board_RTC_Init
                0x00014c30       0xa0 ./../Platform/BSP/debug/libBSP_efm32_debug.a(BSP_Board.o)
                0x00014c30                Board_RTC_Init
 .text.Board_BURTC_Init
                0x00014cd0       0x28 ./../Platform/BSP/debug/libBSP_efm32_debug.a(BSP_Board.o)
                0x00014cd0                Board_BURTC_Init
 .text.BSP_Board_EnableSysTick
                0x00014cf8       0x38 ./../Platform/BSP/debug/libBSP_efm32_debug.a(BSP_Board.o)
                0x00014cf8                BSP_Board_EnableSysTick
 .text.NVIC_EnableIRQ
                0x00014d30       0x38 ./../Platform/BSP/debug/libBSP_efm32_debug.a(BSP_DMA.o)
 .text.NVIC_ClearPendingIRQ
                0x00014d68       0x3c ./../Platform/BSP/debug/libBSP_efm32_debug.a(BSP_DMA.o)
 .text.NVIC_SetPriority
                0x00014da4       0x5c ./../Platform/BSP/debug/libBSP_efm32_debug.a(BSP_DMA.o)
 .text.BSP_DMA_Initialize
                0x00014e00       0x88 ./../Platform/BSP/debug/libBSP_efm32_debug.a(BSP_DMA.o)
                0x00014e00                BSP_DMA_Initialize
 .text.BSP_DMA_Enable
                0x00014e88       0x54 ./../Platform/BSP/debug/libBSP_efm32_debug.a(BSP_DMA.o)
                0x00014e88                BSP_DMA_Enable
 .text.GPIO_IntClear
                0x00014edc       0x20 ./../Platform/BSP/debug/libBSP_efm32_debug.a(BSP_IrqHandler.o)
 .text.GPIO_IntGetEnabled
                0x00014efc       0x30 ./../Platform/BSP/debug/libBSP_efm32_debug.a(BSP_IrqHandler.o)
 .text.SysTick_Handler
                0x00014f2c       0x40 ./../Platform/BSP/debug/libBSP_efm32_debug.a(BSP_IrqHandler.o)
                0x00014f2c                SysTick_Handler
 .text.GPIO_EVEN_IRQHandler
                0x00014f6c       0x28 ./../Platform/BSP/debug/libBSP_efm32_debug.a(BSP_IrqHandler.o)
                0x00014f6c                GPIO_EVEN_IRQHandler
 .text.GPIO_ODD_IRQHandler
                0x00014f94       0x28 ./../Platform/BSP/debug/libBSP_efm32_debug.a(BSP_IrqHandler.o)
                0x00014f94                GPIO_ODD_IRQHandler
 .text.UART0_TX_IRQHandler
                0x00014fbc        0xc ./../Platform/BSP/debug/libBSP_efm32_debug.a(BSP_IrqHandler.o)
                0x00014fbc                UART0_TX_IRQHandler
 .text.UART0_RX_IRQHandler
                0x00014fc8        0xc ./../Platform/BSP/debug/libBSP_efm32_debug.a(BSP_IrqHandler.o)
                0x00014fc8                UART0_RX_IRQHandler
 .text.USART0_TX_IRQHandler
                0x00014fd4        0xc ./../Platform/BSP/debug/libBSP_efm32_debug.a(BSP_IrqHandler.o)
                0x00014fd4                USART0_TX_IRQHandler
 .text.USART0_RX_IRQHandler
                0x00014fe0        0xc ./../Platform/BSP/debug/libBSP_efm32_debug.a(BSP_IrqHandler.o)
                0x00014fe0                USART0_RX_IRQHandler
 .text.I2C0_IRQHandler
                0x00014fec        0xc ./../Platform/BSP/debug/libBSP_efm32_debug.a(BSP_IrqHandler.o)
                0x00014fec                I2C0_IRQHandler
 .text.I2C1_IRQHandler
                0x00014ff8        0xc ./../Platform/BSP/debug/libBSP_efm32_debug.a(BSP_IrqHandler.o)
                0x00014ff8                I2C1_IRQHandler
 .text.USART2_TX_IRQHandler
                0x00015004        0xc ./../Platform/BSP/debug/libBSP_efm32_debug.a(BSP_IrqHandler.o)
                0x00015004                USART2_TX_IRQHandler
 .text.USART2_RX_IRQHandler
                0x00015010        0xc ./../Platform/BSP/debug/libBSP_efm32_debug.a(BSP_IrqHandler.o)
                0x00015010                USART2_RX_IRQHandler
 .text.UART1_TX_IRQHandler
                0x0001501c        0xc ./../Platform/BSP/debug/libBSP_efm32_debug.a(BSP_IrqHandler.o)
                0x0001501c                UART1_TX_IRQHandler
 .text.UART1_RX_IRQHandler
                0x00015028        0xc ./../Platform/BSP/debug/libBSP_efm32_debug.a(BSP_IrqHandler.o)
                0x00015028                UART1_RX_IRQHandler
 .text.USART1_TX_IRQHandler
                0x00015034        0xc ./../Platform/BSP/debug/libBSP_efm32_debug.a(BSP_IrqHandler.o)
                0x00015034                USART1_TX_IRQHandler
 .text.USART1_RX_IRQHandler
                0x00015040        0xc ./../Platform/BSP/debug/libBSP_efm32_debug.a(BSP_IrqHandler.o)
                0x00015040                USART1_RX_IRQHandler
 .text.RTC_IRQHandler
                0x0001504c        0xc ./../Platform/BSP/debug/libBSP_efm32_debug.a(BSP_IrqHandler.o)
                0x0001504c                RTC_IRQHandler
 .text.IrqHandler_SysTickDummyHandler
                0x00015058       0x10 ./../Platform/BSP/debug/libBSP_efm32_debug.a(BSP_IrqHandler.o)
                0x00015058                IrqHandler_SysTickDummyHandler
 .text.BSP_ExtensionPort_I2cIsr
                0x00015068       0x5c ./../Platform/BSP/debug/libBSP_efm32_debug.a(BSP_ExtensionPort.o)
                0x00015068                BSP_ExtensionPort_I2cIsr
 .text.BSP_ExtensionPort_SpiRxIsr
                0x000150c4       0x5c ./../Platform/BSP/debug/libBSP_efm32_debug.a(BSP_ExtensionPort.o)
                0x000150c4                BSP_ExtensionPort_SpiRxIsr
 .text.BSP_ExtensionPort_SpiTxIsr
                0x00015120       0x5c ./../Platform/BSP/debug/libBSP_efm32_debug.a(BSP_ExtensionPort.o)
                0x00015120                BSP_ExtensionPort_SpiTxIsr
 .text.BSP_ExtensionPort_UARTRxIsr
                0x0001517c       0x5c ./../Platform/BSP/debug/libBSP_efm32_debug.a(BSP_ExtensionPort.o)
                0x0001517c                BSP_ExtensionPort_UARTRxIsr
 .text.BSP_ExtensionPort_UARTTxIsr
                0x000151d8       0x5c ./../Platform/BSP/debug/libBSP_efm32_debug.a(BSP_ExtensionPort.o)
                0x000151d8                BSP_ExtensionPort_UARTTxIsr
 .text.NVIC_EnableIRQ
                0x00015234       0x38 ./../Platform/BSP/debug/libBSP_efm32_debug.a(BSP_WiFi_cc3100mod.o)
 .text.NVIC_DisableIRQ
                0x0001526c       0x3c ./../Platform/BSP/debug/libBSP_efm32_debug.a(BSP_WiFi_cc3100mod.o)
 .text.NVIC_ClearPendingIRQ
                0x000152a8       0x3c ./../Platform/BSP/debug/libBSP_efm32_debug.a(BSP_WiFi_cc3100mod.o)
 .text.NVIC_SetPriority
                0x000152e4       0x5c ./../Platform/BSP/debug/libBSP_efm32_debug.a(BSP_WiFi_cc3100mod.o)
 .text.GPIO_IntClear
                0x00015340       0x20 ./../Platform/BSP/debug/libBSP_efm32_debug.a(BSP_WiFi_cc3100mod.o)
 .text.GPIO_IntDisable
                0x00015360       0x34 ./../Platform/BSP/debug/libBSP_efm32_debug.a(BSP_WiFi_cc3100mod.o)
 .text.GPIO_IntEnable
                0x00015394       0x30 ./../Platform/BSP/debug/libBSP_efm32_debug.a(BSP_WiFi_cc3100mod.o)
 .text.GPIO_PinOutClear
                0x000153c4       0x4c ./../Platform/BSP/debug/libBSP_efm32_debug.a(BSP_WiFi_cc3100mod.o)
 .text.GPIO_PinOutSet
                0x00015410       0x4c ./../Platform/BSP/debug/libBSP_efm32_debug.a(BSP_WiFi_cc3100mod.o)
 .text.Board_GPIOInterruptUnregisterCallback
                0x0001545c       0x20 ./../Platform/BSP/debug/libBSP_efm32_debug.a(BSP_WiFi_cc3100mod.o)
 .text.BSP_WiFi_CC3100MOD_Connect
                0x0001547c      0x1e8 ./../Platform/BSP/debug/libBSP_efm32_debug.a(BSP_WiFi_cc3100mod.o)
                0x0001547c                BSP_WiFi_CC3100MOD_Connect
 .text.BSP_WiFi_CC3100MOD_Enable
                0x00015664      0x1a4 ./../Platform/BSP/debug/libBSP_efm32_debug.a(BSP_WiFi_cc3100mod.o)
                0x00015664                BSP_WiFi_CC3100MOD_Enable
 .text.BSP_WiFi_CC3100MOD_Disable
                0x00015808       0xb0 ./../Platform/BSP/debug/libBSP_efm32_debug.a(BSP_WiFi_cc3100mod.o)
                0x00015808                BSP_WiFi_CC3100MOD_Disable
 .text.BSP_WiFi_CC3100MOD_GetSPIHandle
                0x000158b8       0x14 ./../Platform/BSP/debug/libBSP_efm32_debug.a(BSP_WiFi_cc3100mod.o)
                0x000158b8                BSP_WiFi_CC3100MOD_GetSPIHandle
 .text.BSP_WiFi_CC3100MOD_SetCSLow
                0x000158cc       0x18 ./../Platform/BSP/debug/libBSP_efm32_debug.a(BSP_WiFi_cc3100mod.o)
                0x000158cc                BSP_WiFi_CC3100MOD_SetCSLow
 .text.BSP_WiFi_CC3100MOD_SetCSHigh
                0x000158e4       0x18 ./../Platform/BSP/debug/libBSP_efm32_debug.a(BSP_WiFi_cc3100mod.o)
                0x000158e4                BSP_WiFi_CC3100MOD_SetCSHigh
 .text.WiFi_CC3100MOD_SPIRxISR
                0x000158fc       0x28 ./../Platform/BSP/debug/libBSP_efm32_debug.a(BSP_WiFi_cc3100mod.o)
                0x000158fc                WiFi_CC3100MOD_SPIRxISR
 .text.WiFi_CC3100MOD_SPITxISR
                0x00015924       0x28 ./../Platform/BSP/debug/libBSP_efm32_debug.a(BSP_WiFi_cc3100mod.o)
                0x00015924                WiFi_CC3100MOD_SPITxISR
 .text.WiFi_CC3100MOD_SPI_RxDMAComplete
                0x0001594c       0x38 ./../Platform/BSP/debug/libBSP_efm32_debug.a(BSP_WiFi_cc3100mod.o)
                0x0001594c                WiFi_CC3100MOD_SPI_RxDMAComplete
 .text.WiFi_CC3100MOD_SPI_TxDMAComplete
                0x00015984       0x38 ./../Platform/BSP/debug/libBSP_efm32_debug.a(BSP_WiFi_cc3100mod.o)
                0x00015984                WiFi_CC3100MOD_SPI_TxDMAComplete
 .text.WiFi_INT_InterruptCallback
                0x000159bc       0x14 ./../Platform/BSP/debug/libBSP_efm32_debug.a(BSP_WiFi_cc3100mod.o)
 .text.BT_EM9301_UART_TxISR
                0x000159d0       0x28 ./../Platform/BSP/debug/libBSP_efm32_debug.a(BSP_BT_EM9301.o)
                0x000159d0                BT_EM9301_UART_TxISR
 .text.BT_EM9301_UART_RxISR
                0x000159f8       0x28 ./../Platform/BSP/debug/libBSP_efm32_debug.a(BSP_BT_EM9301.o)
                0x000159f8                BT_EM9301_UART_RxISR
 .text.NVIC_EnableIRQ
                0x00015a20       0x38 ./../Platform/BSP/debug/libBSP_efm32_debug.a(BSP_SensorNode.o)
 .text.NVIC_DisableIRQ
                0x00015a58       0x3c ./../Platform/BSP/debug/libBSP_efm32_debug.a(BSP_SensorNode.o)
 .text.NVIC_SetPriority
                0x00015a94       0x5c ./../Platform/BSP/debug/libBSP_efm32_debug.a(BSP_SensorNode.o)
 .text.GPIO_PinInGet
                0x00015af0       0x4c ./../Platform/BSP/debug/libBSP_efm32_debug.a(BSP_SensorNode.o)
 .text.GPIO_PinOutSet
                0x00015b3c       0x4c ./../Platform/BSP/debug/libBSP_efm32_debug.a(BSP_SensorNode.o)
 .text.BSP_SensorNode_Connect
                0x00015b88      0x190 ./../Platform/BSP/debug/libBSP_efm32_debug.a(BSP_SensorNode.o)
                0x00015b88                BSP_SensorNode_Connect
 .text.BSP_SensorNode_Enable
                0x00015d18      0x408 ./../Platform/BSP/debug/libBSP_efm32_debug.a(BSP_SensorNode.o)
                0x00015d18                BSP_SensorNode_Enable
 .text.BSP_SensorNode_GetI2CHandle
                0x00016120       0x34 ./../Platform/BSP/debug/libBSP_efm32_debug.a(BSP_SensorNode.o)
                0x00016120                BSP_SensorNode_GetI2CHandle
 .text.SensorNode_EnableBus
                0x00016154       0x6c ./../Platform/BSP/debug/libBSP_efm32_debug.a(BSP_SensorNode.o)
 .text.BMA280_INT_InterruptCallback
                0x000161c0       0x44 ./../Platform/BSP/debug/libBSP_efm32_debug.a(BSP_SensorNode.o)
 .text.BMA280_INT2_InterruptCallback
                0x00016204       0x44 ./../Platform/BSP/debug/libBSP_efm32_debug.a(BSP_SensorNode.o)
 .text.MAX44009_INTN_InterruptCallback
                0x00016248       0x44 ./../Platform/BSP/debug/libBSP_efm32_debug.a(BSP_SensorNode.o)
 .text.SensorNode_I2CISR
                0x0001628c       0x28 ./../Platform/BSP/debug/libBSP_efm32_debug.a(BSP_SensorNode.o)
                0x0001628c                SensorNode_I2CISR
 .text.SDCard_SPIRxISR
                0x000162b4       0x28 ./../Platform/BSP/debug/libBSP_efm32_debug.a(BSP_SDCard.o)
                0x000162b4                SDCard_SPIRxISR
 .text.SDCard_SPITxISR
                0x000162dc       0x28 ./../Platform/BSP/debug/libBSP_efm32_debug.a(BSP_SDCard.o)
                0x000162dc                SDCard_SPITxISR
 .text.xQueueGenericReset
                0x00016304       0xc8 ./../Libraries/FreeRTOS/debug/libFreeRTOS_efm32_debug.a(queue.o)
                0x00016304                xQueueGenericReset
 .text.xQueueGenericCreate
                0x000163cc       0xb8 ./../Libraries/FreeRTOS/debug/libFreeRTOS_efm32_debug.a(queue.o)
                0x000163cc                xQueueGenericCreate
 .text.xQueueCreateMutex
                0x00016484       0xb8 ./../Libraries/FreeRTOS/debug/libFreeRTOS_efm32_debug.a(queue.o)
                0x00016484                xQueueCreateMutex
 .text.xQueueGenericSend
                0x0001653c      0x1c8 ./../Libraries/FreeRTOS/debug/libFreeRTOS_efm32_debug.a(queue.o)
                0x0001653c                xQueueGenericSend
 .text.xQueueGenericSendFromISR
                0x00016704      0x110 ./../Libraries/FreeRTOS/debug/libFreeRTOS_efm32_debug.a(queue.o)
                0x00016704                xQueueGenericSendFromISR
 .text.xQueueGiveFromISR
                0x00016814      0x108 ./../Libraries/FreeRTOS/debug/libFreeRTOS_efm32_debug.a(queue.o)
                0x00016814                xQueueGiveFromISR
 .text.xQueueGenericReceive
                0x0001691c      0x1e0 ./../Libraries/FreeRTOS/debug/libFreeRTOS_efm32_debug.a(queue.o)
                0x0001691c                xQueueGenericReceive
 .text.vQueueDelete
                0x00016afc       0x38 ./../Libraries/FreeRTOS/debug/libFreeRTOS_efm32_debug.a(queue.o)
                0x00016afc                vQueueDelete
 .text.prvCopyDataToQueue
                0x00016b34       0xe8 ./../Libraries/FreeRTOS/debug/libFreeRTOS_efm32_debug.a(queue.o)
 .text.prvCopyDataFromQueue
                0x00016c1c       0x50 ./../Libraries/FreeRTOS/debug/libFreeRTOS_efm32_debug.a(queue.o)
 .text.prvUnlockQueue
                0x00016c6c       0xc0 ./../Libraries/FreeRTOS/debug/libFreeRTOS_efm32_debug.a(queue.o)
 .text.prvIsQueueEmpty
                0x00016d2c       0x34 ./../Libraries/FreeRTOS/debug/libFreeRTOS_efm32_debug.a(queue.o)
 .text.prvIsQueueFull
                0x00016d60       0x38 ./../Libraries/FreeRTOS/debug/libFreeRTOS_efm32_debug.a(queue.o)
 .text.vQueueAddToRegistry
                0x00016d98       0x64 ./../Libraries/FreeRTOS/debug/libFreeRTOS_efm32_debug.a(queue.o)
                0x00016d98                vQueueAddToRegistry
 .text.vQueueUnregisterQueue
                0x00016dfc       0x54 ./../Libraries/FreeRTOS/debug/libFreeRTOS_efm32_debug.a(queue.o)
                0x00016dfc                vQueueUnregisterQueue
 .text.vQueueWaitForMessageRestricted
                0x00016e50       0x64 ./../Libraries/FreeRTOS/debug/libFreeRTOS_efm32_debug.a(queue.o)
                0x00016e50                vQueueWaitForMessageRestricted
 .text.prvNotifyQueueSetContainer
                0x00016eb4       0xa8 ./../Libraries/FreeRTOS/debug/libFreeRTOS_efm32_debug.a(queue.o)
 .text.xTaskGenericCreate
                0x00016f5c      0x1d0 ./../Libraries/FreeRTOS/debug/libFreeRTOS_efm32_debug.a(tasks.o)
                0x00016f5c                xTaskGenericCreate
 .text.vTaskDelete
                0x0001712c      0x12c ./../Libraries/FreeRTOS/debug/libFreeRTOS_efm32_debug.a(tasks.o)
                0x0001712c                vTaskDelete
 .text.vTaskDelay
                0x00017258       0xac ./../Libraries/FreeRTOS/debug/libFreeRTOS_efm32_debug.a(tasks.o)
                0x00017258                vTaskDelay
 .text.vTaskStartScheduler
                0x00017304       0xa0 ./../Libraries/FreeRTOS/debug/libFreeRTOS_efm32_debug.a(tasks.o)
                0x00017304                vTaskStartScheduler
 .text.vTaskSuspendAll
                0x000173a4       0x24 ./../Libraries/FreeRTOS/debug/libFreeRTOS_efm32_debug.a(tasks.o)
                0x000173a4                vTaskSuspendAll
 .text.xTaskResumeAll
                0x000173c8      0x180 ./../Libraries/FreeRTOS/debug/libFreeRTOS_efm32_debug.a(tasks.o)
                0x000173c8                xTaskResumeAll
 .text.xTaskGetTickCount
                0x00017548       0x20 ./../Libraries/FreeRTOS/debug/libFreeRTOS_efm32_debug.a(tasks.o)
                0x00017548                xTaskGetTickCount
 .text.xTaskGetTickCountFromISR
                0x00017568       0x28 ./../Libraries/FreeRTOS/debug/libFreeRTOS_efm32_debug.a(tasks.o)
                0x00017568                xTaskGetTickCountFromISR
 .text.xTaskIncrementTick
                0x00017590      0x20c ./../Libraries/FreeRTOS/debug/libFreeRTOS_efm32_debug.a(tasks.o)
                0x00017590                xTaskIncrementTick
 .text.vTaskSwitchContext
                0x0001779c      0x150 ./../Libraries/FreeRTOS/debug/libFreeRTOS_efm32_debug.a(tasks.o)
                0x0001779c                vTaskSwitchContext
 .text.vTaskPlaceOnEventList
                0x000178ec       0xc4 ./../Libraries/FreeRTOS/debug/libFreeRTOS_efm32_debug.a(tasks.o)
                0x000178ec                vTaskPlaceOnEventList
 .text.vTaskPlaceOnEventListRestricted
                0x000179b0       0xc4 ./../Libraries/FreeRTOS/debug/libFreeRTOS_efm32_debug.a(tasks.o)
                0x000179b0                vTaskPlaceOnEventListRestricted
 .text.xTaskRemoveFromEventList
                0x00017a74       0xe8 ./../Libraries/FreeRTOS/debug/libFreeRTOS_efm32_debug.a(tasks.o)
                0x00017a74                xTaskRemoveFromEventList
 .text.vTaskSetTimeOutState
                0x00017b5c       0x44 ./../Libraries/FreeRTOS/debug/libFreeRTOS_efm32_debug.a(tasks.o)
                0x00017b5c                vTaskSetTimeOutState
 .text.xTaskCheckForTimeOut
                0x00017ba0       0xc4 ./../Libraries/FreeRTOS/debug/libFreeRTOS_efm32_debug.a(tasks.o)
                0x00017ba0                xTaskCheckForTimeOut
 .text.vTaskMissedYield
                0x00017c64       0x18 ./../Libraries/FreeRTOS/debug/libFreeRTOS_efm32_debug.a(tasks.o)
                0x00017c64                vTaskMissedYield
 .text.prvIdleTask
                0x00017c7c       0x10 ./../Libraries/FreeRTOS/debug/libFreeRTOS_efm32_debug.a(tasks.o)
 .text.prvInitialiseTCBVariables
                0x00017c8c       0xbc ./../Libraries/FreeRTOS/debug/libFreeRTOS_efm32_debug.a(tasks.o)
 .text.prvInitialiseTaskLists
                0x00017d48       0xa4 ./../Libraries/FreeRTOS/debug/libFreeRTOS_efm32_debug.a(tasks.o)
 .text.prvCheckTasksWaitingTermination
                0x00017dec       0x9c ./../Libraries/FreeRTOS/debug/libFreeRTOS_efm32_debug.a(tasks.o)
 .text.prvAddCurrentTaskToDelayedList
                0x00017e88       0x8c ./../Libraries/FreeRTOS/debug/libFreeRTOS_efm32_debug.a(tasks.o)
 .text.prvAllocateTCBAndStack
                0x00017f14       0x7c ./../Libraries/FreeRTOS/debug/libFreeRTOS_efm32_debug.a(tasks.o)
 .text.prvDeleteTCB
                0x00017f90       0x20 ./../Libraries/FreeRTOS/debug/libFreeRTOS_efm32_debug.a(tasks.o)
 .text.prvResetNextTaskUnblockTime
                0x00017fb0       0x5c ./../Libraries/FreeRTOS/debug/libFreeRTOS_efm32_debug.a(tasks.o)
 .text.xTaskGetSchedulerState
                0x0001800c       0x48 ./../Libraries/FreeRTOS/debug/libFreeRTOS_efm32_debug.a(tasks.o)
                0x0001800c                xTaskGetSchedulerState
 .text.vTaskPriorityInherit
                0x00018054      0x144 ./../Libraries/FreeRTOS/debug/libFreeRTOS_efm32_debug.a(tasks.o)
                0x00018054                vTaskPriorityInherit
 .text.xTaskPriorityDisinherit
                0x00018198      0x13c ./../Libraries/FreeRTOS/debug/libFreeRTOS_efm32_debug.a(tasks.o)
                0x00018198                xTaskPriorityDisinherit
 .text.pvTaskIncrementMutexHeldCount
                0x000182d4       0x38 ./../Libraries/FreeRTOS/debug/libFreeRTOS_efm32_debug.a(tasks.o)
                0x000182d4                pvTaskIncrementMutexHeldCount
 .text.xTimerCreateTimerTask
                0x0001830c       0x78 ./../Libraries/FreeRTOS/debug/libFreeRTOS_efm32_debug.a(timers.o)
                0x0001830c                xTimerCreateTimerTask
 .text.xTimerCreate
                0x00018384       0x7c ./../Libraries/FreeRTOS/debug/libFreeRTOS_efm32_debug.a(timers.o)
                0x00018384                xTimerCreate
 .text.xTimerGenericCommand
                0x00018400       0xac ./../Libraries/FreeRTOS/debug/libFreeRTOS_efm32_debug.a(timers.o)
                0x00018400                xTimerGenericCommand
 .text.prvProcessExpiredTimer
                0x000184ac       0x88 ./../Libraries/FreeRTOS/debug/libFreeRTOS_efm32_debug.a(timers.o)
 .text.prvTimerTask
                0x00018534       0x24 ./../Libraries/FreeRTOS/debug/libFreeRTOS_efm32_debug.a(timers.o)
 .text.prvProcessTimerOrBlockTask
                0x00018558       0x78 ./../Libraries/FreeRTOS/debug/libFreeRTOS_efm32_debug.a(timers.o)
 .text.prvGetNextExpireTime
                0x000185d0       0x54 ./../Libraries/FreeRTOS/debug/libFreeRTOS_efm32_debug.a(timers.o)
 .text.prvSampleTimeNow
                0x00018624       0x4c ./../Libraries/FreeRTOS/debug/libFreeRTOS_efm32_debug.a(timers.o)
 .text.prvInsertTimerInActiveList
                0x00018670       0x94 ./../Libraries/FreeRTOS/debug/libFreeRTOS_efm32_debug.a(timers.o)
 .text.prvProcessReceivedCommands
                0x00018704      0x174 ./../Libraries/FreeRTOS/debug/libFreeRTOS_efm32_debug.a(timers.o)
 .text.prvSwitchTimerLists
                0x00018878       0xf0 ./../Libraries/FreeRTOS/debug/libFreeRTOS_efm32_debug.a(timers.o)
 .text.prvCheckForValidListAndQueue
                0x00018968       0xb8 ./../Libraries/FreeRTOS/debug/libFreeRTOS_efm32_debug.a(timers.o)
 .text.pvTimerGetTimerID
                0x00018a20       0x3c ./../Libraries/FreeRTOS/debug/libFreeRTOS_efm32_debug.a(timers.o)
                0x00018a20                pvTimerGetTimerID
 .text.xTimerPendFunctionCallFromISR
                0x00018a5c       0x4c ./../Libraries/FreeRTOS/debug/libFreeRTOS_efm32_debug.a(timers.o)
                0x00018a5c                xTimerPendFunctionCallFromISR
 .text.pvPortMalloc
                0x00018aa8      0x1e0 ./../Libraries/FreeRTOS/debug/libFreeRTOS_efm32_debug.a(heap_4.o)
                0x00018aa8                pvPortMalloc
 .text.vPortFree
                0x00018c88       0xcc ./../Libraries/FreeRTOS/debug/libFreeRTOS_efm32_debug.a(heap_4.o)
                0x00018c88                vPortFree
 .text.prvHeapInit
                0x00018d54       0xfc ./../Libraries/FreeRTOS/debug/libFreeRTOS_efm32_debug.a(heap_4.o)
 .text.prvInsertBlockIntoFreeList
                0x00018e50       0xbc ./../Libraries/FreeRTOS/debug/libFreeRTOS_efm32_debug.a(heap_4.o)
 .text.pxPortInitialiseStack
                0x00018f0c       0x64 ./../Libraries/FreeRTOS/debug/libFreeRTOS_efm32_debug.a(port.o)
                0x00018f0c                pxPortInitialiseStack
 .text.prvTaskExitError
                0x00018f70       0x2c ./../Libraries/FreeRTOS/debug/libFreeRTOS_efm32_debug.a(port.o)
 .text.SVC_Handler
                0x00018f9c       0x24 ./../Libraries/FreeRTOS/debug/libFreeRTOS_efm32_debug.a(port.o)
                0x00018f9c                SVC_Handler
 .text.prvPortStartFirstTask
                0x00018fc0       0x20 ./../Libraries/FreeRTOS/debug/libFreeRTOS_efm32_debug.a(port.o)
 .text.xPortStartScheduler
                0x00018fe0      0x10c ./../Libraries/FreeRTOS/debug/libFreeRTOS_efm32_debug.a(port.o)
                0x00018fe0                xPortStartScheduler
 .text.vPortYield
                0x000190ec       0x20 ./../Libraries/FreeRTOS/debug/libFreeRTOS_efm32_debug.a(port.o)
                0x000190ec                vPortYield
 .text.vPortEnterCritical
                0x0001910c       0x58 ./../Libraries/FreeRTOS/debug/libFreeRTOS_efm32_debug.a(port.o)
                0x0001910c                vPortEnterCritical
 .text.vPortExitCritical
                0x00019164       0x54 ./../Libraries/FreeRTOS/debug/libFreeRTOS_efm32_debug.a(port.o)
                0x00019164                vPortExitCritical
 .text.ulPortSetInterruptMask
                0x000191b8       0x14 ./../Libraries/FreeRTOS/debug/libFreeRTOS_efm32_debug.a(port.o)
                0x000191b8                ulPortSetInterruptMask
 .text.vPortClearInterruptMask
                0x000191cc        0x8 ./../Libraries/FreeRTOS/debug/libFreeRTOS_efm32_debug.a(port.o)
                0x000191cc                vPortClearInterruptMask
 .text.PendSV_Handler
                0x000191d4       0x44 ./../Libraries/FreeRTOS/debug/libFreeRTOS_efm32_debug.a(port.o)
                0x000191d4                PendSV_Handler
 .text.xPortSysTickHandler
                0x00019218       0x2c ./../Libraries/FreeRTOS/debug/libFreeRTOS_efm32_debug.a(port.o)
                0x00019218                xPortSysTickHandler
 .text.vPortSetupTimerInterrupt
                0x00019244       0x28 ./../Libraries/FreeRTOS/debug/libFreeRTOS_efm32_debug.a(port.o)
                0x00019244                vPortSetupTimerInterrupt
 .text.vPortValidateInterruptPriority
                0x0001926c       0x78 ./../Libraries/FreeRTOS/debug/libFreeRTOS_efm32_debug.a(port.o)
                0x0001926c                vPortValidateInterruptPriority
 .text.vListInitialise
                0x000192e4       0x40 ./../Libraries/FreeRTOS/debug/libFreeRTOS_efm32_debug.a(list.o)
                0x000192e4                vListInitialise
 .text.vListInitialiseItem
                0x00019324       0x1c ./../Libraries/FreeRTOS/debug/libFreeRTOS_efm32_debug.a(list.o)
                0x00019324                vListInitialiseItem
 .text.vListInsertEnd
                0x00019340       0x48 ./../Libraries/FreeRTOS/debug/libFreeRTOS_efm32_debug.a(list.o)
                0x00019340                vListInsertEnd
 .text.vListInsert
                0x00019388       0x74 ./../Libraries/FreeRTOS/debug/libFreeRTOS_efm32_debug.a(list.o)
                0x00019388                vListInsert
 .text.uxListRemove
                0x000193fc       0x58 ./../Libraries/FreeRTOS/debug/libFreeRTOS_efm32_debug.a(list.o)
                0x000193fc                uxListRemove
 .text.ADC_Init
                0x00019454       0x68 ./../Libraries/EMlib/debug/libEMLib_efm32_debug.a(em_adc.o)
                0x00019454                ADC_Init
 .text.ADC_PrescaleCalc
                0x000194bc       0x78 ./../Libraries/EMlib/debug/libEMLib_efm32_debug.a(em_adc.o)
                0x000194bc                ADC_PrescaleCalc
 .text.ADC_TimebaseCalc
                0x00019534       0x74 ./../Libraries/EMlib/debug/libEMLib_efm32_debug.a(em_adc.o)
                0x00019534                ADC_TimebaseCalc
 .text.BITBAND_Peripheral
                0x000195a8       0x30 ./../Libraries/EMlib/debug/libEMLib_efm32_debug.a(em_cmu.o)
 .text.CMU_MaxFreqHfle
                0x000195d8       0xb8 ./../Libraries/EMlib/debug/libEMLib_efm32_debug.a(em_cmu.o)
 .text.CMU_FlashWaitStateMax
                0x00019690       0x68 ./../Libraries/EMlib/debug/libEMLib_efm32_debug.a(em_cmu.o)
 .text.CMU_DivToLog2
                0x000196f8       0x38 ./../Libraries/EMlib/debug/libEMLib_efm32_debug.a(em_cmu.o)
 .text.CMU_FlashWaitStateControl
                0x00019730       0xf4 ./../Libraries/EMlib/debug/libEMLib_efm32_debug.a(em_cmu.o)
 .text.CMU_USBCClkGet
                0x00019824       0x50 ./../Libraries/EMlib/debug/libEMLib_efm32_debug.a(em_cmu.o)
 .text.CMU_AUXClkGet
                0x00019874       0x9c ./../Libraries/EMlib/debug/libEMLib_efm32_debug.a(em_cmu.o)
 .text.CMU_DBGClkGet
                0x00019910       0x64 ./../Libraries/EMlib/debug/libEMLib_efm32_debug.a(em_cmu.o)
 .text.CMU_LFClkGet
                0x00019974       0xd4 ./../Libraries/EMlib/debug/libEMLib_efm32_debug.a(em_cmu.o)
 .text.CMU_Sync
                0x00019a48       0x3c ./../Libraries/EMlib/debug/libEMLib_efm32_debug.a(em_cmu.o)
 .text.CMU_ClockDivSet
                0x00019a84      0x298 ./../Libraries/EMlib/debug/libEMLib_efm32_debug.a(em_cmu.o)
                0x00019a84                CMU_ClockDivSet
 .text.CMU_ClockEnable
                0x00019d1c      0x10c ./../Libraries/EMlib/debug/libEMLib_efm32_debug.a(em_cmu.o)
                0x00019d1c                CMU_ClockEnable
 .text.CMU_ClockFreqGet
                0x00019e28      0x1e8 ./../Libraries/EMlib/debug/libEMLib_efm32_debug.a(em_cmu.o)
                0x00019e28                CMU_ClockFreqGet
 .text.CMU_ClockSelectGet
                0x0001a010      0x1a4 ./../Libraries/EMlib/debug/libEMLib_efm32_debug.a(em_cmu.o)
                0x0001a010                CMU_ClockSelectGet
 .text.CMU_ClockSelectSet
                0x0001a1b4      0x38c ./../Libraries/EMlib/debug/libEMLib_efm32_debug.a(em_cmu.o)
                0x0001a1b4                CMU_ClockSelectSet
 .text.CMU_OscillatorEnable
                0x0001a540       0xe8 ./../Libraries/EMlib/debug/libEMLib_efm32_debug.a(em_cmu.o)
                0x0001a540                CMU_OscillatorEnable
 .text.MSC_Init
                0x0001a628      0x108 ./../Libraries/EMlib/debug/libEMLib_efm32_debug.a(em_msc.o)
                0x0001a628                MSC_Init
 .text.MSC_Deinit
                0x0001a730       0x30 ./../Libraries/EMlib/debug/libEMLib_efm32_debug.a(em_msc.o)
                0x0001a730                MSC_Deinit
 .text.NVIC_DisableIRQ
                0x0001a760       0x3c ./../Libraries/EMlib/debug/libEMLib_efm32_debug.a(em_dma.o)
 .text.BITBAND_Peripheral
                0x0001a79c       0x30 ./../Libraries/EMlib/debug/libEMLib_efm32_debug.a(em_dma.o)
 .text.DMA_Prepare
                0x0001a7cc      0x138 ./../Libraries/EMlib/debug/libEMLib_efm32_debug.a(em_dma.o)
 .text.DMA_IRQHandler
                0x0001a904      0x110 ./../Libraries/EMlib/debug/libEMLib_efm32_debug.a(em_dma.o)
                0x0001a904                DMA_IRQHandler
 .text.DMA_ActivateBasic
                0x0001aa14       0x48 ./../Libraries/EMlib/debug/libEMLib_efm32_debug.a(em_dma.o)
                0x0001aa14                DMA_ActivateBasic
 .text.DMA_CfgChannel
                0x0001aa5c       0xc0 ./../Libraries/EMlib/debug/libEMLib_efm32_debug.a(em_dma.o)
                0x0001aa5c                DMA_CfgChannel
 .text.DMA_CfgDescr
                0x0001ab1c       0x84 ./../Libraries/EMlib/debug/libEMLib_efm32_debug.a(em_dma.o)
                0x0001ab1c                DMA_CfgDescr
 .text.DMA_Reset
                0x0001aba0       0xd4 ./../Libraries/EMlib/debug/libEMLib_efm32_debug.a(em_dma.o)
                0x0001aba0                DMA_Reset
 .text.EMU_UpdateOscConfig
                0x0001ac74       0x20 ./../Libraries/EMlib/debug/libEMLib_efm32_debug.a(em_emu.o)
                0x0001ac74                EMU_UpdateOscConfig
 .text.BITBAND_Peripheral
                0x0001ac94       0x30 ./../Libraries/EMlib/debug/libEMLib_efm32_debug.a(em_gpio.o)
 .text.GPIO_DriveModeSet
                0x0001acc4       0x60 ./../Libraries/EMlib/debug/libEMLib_efm32_debug.a(em_gpio.o)
                0x0001acc4                GPIO_DriveModeSet
 .text.GPIO_IntConfig
                0x0001ad24       0xf4 ./../Libraries/EMlib/debug/libEMLib_efm32_debug.a(em_gpio.o)
                0x0001ad24                GPIO_IntConfig
 .text.GPIO_PinModeSet
                0x0001ae18      0x1b8 ./../Libraries/EMlib/debug/libEMLib_efm32_debug.a(em_gpio.o)
                0x0001ae18                GPIO_PinModeSet
 .text.BITBAND_Peripheral
                0x0001afd0       0x30 ./../Libraries/EMlib/debug/libEMLib_efm32_debug.a(em_i2c.o)
 .text.I2C_BusFreqSet
                0x0001b000       0x94 ./../Libraries/EMlib/debug/libEMLib_efm32_debug.a(em_i2c.o)
                0x0001b000                I2C_BusFreqSet
 .text.I2C_Enable
                0x0001b094       0x40 ./../Libraries/EMlib/debug/libEMLib_efm32_debug.a(em_i2c.o)
                0x0001b094                I2C_Enable
 .text.I2C_Init
                0x0001b0d4       0x84 ./../Libraries/EMlib/debug/libEMLib_efm32_debug.a(em_i2c.o)
                0x0001b0d4                I2C_Init
 .text.I2C_Transfer
                0x0001b158      0x4ec ./../Libraries/EMlib/debug/libEMLib_efm32_debug.a(em_i2c.o)
                0x0001b158                I2C_Transfer
 .text.I2C_TransferInit
                0x0001b644      0x104 ./../Libraries/EMlib/debug/libEMLib_efm32_debug.a(em_i2c.o)
                0x0001b644                I2C_TransferInit
 .text.USART_BaudrateAsyncSet
                0x0001b748       0xd0 ./../Libraries/EMlib/debug/libEMLib_efm32_debug.a(em_usart.o)
                0x0001b748                USART_BaudrateAsyncSet
 .text.USART_BaudrateSyncSet
                0x0001b818       0x7c ./../Libraries/EMlib/debug/libEMLib_efm32_debug.a(em_usart.o)
                0x0001b818                USART_BaudrateSyncSet
 .text.USART_InitAsync
                0x0001b894       0xbc ./../Libraries/EMlib/debug/libEMLib_efm32_debug.a(em_usart.o)
                0x0001b894                USART_InitAsync
 .text.USART_Reset
                0x0001b950       0xd8 ./../Libraries/EMlib/debug/libEMLib_efm32_debug.a(em_usart.o)
                0x0001b950                USART_Reset
 .text.SYSTEM_ChipRevisionGet
                0x0001ba28       0x94 ./../Libraries/EMlib/debug/libEMLib_efm32_debug.a(em_system.o)
                0x0001ba28                SYSTEM_ChipRevisionGet
 .text.NVIC_EnableIRQ
                0x0001babc       0x38 ./../Libraries/EMlib/debug/libEMLib_efm32_debug.a(em_usbd.o)
 .text.NVIC_ClearPendingIRQ
                0x0001baf4       0x3c ./../Libraries/EMlib/debug/libEMLib_efm32_debug.a(em_usbd.o)
 .text.INT_Disable
                0x0001bb30       0x40 ./../Libraries/EMlib/debug/libEMLib_efm32_debug.a(em_usbd.o)
 .text.INT_Enable
                0x0001bb70       0x54 ./../Libraries/EMlib/debug/libEMLib_efm32_debug.a(em_usbd.o)
 .text.USBHAL_DisableGlobalInt
                0x0001bbc4       0x34 ./../Libraries/EMlib/debug/libEMLib_efm32_debug.a(em_usbd.o)
 .text.USBHAL_EnableGlobalInt
                0x0001bbf8       0x34 ./../Libraries/EMlib/debug/libEMLib_efm32_debug.a(em_usbd.o)
 .text.USBDHAL_EnableUsbResetAndSuspendInt
                0x0001bc2c       0x38 ./../Libraries/EMlib/debug/libEMLib_efm32_debug.a(em_usbd.o)
 .text.USBDHAL_EpIsStalled
                0x0001bc64       0x3c ./../Libraries/EMlib/debug/libEMLib_efm32_debug.a(em_usbd.o)
 .text.USBDHAL_GetStallStatusEp
                0x0001bca0       0xc0 ./../Libraries/EMlib/debug/libEMLib_efm32_debug.a(em_usbd.o)
 .text.USBDHAL_SetEp0InDmaPtr
                0x0001bd60       0x28 ./../Libraries/EMlib/debug/libEMLib_efm32_debug.a(em_usbd.o)
 .text.USBDHAL_SetEp0OutDmaPtr
                0x0001bd88       0x28 ./../Libraries/EMlib/debug/libEMLib_efm32_debug.a(em_usbd.o)
 .text.USBDHAL_StartEp0In
                0x0001bdb0       0x5c ./../Libraries/EMlib/debug/libEMLib_efm32_debug.a(em_usbd.o)
 .text.USBDHAL_StartEp0Out
                0x0001be0c       0x5c ./../Libraries/EMlib/debug/libEMLib_efm32_debug.a(em_usbd.o)
 .text.USBDHAL_StartEpIn
                0x0001be68       0xc8 ./../Libraries/EMlib/debug/libEMLib_efm32_debug.a(em_usbd.o)
 .text.USBDHAL_StartEpOut
                0x0001bf30       0xd4 ./../Libraries/EMlib/debug/libEMLib_efm32_debug.a(em_usbd.o)
 .text.USBD_ArmEp
                0x0001c004       0x28 ./../Libraries/EMlib/debug/libEMLib_efm32_debug.a(em_usbd.o)
 .text.USBD_ArmEp0
                0x0001c02c       0x88 ./../Libraries/EMlib/debug/libEMLib_efm32_debug.a(em_usbd.o)
 .text.USBD_ArmEpN
                0x0001c0b4       0x28 ./../Libraries/EMlib/debug/libEMLib_efm32_debug.a(em_usbd.o)
 .text.USBD_GetEpFromAddr
                0x0001c0dc       0xa0 ./../Libraries/EMlib/debug/libEMLib_efm32_debug.a(em_usbd.o)
 .text.USBD_Disconnect
                0x0001c17c       0x14 ./../Libraries/EMlib/debug/libEMLib_efm32_debug.a(em_usbd.o)
                0x0001c17c                USBD_Disconnect
 .text.USBD_GetUsbState
                0x0001c190       0x1c ./../Libraries/EMlib/debug/libEMLib_efm32_debug.a(em_usbd.o)
                0x0001c190                USBD_GetUsbState
 .text.USBD_Init
                0x0001c1ac      0x4fc ./../Libraries/EMlib/debug/libEMLib_efm32_debug.a(em_usbd.o)
                0x0001c1ac                USBD_Init
 .text.USBD_Read
                0x0001c6a8      0x108 ./../Libraries/EMlib/debug/libEMLib_efm32_debug.a(em_usbd.o)
                0x0001c6a8                USBD_Read
 .text.USBD_SetUsbState
                0x0001c7b0       0x98 ./../Libraries/EMlib/debug/libEMLib_efm32_debug.a(em_usbd.o)
                0x0001c7b0                USBD_SetUsbState
 .text.USBD_Write
                0x0001c848      0x10c ./../Libraries/EMlib/debug/libEMLib_efm32_debug.a(em_usbd.o)
                0x0001c848                USBD_Write
 .text.NVIC_ClearPendingIRQ
                0x0001c954       0x3c ./../Libraries/EMlib/debug/libEMLib_efm32_debug.a(em_usbhal.o)
 .text.INT_Disable
                0x0001c990       0x40 ./../Libraries/EMlib/debug/libEMLib_efm32_debug.a(em_usbhal.o)
 .text.INT_Enable
                0x0001c9d0       0x54 ./../Libraries/EMlib/debug/libEMLib_efm32_debug.a(em_usbhal.o)
 .text.USBHAL_FlushRxFifo
                0x0001ca24       0x3c ./../Libraries/EMlib/debug/libEMLib_efm32_debug.a(em_usbhal.o)
 .text.USBHAL_FlushTxFifo
                0x0001ca60       0x4c ./../Libraries/EMlib/debug/libEMLib_efm32_debug.a(em_usbhal.o)
 .text.USBDHAL_DeactivateEp
                0x0001caac       0x88 ./../Libraries/EMlib/debug/libEMLib_efm32_debug.a(em_usbhal.o)
 .text.USBDHAL_GetInEpInts
                0x0001cb34       0x44 ./../Libraries/EMlib/debug/libEMLib_efm32_debug.a(em_usbhal.o)
 .text.USBDHAL_GetOutEpInts
                0x0001cb78       0x44 ./../Libraries/EMlib/debug/libEMLib_efm32_debug.a(em_usbhal.o)
 .text.USBDHAL_SetEPDISNAK
                0x0001cbbc       0xac ./../Libraries/EMlib/debug/libEMLib_efm32_debug.a(em_usbhal.o)
 .text.USBD_GetEpFromAddr
                0x0001cc68       0xa0 ./../Libraries/EMlib/debug/libEMLib_efm32_debug.a(em_usbhal.o)
 .text.USBHAL_CoreReset
                0x0001cd08       0xbc ./../Libraries/EMlib/debug/libEMLib_efm32_debug.a(em_usbhal.o)
                0x0001cd08                USBHAL_CoreReset
 .text.USBDHAL_CoreInit
                0x0001cdc4      0x3ec ./../Libraries/EMlib/debug/libEMLib_efm32_debug.a(em_usbhal.o)
                0x0001cdc4                USBDHAL_CoreInit
 .text.USBDHAL_Disconnect
                0x0001d1b0       0x3c ./../Libraries/EMlib/debug/libEMLib_efm32_debug.a(em_usbhal.o)
                0x0001d1b0                USBDHAL_Disconnect
 .text.USBDHAL_AbortAllEps
                0x0001d1ec      0x53c ./../Libraries/EMlib/debug/libEMLib_efm32_debug.a(em_usbhal.o)
                0x0001d1ec                USBDHAL_AbortAllEps
 .text.USBDHAL_AbortAllTransfers
                0x0001d728       0xc8 ./../Libraries/EMlib/debug/libEMLib_efm32_debug.a(em_usbhal.o)
                0x0001d728                USBDHAL_AbortAllTransfers
 .text.USBDHAL_ReenableEp0Setup
                0x0001d7f0       0x60 ./../Libraries/EMlib/debug/libEMLib_efm32_debug.a(em_usbdep.o)
 .text.USBDHAL_StallEp
                0x0001d850       0xcc ./../Libraries/EMlib/debug/libEMLib_efm32_debug.a(em_usbdep.o)
 .text.USBDHAL_StartEp0In
                0x0001d91c       0x5c ./../Libraries/EMlib/debug/libEMLib_efm32_debug.a(em_usbdep.o)
 .text.USBDHAL_StartEp0Out
                0x0001d978       0x5c ./../Libraries/EMlib/debug/libEMLib_efm32_debug.a(em_usbdep.o)
 .text.USBD_GetEpFromAddr
                0x0001d9d4       0xa0 ./../Libraries/EMlib/debug/libEMLib_efm32_debug.a(em_usbdep.o)
 .text.USBD_ReArmEp0
                0x0001da74       0x64 ./../Libraries/EMlib/debug/libEMLib_efm32_debug.a(em_usbdep.o)
 .text.USBDEP_Ep0Handler
                0x0001dad8      0x300 ./../Libraries/EMlib/debug/libEMLib_efm32_debug.a(em_usbdep.o)
                0x0001dad8                USBDEP_Ep0Handler
 .text.USBDEP_EpHandler
                0x0001ddd8       0x60 ./../Libraries/EMlib/debug/libEMLib_efm32_debug.a(em_usbdep.o)
                0x0001ddd8                USBDEP_EpHandler
 .text.TIMER_CounterGet
                0x0001de38       0x18 ./../Libraries/EMlib/debug/libEMLib_efm32_debug.a(em_usbtimer.o)
 .text.TIMER_TopSet
                0x0001de50       0x1c ./../Libraries/EMlib/debug/libEMLib_efm32_debug.a(em_usbtimer.o)
 .text.DelayTicks
                0x0001de6c       0x4c ./../Libraries/EMlib/debug/libEMLib_efm32_debug.a(em_usbtimer.o)
 .text.USBTIMER_DelayMs
                0x0001deb8       0x84 ./../Libraries/EMlib/debug/libEMLib_efm32_debug.a(em_usbtimer.o)
                0x0001deb8                USBTIMER_DelayMs
 .text.USBTIMER_DelayUs
                0x0001df3c      0x124 ./../Libraries/EMlib/debug/libEMLib_efm32_debug.a(em_usbtimer.o)
                0x0001df3c                USBTIMER_DelayUs
 .text.USBTIMER_Init
                0x0001e060      0x188 ./../Libraries/EMlib/debug/libEMLib_efm32_debug.a(em_usbtimer.o)
                0x0001e060                USBTIMER_Init
 .text.GetProdRev
                0x0001e1e8       0x1c ./../Libraries/EMlib/debug/libEMLib_efm32_debug.a(system_efm32gg.o)
 .text.SystemCoreClockGet
                0x0001e204       0x58 ./../Libraries/EMlib/debug/libEMLib_efm32_debug.a(system_efm32gg.o)
                0x0001e204                SystemCoreClockGet
 .text.SystemHFClockGet
                0x0001e25c      0x110 ./../Libraries/EMlib/debug/libEMLib_efm32_debug.a(system_efm32gg.o)
                0x0001e25c                SystemHFClockGet
 .text.SystemHFXOClockGet
                0x0001e36c       0x18 ./../Libraries/EMlib/debug/libEMLib_efm32_debug.a(system_efm32gg.o)
                0x0001e36c                SystemHFXOClockGet
 .text.SystemInit
                0x0001e384        0xc ./../Libraries/EMlib/debug/libEMLib_efm32_debug.a(system_efm32gg.o)
                0x0001e384                SystemInit
 .text.SystemLFRCOClockGet
                0x0001e390       0x10 ./../Libraries/EMlib/debug/libEMLib_efm32_debug.a(system_efm32gg.o)
                0x0001e390                SystemLFRCOClockGet
 .text.SystemULFRCOClockGet
                0x0001e3a0       0x10 ./../Libraries/EMlib/debug/libEMLib_efm32_debug.a(system_efm32gg.o)
                0x0001e3a0                SystemULFRCOClockGet
 .text.SystemLFXOClockGet
                0x0001e3b0       0x18 ./../Libraries/EMlib/debug/libEMLib_efm32_debug.a(system_efm32gg.o)
                0x0001e3b0                SystemLFXOClockGet
 .text.TIMER_Init
                0x0001e3c8      0x134 ./../Libraries/EMlib/debug/libEMLib_efm32_debug.a(em_timer.o)
                0x0001e3c8                TIMER_Init
 .text.TIMER_InitCC
                0x0001e4fc       0xec ./../Libraries/EMlib/debug/libEMLib_efm32_debug.a(em_timer.o)
                0x0001e4fc                TIMER_InitCC
 .text.USBDHAL_ActivateEp
                0x0001e5e8      0x148 ./../Libraries/EMlib/debug/libEMLib_efm32_debug.a(em_usbdch9.o)
 .text.USBDHAL_DeactivateEp
                0x0001e730       0x88 ./../Libraries/EMlib/debug/libEMLib_efm32_debug.a(em_usbdch9.o)
 .text.USBDHAL_GetStallStatusEp
                0x0001e7b8       0xc0 ./../Libraries/EMlib/debug/libEMLib_efm32_debug.a(em_usbdch9.o)
 .text.USBDHAL_SetAddr
                0x0001e878       0x3c ./../Libraries/EMlib/debug/libEMLib_efm32_debug.a(em_usbdch9.o)
 .text.USBDHAL_StallEp
                0x0001e8b4       0xcc ./../Libraries/EMlib/debug/libEMLib_efm32_debug.a(em_usbdch9.o)
 .text.USBDHAL_UnStallEp
                0x0001e980       0xe4 ./../Libraries/EMlib/debug/libEMLib_efm32_debug.a(em_usbdch9.o)
 .text.USBD_ActivateAllEps
                0x0001ea64       0x54 ./../Libraries/EMlib/debug/libEMLib_efm32_debug.a(em_usbdch9.o)
 .text.USBD_DeactivateAllEps
                0x0001eab8       0x68 ./../Libraries/EMlib/debug/libEMLib_efm32_debug.a(em_usbdch9.o)
 .text.USBD_GetEpFromAddr
                0x0001eb20       0xa0 ./../Libraries/EMlib/debug/libEMLib_efm32_debug.a(em_usbdch9.o)
 .text.USBDCH9_SetupCmd
                0x0001ebc0       0xec ./../Libraries/EMlib/debug/libEMLib_efm32_debug.a(em_usbdch9.o)
                0x0001ebc0                USBDCH9_SetupCmd
 .text.ClearFeature
                0x0001ecac       0xcc ./../Libraries/EMlib/debug/libEMLib_efm32_debug.a(em_usbdch9.o)
 .text.GetConfiguration
                0x0001ed78       0xb8 ./../Libraries/EMlib/debug/libEMLib_efm32_debug.a(em_usbdch9.o)
 .text.GetDescriptor
                0x0001ee30      0x10c ./../Libraries/EMlib/debug/libEMLib_efm32_debug.a(em_usbdch9.o)
 .text.GetInterface
                0x0001ef3c       0x94 ./../Libraries/EMlib/debug/libEMLib_efm32_debug.a(em_usbdch9.o)
 .text.GetStatus
                0x0001efd0      0x1b4 ./../Libraries/EMlib/debug/libEMLib_efm32_debug.a(em_usbdch9.o)
 .text.SetAddress
                0x0001f184       0xb4 ./../Libraries/EMlib/debug/libEMLib_efm32_debug.a(em_usbdch9.o)
 .text.SetConfiguration
                0x0001f238      0x10c ./../Libraries/EMlib/debug/libEMLib_efm32_debug.a(em_usbdch9.o)
 .text.SetFeature
                0x0001f344      0x100 ./../Libraries/EMlib/debug/libEMLib_efm32_debug.a(em_usbdch9.o)
 .text.SetInterface
                0x0001f444       0x68 ./../Libraries/EMlib/debug/libEMLib_efm32_debug.a(em_usbdch9.o)
 .text.bma2x2_init
                0x0001f4ac       0x9c ./../Libraries/BSTLib/debug/libBSTLib_efm32_debug.a(bma2x2.o)
                0x0001f4ac                bma2x2_init
 .text.bma2x2_read_reg
                0x0001f548       0x60 ./../Libraries/BSTLib/debug/libBSTLib_efm32_debug.a(bma2x2.o)
                0x0001f548                bma2x2_read_reg
 .text.bma2x2_read_accel_xyz
                0x0001f5a8      0x28c ./../Libraries/BSTLib/debug/libBSTLib_efm32_debug.a(bma2x2.o)
                0x0001f5a8                bma2x2_read_accel_xyz
 .text.bma2x2_set_bw
                0x0001f834      0x254 ./../Libraries/BSTLib/debug/libBSTLib_efm32_debug.a(bma2x2.o)
                0x0001f834                bma2x2_set_bw
 .text.bme280_init
                0x0001fa88       0xcc ./../Libraries/BSTLib/debug/libBSTLib_efm32_debug.a(bme280.o)
                0x0001fa88                bme280_init
 .text.bme280_compensate_temperature_int32
                0x0001fb54       0xd0 ./../Libraries/BSTLib/debug/libBSTLib_efm32_debug.a(bme280.o)
                0x0001fb54                bme280_compensate_temperature_int32
 .text.bme280_compensate_pressure_int32
                0x0001fc24      0x1d4 ./../Libraries/BSTLib/debug/libBSTLib_efm32_debug.a(bme280.o)
                0x0001fc24                bme280_compensate_pressure_int32
 .text.bme280_compensate_humidity_int32
                0x0001fdf8      0x110 ./../Libraries/BSTLib/debug/libBSTLib_efm32_debug.a(bme280.o)
                0x0001fdf8                bme280_compensate_humidity_int32
 .text.bme280_read_uncomp_pressure_temperature_humidity
                0x0001ff08       0xe0 ./../Libraries/BSTLib/debug/libBSTLib_efm32_debug.a(bme280.o)
                0x0001ff08                bme280_read_uncomp_pressure_temperature_humidity
 .text.bme280_read_pressure_temperature_humidity
                0x0001ffe8       0x8c ./../Libraries/BSTLib/debug/libBSTLib_efm32_debug.a(bme280.o)
                0x0001ffe8                bme280_read_pressure_temperature_humidity
 .text.bme280_get_calib_param
                0x00020074      0x2d8 ./../Libraries/BSTLib/debug/libBSTLib_efm32_debug.a(bme280.o)
                0x00020074                bme280_get_calib_param
 .text.bme280_set_oversamp_temperature
                0x0002034c      0x1e8 ./../Libraries/BSTLib/debug/libBSTLib_efm32_debug.a(bme280.o)
                0x0002034c                bme280_set_oversamp_temperature
 .text.bme280_set_oversamp_pressure
                0x00020534      0x1dc ./../Libraries/BSTLib/debug/libBSTLib_efm32_debug.a(bme280.o)
                0x00020534                bme280_set_oversamp_pressure
 .text.bme280_set_oversamp_humidity
                0x00020710      0x228 ./../Libraries/BSTLib/debug/libBSTLib_efm32_debug.a(bme280.o)
                0x00020710                bme280_set_oversamp_humidity
 .text.bme280_get_power_mode
                0x00020938       0x74 ./../Libraries/BSTLib/debug/libBSTLib_efm32_debug.a(bme280.o)
                0x00020938                bme280_get_power_mode
 .text.bme280_set_power_mode
                0x000209ac      0x1e8 ./../Libraries/BSTLib/debug/libBSTLib_efm32_debug.a(bme280.o)
                0x000209ac                bme280_set_power_mode
 .text.bme280_set_soft_rst
                0x00020b94       0x64 ./../Libraries/BSTLib/debug/libBSTLib_efm32_debug.a(bme280.o)
                0x00020b94                bme280_set_soft_rst
 .text.bme280_set_standby_durn
                0x00020bf8      0x1e0 ./../Libraries/BSTLib/debug/libBSTLib_efm32_debug.a(bme280.o)
                0x00020bf8                bme280_set_standby_durn
 .text.bme280_write_register
                0x00020dd8       0x64 ./../Libraries/BSTLib/debug/libBSTLib_efm32_debug.a(bme280.o)
                0x00020dd8                bme280_write_register
 .text.bme280_read_register
                0x00020e3c       0x64 ./../Libraries/BSTLib/debug/libBSTLib_efm32_debug.a(bme280.o)
                0x00020e3c                bme280_read_register
 .text.bmg160_init
                0x00020ea0       0x6c ./../Libraries/BSTLib/debug/libBSTLib_efm32_debug.a(bmg160.o)
                0x00020ea0                bmg160_init
 .text.bmg160_get_data_XYZ
                0x00020f0c       0xd0 ./../Libraries/BSTLib/debug/libBSTLib_efm32_debug.a(bmg160.o)
                0x00020f0c                bmg160_get_data_XYZ
 .text.bmi160_init
                0x00020fdc       0x90 ./../Libraries/BSTLib/debug/libBSTLib_efm32_debug.a(bmi160.o)
                0x00020fdc                bmi160_init
 .text.bmi160_write_reg
                0x0002106c       0x60 ./../Libraries/BSTLib/debug/libBSTLib_efm32_debug.a(bmi160.o)
                0x0002106c                bmi160_write_reg
 .text.bmi160_read_gyro_xyz
                0x000210cc       0xc4 ./../Libraries/BSTLib/debug/libBSTLib_efm32_debug.a(bmi160.o)
                0x000210cc                bmi160_read_gyro_xyz
 .text.bmi160_read_accel_xyz
                0x00021190       0xc4 ./../Libraries/BSTLib/debug/libBSTLib_efm32_debug.a(bmi160.o)
                0x00021190                bmi160_read_accel_xyz
 .text.bmi160_set_command_register
                0x00021254       0x60 ./../Libraries/BSTLib/debug/libBSTLib_efm32_debug.a(bmi160.o)
                0x00021254                bmi160_set_command_register
 .text.bmm050_init
                0x000212b4       0xbc ./../Libraries/BSTLib/debug/libBSTLib_efm32_debug.a(bmm050.o)
                0x000212b4                bmm050_init
 .text.bmm050_set_presetmode
                0x00021370      0x120 ./../Libraries/BSTLib/debug/libBSTLib_efm32_debug.a(bmm050.o)
                0x00021370                bmm050_set_presetmode
 .text.bmm050_set_functional_state
                0x00021490      0x28c ./../Libraries/BSTLib/debug/libBSTLib_efm32_debug.a(bmm050.o)
                0x00021490                bmm050_set_functional_state
 .text.bmm050_read_mag_data_XYZ_s32
                0x0002171c      0x158 ./../Libraries/BSTLib/debug/libBSTLib_efm32_debug.a(bmm050.o)
                0x0002171c                bmm050_read_mag_data_XYZ_s32
 .text.bmm050_set_data_rate
                0x00021874       0xbc ./../Libraries/BSTLib/debug/libBSTLib_efm32_debug.a(bmm050.o)
                0x00021874                bmm050_set_data_rate
 .text.bmm050_init_trim_registers
                0x00021930      0x344 ./../Libraries/BSTLib/debug/libBSTLib_efm32_debug.a(bmm050.o)
                0x00021930                bmm050_init_trim_registers
 .text.bmm050_get_power_mode
                0x00021c74       0x78 ./../Libraries/BSTLib/debug/libBSTLib_efm32_debug.a(bmm050.o)
                0x00021c74                bmm050_get_power_mode
 .text.bmm050_set_power_mode
                0x00021cec       0xb8 ./../Libraries/BSTLib/debug/libBSTLib_efm32_debug.a(bmm050.o)
                0x00021cec                bmm050_set_power_mode
 .text.bmm050_set_rep_XY
                0x00021da4       0x6c ./../Libraries/BSTLib/debug/libBSTLib_efm32_debug.a(bmm050.o)
                0x00021da4                bmm050_set_rep_XY
 .text.bmm050_set_rep_Z
                0x00021e10       0x6c ./../Libraries/BSTLib/debug/libBSTLib_efm32_debug.a(bmm050.o)
                0x00021e10                bmm050_set_rep_Z
 .text.bmm050_compensate_X
                0x00021e7c      0x114 ./../Libraries/BSTLib/debug/libBSTLib_efm32_debug.a(bmm050.o)
                0x00021e7c                bmm050_compensate_X
 .text.bmm050_compensate_X_s32
                0x00021f90       0x40 ./../Libraries/BSTLib/debug/libBSTLib_efm32_debug.a(bmm050.o)
                0x00021f90                bmm050_compensate_X_s32
 .text.bmm050_compensate_Y
                0x00021fd0      0x114 ./../Libraries/BSTLib/debug/libBSTLib_efm32_debug.a(bmm050.o)
                0x00021fd0                bmm050_compensate_Y
 .text.bmm050_compensate_Y_s32
                0x000220e4       0x40 ./../Libraries/BSTLib/debug/libBSTLib_efm32_debug.a(bmm050.o)
                0x000220e4                bmm050_compensate_Y_s32
 .text.bmm050_compensate_Z_s32
                0x00022124       0xf4 ./../Libraries/BSTLib/debug/libBSTLib_efm32_debug.a(bmm050.o)
                0x00022124                bmm050_compensate_Z_s32
 .text.Retcode_Initialize
                0x00022218       0x60 ./../Platform/Essentials/release/libEssentials_efm32.a(Retcode.o)
                0x00022218                Retcode_Initialize
 .text.Retcode_RaiseError
                0x00022278       0x24 ./../Platform/Essentials/release/libEssentials_efm32.a(Retcode.o)
                0x00022278                Retcode_RaiseError
 .text.Retcode_RaiseErrorFromIsr
                0x0002229c       0x24 ./../Platform/Essentials/release/libEssentials_efm32.a(Retcode.o)
                0x0002229c                Retcode_RaiseErrorFromIsr
 .text.Retcode_initialize
                0x000222c0       0x1c ./../Platform/Essentials/release/libEssentials_efm32.a(Retcode.o)
                0x000222c0                Retcode_initialize
 .text.RTC_IntClear
                0x000222dc       0x20 ./../Platform/Essentials/release/libEssentials_efm32.a(Timer.o)
 .text.RTC_IntDisable
                0x000222fc       0x30 ./../Platform/Essentials/release/libEssentials_efm32.a(Timer.o)
 .text.RTC_IntGet
                0x0002232c       0x18 ./../Platform/Essentials/release/libEssentials_efm32.a(Timer.o)
 .text.TIMER_IntClear
                0x00022344       0x1c ./../Platform/Essentials/release/libEssentials_efm32.a(Timer.o)
 .text.TIMER_IntDisable
                0x00022360       0x24 ./../Platform/Essentials/release/libEssentials_efm32.a(Timer.o)
 .text.TIMER_IntGet
                0x00022384       0x18 ./../Platform/Essentials/release/libEssentials_efm32.a(Timer.o)
 .text.LETIMER_IntClear
                0x0002239c       0x1c ./../Platform/Essentials/release/libEssentials_efm32.a(Timer.o)
 .text.LETIMER_IntDisable
                0x000223b8       0x24 ./../Platform/Essentials/release/libEssentials_efm32.a(Timer.o)
 .text.LETIMER_IntGet
                0x000223dc       0x18 ./../Platform/Essentials/release/libEssentials_efm32.a(Timer.o)
 .text.MCU_Timer_Initialize
                0x000223f4       0xe4 ./../Platform/Essentials/release/libEssentials_efm32.a(Timer.o)
                0x000223f4                MCU_Timer_Initialize
 .text.MCU_Timer_Callback
                0x000224d8       0x5c ./../Platform/Essentials/release/libEssentials_efm32.a(Timer.o)
                0x000224d8                MCU_Timer_Callback
 .text.ValidateTimerHandle
                0x00022534       0x40 ./../Platform/Essentials/release/libEssentials_efm32.a(Timer.o)
 .text.getTimerEvent