Archive member included because of file (symbol)

./../Platform/Sensors/debug/libSensors_efm32_debug.a(Accelerometer.o)
                              C:/Users/yipai.du/Documents/Intelligent-Glove/xdkProj/MqttApp/debug/objects/SensorEnvironment.o (Accelerometer_init)
./../Platform/Sensors/debug/libSensors_efm32_debug.a(Environmental.o)
                              C:/Users/yipai.du/Documents/Intelligent-Glove/xdkProj/MqttApp/debug/objects/SensorEnvironment.o (Environmental_init)
./../Platform/Sensors/debug/libSensors_efm32_debug.a(EnvironmentalUtils.o)
                              ./../Platform/Sensors/debug/libSensors_efm32_debug.a(Environmental.o) (SetAmbientTemperatureOffset)
./../Platform/Sensors/debug/libSensors_efm32_debug.a(Gyroscope.o)
                              C:/Users/yipai.du/Documents/Intelligent-Glove/xdkProj/MqttApp/debug/objects/SensorEnvironment.o (Gyroscope_init)
./../Platform/Sensors/debug/libSensors_efm32_debug.a(Magnetometer.o)
                              C:/Users/yipai.du/Documents/Intelligent-Glove/xdkProj/MqttApp/debug/objects/SensorEnvironment.o (Magnetometer_init)
./../Platform/BSP/debug/libBSP_efm32_debug.a(BSP_LED.o)
                              C:/Users/yipai.du/Documents/Intelligent-Glove/xdkProj/MqttApp/debug/objects/source/SystemStartup.o (BSP_LED_Connect)
./../Platform/BSP/debug/libBSP_efm32_debug.a(BSP_USB.o)
                              C:/Users/yipai.du/Documents/Intelligent-Glove/xdkProj/MqttApp/debug/objects/source/RetargetStdio.o (RETARGET_WriteChar)
./../Platform/BSP/debug/libBSP_efm32_debug.a(BSP_Board.o)
                              C:/Users/yipai.du/Documents/Intelligent-Glove/xdkProj/MqttApp/debug/objects/source/SystemStartup.o (BSP_Board_OSTickInitialize)
./../Platform/BSP/debug/libBSP_efm32_debug.a(BSP_Button.o)
                              C:/Users/yipai.du/Documents/Intelligent-Glove/xdkProj/MqttApp/debug/objects/SensorButtonOne.o (BSP_Button_Connect)
./../Platform/BSP/debug/libBSP_efm32_debug.a(BSP_DMA.o)
                              ./../Platform/BSP/debug/libBSP_efm32_debug.a(BSP_Board.o) (BSP_DMA_Initialize)
./../Platform/BSP/debug/libBSP_efm32_debug.a(BSP_IrqHandler.o)
                              ./../Platform/BSP/debug/libBSP_efm32_debug.a(BSP_Board.o) (IrqHandler_SysTickDummyHandler)
./../Platform/BSP/debug/libBSP_efm32_debug.a(BSP_ExtensionPort.o)
                              ./../Platform/BSP/debug/libBSP_efm32_debug.a(BSP_IrqHandler.o) (BSP_ExtensionPort_I2cIsr)
./../Platform/BSP/debug/libBSP_efm32_debug.a(BSP_WiFi_cc3100mod.o)
                              ./../Platform/BSP/debug/libBSP_efm32_debug.a(BSP_IrqHandler.o) (WiFi_CC3100MOD_SPIRxISR)
./../Platform/BSP/debug/libBSP_efm32_debug.a(BSP_BT_EM9301.o)
                              ./../Platform/BSP/debug/libBSP_efm32_debug.a(BSP_IrqHandler.o) (BT_EM9301_UART_TxISR)
./../Platform/BSP/debug/libBSP_efm32_debug.a(BSP_SensorNode.o)
                              ./../Platform/BSP/debug/libBSP_efm32_debug.a(BSP_IrqHandler.o) (SensorNode_I2CISR)
./../Platform/BSP/debug/libBSP_efm32_debug.a(BSP_SDCard.o)
                              ./../Platform/BSP/debug/libBSP_efm32_debug.a(BSP_IrqHandler.o) (SDCard_SPIRxISR)
./../Libraries/FreeRTOS/debug/libFreeRTOS_efm32_debug.a(queue.o)
                              C:/Users/yipai.du/Documents/Intelligent-Glove/xdkProj/MqttApp/debug/objects/ConnectivityMQTTMessaging.o (xQueueGenericCreate)
./../Libraries/FreeRTOS/debug/libFreeRTOS_efm32_debug.a(tasks.o)
                              ./../Libraries/FreeRTOS/debug/libFreeRTOS_efm32_debug.a(queue.o) (vTaskSuspendAll)
./../Libraries/FreeRTOS/debug/libFreeRTOS_efm32_debug.a(timers.o)
                              ./../Libraries/FreeRTOS/debug/libFreeRTOS_efm32_debug.a(tasks.o) (xTimerCreateTimerTask)
./../Libraries/FreeRTOS/debug/libFreeRTOS_efm32_debug.a(heap_4.o)
                              ./../Libraries/FreeRTOS/debug/libFreeRTOS_efm32_debug.a(queue.o) (pvPortMalloc)
./../Libraries/FreeRTOS/debug/libFreeRTOS_efm32_debug.a(port.o)
                              ./../Libraries/FreeRTOS/debug/libFreeRTOS_efm32_debug.a(tasks.o) (pxPortInitialiseStack)
./../Libraries/FreeRTOS/debug/libFreeRTOS_efm32_debug.a(list.o)
                              ./../Libraries/FreeRTOS/debug/libFreeRTOS_efm32_debug.a(queue.o) (vListInitialise)
./../Libraries/EMlib/debug/libEMLib_efm32_debug.a(em_adc.o)
                              ./../Platform/BSP/debug/libBSP_efm32_debug.a(BSP_Board.o) (ADC_Init)
./../Libraries/EMlib/debug/libEMLib_efm32_debug.a(em_cmu.o)
                              ./../Platform/BSP/debug/libBSP_efm32_debug.a(BSP_Board.o) (CMU_ClockDivSet)
./../Libraries/EMlib/debug/libEMLib_efm32_debug.a(em_msc.o)
                              ./../Platform/BSP/debug/libBSP_efm32_debug.a(BSP_Board.o) (MSC_Init)
./../Libraries/EMlib/debug/libEMLib_efm32_debug.a(em_dma.o)
[...]
Memory Configuration

Name             Origin             Length             Attributes
FLASH            0x00010000         0x000f0000         xr
RAM              0x20000000         0x00020000         xrw
*default*        0x00000000         0xffffffff

Linker script and memory map

LOAD c:/xdk-workbench/xdk/armgcc/bin/../lib/gcc/arm-none-eabi/4.7.4/armv7-m/crti.o
LOAD c:/xdk-workbench/xdk/armgcc/bin/../lib/gcc/arm-none-eabi/4.7.4/armv7-m/crtbegin.o
LOAD c:/xdk-workbench/xdk/armgcc/bin/../lib/gcc/arm-none-eabi/4.7.4/../../../../arm-none-eabi/lib/armv7-m/crt0.o
LOAD C:/Users/yipai.du/Documents/Intelligent-Glove/xdkProj/MqttApp/debug/objects/source/Assert.o
LOAD C:/Users/yipai.du/Documents/Intelligent-Glove/xdkProj/MqttApp/debug/objects/source/RetargetStdio.o
LOAD C:/Users/yipai.du/Documents/Intelligent-Glove/xdkProj/MqttApp/debug/objects/source/BleDeviceInfoService.o
LOAD C:/Users/yipai.du/Documents/Intelligent-Glove/xdkProj/MqttApp/debug/objects/source/cJSON.o
LOAD C:/Users/yipai.du/Documents/Intelligent-Glove/xdkProj/MqttApp/debug/objects/source/UsbResetUtility.o
LOAD C:/Users/yipai.du/Documents/Intelligent-Glove/xdkProj/MqttApp/debug/objects/source/SensorHandle.o
LOAD C:/Users/yipai.du/Documents/Intelligent-Glove/xdkProj/MqttApp/debug/objects/source/SystemStartup.o
LOAD C:/Users/yipai.du/Documents/Intelligent-Glove/xdkProj/MqttApp/debug/objects/source/XdkVersion.o
LOAD C:/Users/yipai.du/Documents/Intelligent-Glove/xdkProj/MqttApp/debug/objects/legacy/source/ServalPAL_WiFi.o
LOAD C:/Users/yipai.du/Documents/Intelligent-Glove/xdkProj/MqttApp/debug/objects/./../Libraries/EMlib/3rd-party/EMLib/usb/src/em_usbdint.o
LOAD C:/Users/yipai.du/Documents/Intelligent-Glove/xdkProj/MqttApp/debug/objects/Main.o
LOAD C:/Users/yipai.du/Documents/Intelligent-Glove/xdkProj/MqttApp/debug/objects/SensorButtonOne.o
LOAD C:/Users/yipai.du/Documents/Intelligent-Glove/xdkProj/MqttApp/debug/objects/SensorEnvironment.o
LOAD C:/Users/yipai.du/Documents/Intelligent-Glove/xdkProj/MqttApp/debug/objects/ConnectivityMQTTMessaging.o
LOAD C:/Users/yipai.du/Documents/Intelligent-Glove/xdkProj/MqttApp/debug/objects/ConnectivityWLANWireless.o
LOAD C:/Users/yipai.du/Documents/Intelligent-Glove/xdkProj/MqttApp/debug/objects/XdkTime.o
LOAD C:/Users/yipai.du/Documents/Intelligent-Glove/xdkProj/MqttApp/debug/objects/MqttApp.o
LOAD C:/Users/yipai.du/Documents/Intelligent-Glove/xdkProj/MqttApp/debug/objects/startup_efm32gg.o
START GROUP
LOAD ./../Platform/SensorUtils/debug/libSensorUtils_efm32_debug.a
LOAD ./../Platform/Sensors/debug/libSensors_efm32_debug.a
LOAD ./../Platform/BSP/debug/libBSP_efm32_debug.a
LOAD ./../Libraries/FreeRTOS/debug/libFreeRTOS_efm32_debug.a
LOAD ./../Libraries/EMlib/debug/libEMLib_efm32_debug.a
LOAD ./../Libraries/BSTLib/debug/libBSTLib_efm32_debug.a
LOAD ./../Libraries/WiFi/debug/libWiFi_efm32_debug.a
LOAD ./../Libraries/FATfs/debug/libFATfs_efm32_debug.a
LOAD ./../Platform/Essentials/release/libEssentials_efm32.a
LOAD ./../Platform/Utils/release/libUtils_efm32.a
LOAD ./../Platform/Drivers/release/libDrivers_efm32.a
LOAD ./../Platform/FOTA/release/libFOTA_efm32.a
LOAD ./../Platform/Wlan/release/libWlan_efm32.a
LOAD ./../Platform/BLE/release/libBLE_efm32.a
LOAD ./../Platform/SensorToolbox/release/libSensorToolbox_efm32.a
LOAD ./../Libraries/BLEStack/3rd-party/Alpwise/ALPW-BLESDKCM3/BLESW_AlertNotification/Libraries/BLESW_ANP_Server_CM3.a
LOAD ./../Libraries/BLEStack/3rd-party/Alpwise/ALPW-BLESDKCM3/BLESW_AlertNotification/Libraries/BLESW_ANP_Client_CM3.a
LOAD ./../Libraries/BLEStack/3rd-party/Alpwise/ALPW-BLESDKCM3/BLESW_ALPWDataExchange/Libraries/BLESW_ALPWDEP_Server_CM3.a
LOAD ./../Libraries/BLEStack/3rd-party/Alpwise/ALPW-BLESDKCM3/BLESW_ALPWDataExchange/Libraries/BLESW_ALPWDEP_Client_CM3.a
LOAD ./../Libraries/BLEStack/3rd-party/Alpwise/ALPW-BLESDKCM3/BLESW_AppleNotificationCenter/Libraries/BLESW_ANCP_Consumer_CM3.a
LOAD ./../Libraries/BLEStack/3rd-party/Alpwise/ALPW-BLESDKCM3/BLESW_BloodPressure/Libraries/BLESW_BLP_Sensor_CM3.a
LOAD ./../Libraries/BLEStack/3rd-party/Alpwise/ALPW-BLESDKCM3/BLESW_BloodPressure/Libraries/BLESW_BLP_Collector_CM3.a
LOAD ./../Libraries/BLEStack/3rd-party/Alpwise/ALPW-BLESDKCM3/BLESW_CoreStack/Libraries/BLESW_CPS_CM3.a
LOAD ./../Libraries/BLEStack/3rd-party/Alpwise/ALPW-BLESDKCM3/BLESW_CoreStack/Libraries/BLESW_CoreStack_CM3.a
LOAD ./../Libraries/BLEStack/3rd-party/Alpwise/ALPW-BLESDKCM3/BLESW_CoreStack/Libraries/BLESW_CSCS_CM3.a
LOAD ./../Libraries/BLEStack/3rd-party/Alpwise/ALPW-BLESDKCM3/BLESW_CoreStack/Libraries/BLESW_RTUS_CM3.a
LOAD ./../Libraries/BLEStack/3rd-party/Alpwise/ALPW-BLESDKCM3/BLESW_CoreStack/Libraries/BLESW_HRS_CM3.a
LOAD ./../Libraries/BLEStack/3rd-party/Alpwise/ALPW-BLESDKCM3/BLESW_CoreStack/Libraries/BLESW_CTS_CM3.a
LOAD ./../Libraries/BLEStack/3rd-party/Alpwise/ALPW-BLESDKCM3/BLESW_CoreStack/Libraries/BLESW_CoreStack_Monitor_CM3.a
LOAD ./../Libraries/BLEStack/3rd-party/Alpwise/ALPW-BLESDKCM3/BLESW_CoreStack/Libraries/BLESW_UDS_CM3.a
LOAD ./../Libraries/BLEStack/3rd-party/Alpwise/ALPW-BLESDKCM3/BLESW_CoreStack/Libraries/BLESW_NDCS_CM3.a
LOAD ./../Libraries/BLEStack/3rd-party/Alpwise/ALPW-BLESDKCM3/BLESW_CoreStack/Libraries/BLESW_TPS_CM3.a
LOAD ./../Libraries/BLEStack/3rd-party/Alpwise/ALPW-BLESDKCM3/BLESW_CoreStack/Libraries/BLESW_BLS_CM3.a
LOAD ./../Libraries/BLEStack/3rd-party/Alpwise/ALPW-BLESDKCM3/BLESW_CoreStack/Libraries/BLESW_LNS_CM3.a
LOAD ./../Libraries/BLEStack/3rd-party/Alpwise/ALPW-BLESDKCM3/BLESW_CoreStack/Libraries/BLESW_LLS_CM3.a
LOAD ./../Libraries/BLEStack/3rd-party/Alpwise/ALPW-BLESDKCM3/BLESW_CoreStack/Libraries/BLESW_WSS_CM3.a
LOAD ./../Libraries/BLEStack/3rd-party/Alpwise/ALPW-BLESDKCM3/BLESW_CoreStack/Libraries/BLESW_RSCS_CM3.a
LOAD ./../Libraries/BLEStack/3rd-party/Alpwise/ALPW-BLESDKCM3/BLESW_CoreStack/Libraries/BLESW_BAS_CM3.a
LOAD ./../Libraries/BLEStack/3rd-party/Alpwise/ALPW-BLESDKCM3/BLESW_CoreStack/Libraries/BLESW_IAS_CM3.a
LOAD ./../Libraries/BLEStack/3rd-party/Alpwise/ALPW-BLESDKCM3/BLESW_CoreStack/Libraries/BLESW_PASS_CM3.a
LOAD ./../Libraries/BLEStack/3rd-party/Alpwise/ALPW-BLESDKCM3/BLESW_CoreStack/Libraries/BLESW_HTS_CM3.a
LOAD ./../Libraries/BLEStack/3rd-party/Alpwise/ALPW-BLESDKCM3/BLESW_CoreStack/Libraries/BLESW_ALPWDES_CM3.a
LOAD ./../Libraries/BLEStack/3rd-party/Alpwise/ALPW-BLESDKCM3/BLESW_CoreStack/Libraries/BLESW_BCS_CM3.a
LOAD ./../Libraries/BLEStack/3rd-party/Alpwise/ALPW-BLESDKCM3/BLESW_CoreStack/Libraries/BLESW_ANS_CM3.a
LOAD ./../Libraries/BLEStack/3rd-party/Alpwise/ALPW-BLESDKCM3/BLESW_CoreStack/Libraries/BLESW_HIDS_CM3.a
LOAD ./../Libraries/BLEStack/3rd-party/Alpwise/ALPW-BLESDKCM3/BLESW_CoreStack/Libraries/BLESW_GLS_CM3.a
LOAD ./../Libraries/BLEStack/3rd-party/Alpwise/ALPW-BLESDKCM3/BLESW_CoreStack/Libraries/BLESW_NWAS_CM3.a
LOAD ./../Libraries/BLEStack/3rd-party/Alpwise/ALPW-BLESDKCM3/BLESW_CoreStack/Libraries/BLESW_DIS_CM3.a
LOAD ./../Libraries/BLEStack/3rd-party/Alpwise/ALPW-BLESDKCM3/BLESW_CyclingPower/Libraries/BLESW_CPP_Sensor_CM3.a
LOAD ./../Libraries/BLEStack/3rd-party/Alpwise/ALPW-BLESDKCM3/BLESW_CyclingPower/Libraries/BLESW_CPP_Collector_CM3.a
LOAD ./../Libraries/BLEStack/3rd-party/Alpwise/ALPW-BLESDKCM3/BLESW_CyclingSpeedAndCadence/Libraries/BLESW_CSCP_Sensor_CM3.a
LOAD ./../Libraries/BLEStack/3rd-party/Alpwise/ALPW-BLESDKCM3/BLESW_CyclingSpeedAndCadence/Libraries/BLESW_CSCP_Collector_CM3.a
LOAD ./../Libraries/BLEStack/3rd-party/Alpwise/ALPW-BLESDKCM3/BLESW_FindMe/Libraries/BLESW_FMP_Target_CM3.a
LOAD ./../Libraries/BLEStack/3rd-party/Alpwise/ALPW-BLESDKCM3/BLESW_FindMe/Libraries/BLESW_FMP_Locator_CM3.a
LOAD ./../Libraries/BLEStack/3rd-party/Alpwise/ALPW-BLESDKCM3/BLESW_Glucose/Libraries/BLESW_GLP_Sensor_CM3.a
LOAD ./../Libraries/BLEStack/3rd-party/Alpwise/ALPW-BLESDKCM3/BLESW_Glucose/Libraries/BLESW_GLP_Collector_CM3.a
LOAD ./../Libraries/BLEStack/3rd-party/Alpwise/ALPW-BLESDKCM3/BLESW_HealthThermometer/Libraries/BLESW_HTP_Thermometer_CM3.a
LOAD ./../Libraries/BLEStack/3rd-party/Alpwise/ALPW-BLESDKCM3/BLESW_HealthThermometer/Libraries/BLESW_HTP_Collector_CM3.a
LOAD ./../Libraries/BLEStack/3rd-party/Alpwise/ALPW-BLESDKCM3/BLESW_HeartRate/Libraries/BLESW_HRP_Sensor_CM3.a
LOAD ./../Libraries/BLEStack/3rd-party/Alpwise/ALPW-BLESDKCM3/BLESW_HeartRate/Libraries/BLESW_HRP_Collector_CM3.a
LOAD ./../Libraries/BLEStack/3rd-party/Alpwise/ALPW-BLESDKCM3/BLESW_HumanInterfaceDevice/Libraries/BLESW_HID_Device_CM3.a
LOAD ./../Libraries/BLEStack/3rd-party/Alpwise/ALPW-BLESDKCM3/BLESW_HumanInterfaceDevice/Libraries/BLESW_HID_Host_CM3.a
LOAD ./../Libraries/BLEStack/3rd-party/Alpwise/ALPW-BLESDKCM3/BLESW_iBeacon/Libraries/BLESW_IBN_Reporter_CM3.a
LOAD ./../Libraries/BLEStack/3rd-party/Alpwise/ALPW-BLESDKCM3/BLESW_LocationAndNavigation/Libraries/BLESW_LNP_Sensor_CM3.a
LOAD ./../Libraries/BLEStack/3rd-party/Alpwise/ALPW-BLESDKCM3/BLESW_LocationAndNavigation/Libraries/BLESW_LNP_Collector_CM3.a
LOAD ./../Libraries/BLEStack/3rd-party/Alpwise/ALPW-BLESDKCM3/BLESW_NetworkAvailability/Libraries/BLESW_NWAP_Monitor_CM3.a
LOAD ./../Libraries/BLEStack/3rd-party/Alpwise/ALPW-BLESDKCM3/BLESW_NetworkAvailability/Libraries/BLESW_NWAP_Reporter_CM3.a
LOAD ./../Libraries/BLEStack/3rd-party/Alpwise/ALPW-BLESDKCM3/BLESW_PhoneAlertStatus/Libraries/BLESW_PASP_Client_CM3.a
LOAD ./../Libraries/BLEStack/3rd-party/Alpwise/ALPW-BLESDKCM3/BLESW_PhoneAlertStatus/Libraries/BLESW_PASP_Server_CM3.a
LOAD ./../Libraries/BLEStack/3rd-party/Alpwise/ALPW-BLESDKCM3/BLESW_Proximity/Libraries/BLESW_PXP_Reporter_CM3.a
LOAD ./../Libraries/BLEStack/3rd-party/Alpwise/ALPW-BLESDKCM3/BLESW_Proximity/Libraries/BLESW_PXP_Monitor_CM3.a
LOAD ./../Libraries/BLEStack/3rd-party/Alpwise/ALPW-BLESDKCM3/BLESW_RunningSpeedAndCadence/Libraries/BLESW_RSCP_Sensor_CM3.a
LOAD ./../Libraries/BLEStack/3rd-party/Alpwise/ALPW-BLESDKCM3/BLESW_RunningSpeedAndCadence/Libraries/BLESW_RSCP_Collector_CM3.a
LOAD ./../Libraries/BLEStack/3rd-party/Alpwise/ALPW-BLESDKCM3/BLESW_Time/Libraries/BLESW_TIP_Server_CM3.a
LOAD ./../Libraries/BLEStack/3rd-party/Alpwise/ALPW-BLESDKCM3/BLESW_Time/Libraries/BLESW_TIP_Client_CM3.a
LOAD ./../Libraries/EMlib/3rd-party/EMLib/CMSIS/Lib/GCC/libarm_cortexM3l_math.a
LOAD ./../Libraries/BSX/BSX4/Source/algo/algo_bsx/Lib/libalgobsxm3/libalgobsx.a
LOAD ./../Platform/LoRaDrivers/release/libLoRaDrivers_efm32.a
LOAD ./../Platform/ServalPAL/release/libServalPal_efm32.a
LOAD ./../Libraries/Escrypt_CycurTLS/release/libEscrypt_CycurTLS_efm32.a
END GROUP
START GROUP
LOAD c:/xdk-workbench/xdk/armgcc/bin/../lib/gcc/arm-none-eabi/4.7.4/armv7-m\libgcc.a
LOAD c:/xdk-workbench/xdk/armgcc/bin/../lib/gcc/arm-none-eabi/4.7.4/../../../../arm-none-eabi/lib/armv7-m\libc.a
LOAD c:/xdk-workbench/xdk/armgcc/bin/../lib/gcc/arm-none-eabi/4.7.4/../../../../arm-none-eabi/lib/armv7-m\libm.a
END GROUP
START GROUP
LOAD c:/xdk-workbench/xdk/armgcc/bin/../lib/gcc/arm-none-eabi/4.7.4/armv7-m\libgcc.a
LOAD c:/xdk-workbench/xdk/armgcc/bin/../lib/gcc/arm-none-eabi/4.7.4/../../../../arm-none-eabi/lib/armv7-m\libc.a
END GROUP
LOAD c:/xdk-workbench/xdk/armgcc/bin/../lib/gcc/arm-none-eabi/4.7.4/armv7-m/crtend.o
LOAD c:/xdk-workbench/xdk/armgcc/bin/../lib/gcc/arm-none-eabi/4.7.4/armv7-m/crtn.o

.text           0x00010000    0x2ff04
 *(.isr_vector)
 .isr_vector    0x00010000      0x100 C:/Users/yipai.du/Documents/Intelligent-Glove/xdkProj/MqttApp/debug/objects/startup_efm32gg.o
                0x00010000                __isr_vector
 *(.text*)
 .text          0x00010100       0x54 c:/xdk-workbench/xdk/armgcc/bin/../lib/gcc/arm-none-eabi/4.7.4/armv7-m/crtbegin.o
 .text          0x00010154       0x70 c:/xdk-workbench/xdk/armgcc/bin/../lib/gcc/arm-none-eabi/4.7.4/../../../../arm-none-eabi/lib/armv7-m/crt0.o
                0x00010154                _start
                0x00010154                start
                0x00010154                _mainCRTStartup
 .text.Assert_Initialize
                0x000101c4       0x40 C:/Users/yipai.du/Documents/Intelligent-Glove/xdkProj/MqttApp/debug/objects/source/Assert.o
                0x000101c4                Assert_Initialize
 .text.Assert_Dynamic
                0x00010204       0x2c C:/Users/yipai.du/Documents/Intelligent-Glove/xdkProj/MqttApp/debug/objects/source/Assert.o
                0x00010204                Assert_Dynamic
 .text._close   0x00010230       0x18 C:/Users/yipai.du/Documents/Intelligent-Glove/xdkProj/MqttApp/debug/objects/source/RetargetStdio.o
                0x00010230                _close
 .text._exit    0x00010248        0xc C:/Users/yipai.du/Documents/Intelligent-Glove/xdkProj/MqttApp/debug/objects/source/RetargetStdio.o
                0x00010248                _exit
 .text._fstat   0x00010254       0x24 C:/Users/yipai.du/Documents/Intelligent-Glove/xdkProj/MqttApp/debug/objects/source/RetargetStdio.o
                0x00010254                _fstat
 .text._isatty  0x00010278       0x18 C:/Users/yipai.du/Documents/Intelligent-Glove/xdkProj/MqttApp/debug/objects/source/RetargetStdio.o
                0x00010278                _isatty
 .text._lseek   0x00010290       0x1c C:/Users/yipai.du/Documents/Intelligent-Glove/xdkProj/MqttApp/debug/objects/source/RetargetStdio.o
                0x00010290                _lseek
 .text._read    0x000102ac       0x70 C:/Users/yipai.du/Documents/Intelligent-Glove/xdkProj/MqttApp/debug/objects/source/RetargetStdio.o
                0x000102ac                _read
 .text._sbrk    0x0001031c       0xa0 C:/Users/yipai.du/Documents/Intelligent-Glove/xdkProj/MqttApp/debug/objects/source/RetargetStdio.o
                0x0001031c                _sbrk
 .text._write   0x000103bc       0x20 C:/Users/yipai.du/Documents/Intelligent-Glove/xdkProj/MqttApp/debug/objects/source/RetargetStdio.o
                0x000103bc                _write
 .text.NVIC_SystemReset
                0x000103dc       0x30 C:/Users/yipai.du/Documents/Intelligent-Glove/xdkProj/MqttApp/debug/objects/source/UsbResetUtility.o
 .text.UsbResetUtility_SystemReset
                0x0001040c       0x10 C:/Users/yipai.du/Documents/Intelligent-Glove/xdkProj/MqttApp/debug/objects/source/UsbResetUtility.o
 .text.UsbResetUtility_InteruptHandling
                0x0001041c       0x54 C:/Users/yipai.du/Documents/Intelligent-Glove/xdkProj/MqttApp/debug/objects/source/UsbResetUtility.o
 .text.UsbResetUtility_Init
                0x00010470       0x40 C:/Users/yipai.du/Documents/Intelligent-Glove/xdkProj/MqttApp/debug/objects/source/UsbResetUtility.o
                0x00010470                UsbResetUtility_Init
 .text.UsbResetUtility_UsbISRCallback
                0x000104b0      0x138 C:/Users/yipai.du/Documents/Intelligent-Glove/xdkProj/MqttApp/debug/objects/source/UsbResetUtility.o
                0x000104b0                UsbResetUtility_UsbISRCallback
 .text.Retcode_GetPackage
                0x000105e8       0x1c C:/Users/yipai.du/Documents/Intelligent-Glove/xdkProj/MqttApp/debug/objects/source/SystemStartup.o
 .text.Retcode_GetModuleId
                0x00010604       0x1c C:/Users/yipai.du/Documents/Intelligent-Glove/xdkProj/MqttApp/debug/objects/source/SystemStartup.o
 .text.Retcode_GetSeverity
                0x00010620       0x24 C:/Users/yipai.du/Documents/Intelligent-Glove/xdkProj/MqttApp/debug/objects/source/SystemStartup.o
 .text.Retcode_GetCode
                0x00010644       0x20 C:/Users/yipai.du/Documents/Intelligent-Glove/xdkProj/MqttApp/debug/objects/source/SystemStartup.o
 .text.bleGetMacAddress
                0x00010664       0xec C:/Users/yipai.du/Documents/Intelligent-Glove/xdkProj/MqttApp/debug/objects/source/SystemStartup.o
 .text.SysTickPreCallback
                0x00010750       0x14 C:/Users/yipai.du/Documents/Intelligent-Glove/xdkProj/MqttApp/debug/objects/source/SystemStartup.o
 .text.DefaultErrorHandlingFunc
                0x00010764       0xf4 C:/Users/yipai.du/Documents/Intelligent-Glove/xdkProj/MqttApp/debug/objects/source/SystemStartup.o
                0x00010764                DefaultErrorHandlingFunc
 .text.assertIndicationMapping
                0x00010858       0x44 C:/Users/yipai.du/Documents/Intelligent-Glove/xdkProj/MqttApp/debug/objects/source/SystemStartup.o
                0x00010858                assertIndicationMapping
 .text.systemStartup
                0x0001089c      0x154 C:/Users/yipai.du/Documents/Intelligent-Glove/xdkProj/MqttApp/debug/objects/source/SystemStartup.o
                0x0001089c                systemStartup
 .text.vApplicationStackOverflowHook
                0x000109f0       0x5c C:/Users/yipai.du/Documents/Intelligent-Glove/xdkProj/MqttApp/debug/objects/source/SystemStartup.o
                0x000109f0                vApplicationStackOverflowHook
 .text.vApplicationMallocFailedHook
                0x00010a4c       0x14 C:/Users/yipai.du/Documents/Intelligent-Glove/xdkProj/MqttApp/debug/objects/source/SystemStartup.o
                0x00010a4c                vApplicationMallocFailedHook
 .text.ServalPalSetup
                0x00010a60       0x50 C:/Users/yipai.du/Documents/Intelligent-Glove/xdkProj/MqttApp/debug/objects/legacy/source/ServalPAL_WiFi.o
 .text.PAL_initialize
                0x00010ab0       0x30 C:/Users/yipai.du/Documents/Intelligent-Glove/xdkProj/MqttApp/debug/objects/legacy/source/ServalPAL_WiFi.o
                0x00010ab0                PAL_initialize
 .text.PAL_getIpaddress
                0x00010ae0       0x40 C:/Users/yipai.du/Documents/Intelligent-Glove/xdkProj/MqttApp/debug/objects/legacy/source/ServalPAL_WiFi.o
                0x00010ae0                PAL_getIpaddress
 .text.PAL_socketMonitorInit
                0x00010b20       0x48 C:/Users/yipai.du/Documents/Intelligent-Glove/xdkProj/MqttApp/debug/objects/legacy/source/ServalPAL_WiFi.o
                0x00010b20                PAL_socketMonitorInit
 .text.INT_Disable
                0x00010b68       0x40 C:/Users/yipai.du/Documents/Intelligent-Glove/xdkProj/MqttApp/debug/objects/./../Libraries/EMlib/3rd-party/EMLib/usb/src/em_usbdint.o
 .text.INT_Enable
                0x00010ba8       0x54 C:/Users/yipai.du/Documents/Intelligent-Glove/xdkProj/MqttApp/debug/objects/./../Libraries/EMlib/3rd-party/EMLib/usb/src/em_usbdint.o
 .text.USBHAL_FlushTxFifo
                0x00010bfc       0x4c C:/Users/yipai.du/Documents/Intelligent-Glove/xdkProj/MqttApp/debug/objects/./../Libraries/EMlib/3rd-party/EMLib/usb/src/em_usbdint.o
 .text.USBHAL_GetCoreInts
                0x00010c48       0x40 C:/Users/yipai.du/Documents/Intelligent-Glove/xdkProj/MqttApp/debug/objects/./../Libraries/EMlib/3rd-party/EMLib/usb/src/em_usbdint.o
 .text.USBDHAL_EnableInts
                0x00010c88       0x70 C:/Users/yipai.du/Documents/Intelligent-Glove/xdkProj/MqttApp/debug/objects/./../Libraries/EMlib/3rd-party/EMLib/usb/src/em_usbdint.o
 .text.USBDHAL_Ep0Activate
                0x00010cf8       0x70 C:/Users/yipai.du/Documents/Intelligent-Glove/xdkProj/MqttApp/debug/objects/./../Libraries/EMlib/3rd-party/EMLib/usb/src/em_usbdint.o
 .text.USBDHAL_GetAllInEpInts
                0x00010d68       0x48 C:/Users/yipai.du/Documents/Intelligent-Glove/xdkProj/MqttApp/debug/objects/./../Libraries/EMlib/3rd-party/EMLib/usb/src/em_usbdint.o
 .text.USBDHAL_GetAllOutEpInts
                0x00010db0       0x44 C:/Users/yipai.du/Documents/Intelligent-Glove/xdkProj/MqttApp/debug/objects/./../Libraries/EMlib/3rd-party/EMLib/usb/src/em_usbdint.o
 .text.USBDHAL_GetInEpInts
                0x00010df4       0x44 C:/Users/yipai.du/Documents/Intelligent-Glove/xdkProj/MqttApp/debug/objects/./../Libraries/EMlib/3rd-party/EMLib/usb/src/em_usbdint.o
 .text.USBDHAL_GetOutEpInts
                0x00010e38       0x44 C:/Users/yipai.du/Documents/Intelligent-Glove/xdkProj/MqttApp/debug/objects/./../Libraries/EMlib/3rd-party/EMLib/usb/src/em_usbdint.o
 .text.USBDHAL_StartEp0Setup
                0x00010e7c       0x88 C:/Users/yipai.du/Documents/Intelligent-Glove/xdkProj/MqttApp/debug/objects/./../Libraries/EMlib/3rd-party/EMLib/usb/src/em_usbdint.o
 .text.USBD_GetEpFromAddr
                0x00010f04       0xa0 C:/Users/yipai.du/Documents/Intelligent-Glove/xdkProj/MqttApp/debug/objects/./../Libraries/EMlib/3rd-party/EMLib/usb/src/em_usbdint.o
 .text.USB_IRQHandler
                0x00010fa4      0x16c C:/Users/yipai.du/Documents/Intelligent-Glove/xdkProj/MqttApp/debug/objects/./../Libraries/EMlib/3rd-party/EMLib/usb/src/em_usbdint.o
                0x00010fa4                USB_IRQHandler
 .text.Handle_USB_GINTSTS_ENUMDONE
                0x00011110       0x3c C:/Users/yipai.du/Documents/Intelligent-Glove/xdkProj/MqttApp/debug/objects/./../Libraries/EMlib/3rd-party/EMLib/usb/src/em_usbdint.o
 .text.Handle_USB_GINTSTS_IEPINT
                0x0001114c      0x118 C:/Users/yipai.du/Documents/Intelligent-Glove/xdkProj/MqttApp/debug/objects/./../Libraries/EMlib/3rd-party/EMLib/usb/src/em_usbdint.o
 .text.Handle_USB_GINTSTS_OEPINT
                0x00011264      0x230 C:/Users/yipai.du/Documents/Intelligent-Glove/xdkProj/MqttApp/debug/objects/./../Libraries/EMlib/3rd-party/EMLib/usb/src/em_usbdint.o
 .text.Handle_USB_GINTSTS_RESETDET
                0x00011494       0x40 C:/Users/yipai.du/Documents/Intelligent-Glove/xdkProj/MqttApp/debug/objects/./../Libraries/EMlib/3rd-party/EMLib/usb/src/em_usbdint.o
 .text.Handle_USB_GINTSTS_SOF
                0x000114d4       0x64 C:/Users/yipai.du/Documents/Intelligent-Glove/xdkProj/MqttApp/debug/objects/./../Libraries/EMlib/3rd-party/EMLib/usb/src/em_usbdint.o
 .text.Handle_USB_GINTSTS_USBRST
                0x00011538      0x150 C:/Users/yipai.du/Documents/Intelligent-Glove/xdkProj/MqttApp/debug/objects/./../Libraries/EMlib/3rd-party/EMLib/usb/src/em_usbdint.o
 .text.Handle_USB_GINTSTS_USBSUSP
                0x00011688       0x68 C:/Users/yipai.du/Documents/Intelligent-Glove/xdkProj/MqttApp/debug/objects/./../Libraries/EMlib/3rd-party/EMLib/usb/src/em_usbdint.o
 .text.Handle_USB_GINTSTS_WKUPINT
                0x000116f0       0x30 C:/Users/yipai.du/Documents/Intelligent-Glove/xdkProj/MqttApp/debug/objects/./../Libraries/EMlib/3rd-party/EMLib/usb/src/em_usbdint.o
 .text.main     0x00011720       0xc8 C:/Users/yipai.du/Documents/Intelligent-Glove/xdkProj/MqttApp/debug/objects/Main.o
                0x00011720                main
 .text.XdkLive_initialize
                0x000117e8      0x104 C:/Users/yipai.du/Documents/Intelligent-Glove/xdkProj/MqttApp/debug/objects/Main.o
                0x000117e8                XdkLive_initialize
 .text.XdkLive_goLive
                0x000118ec      0x174 C:/Users/yipai.du/Documents/Intelligent-Glove/xdkProj/MqttApp/debug/objects/Main.o
                0x000118ec                XdkLive_goLive
 .text.InternalHandle
                0x00011a60       0x2c C:/Users/yipai.du/Documents/Intelligent-Glove/xdkProj/MqttApp/debug/objects/Main.o
                0x00011a60                InternalHandle
 .text.ButtonOne_OnEvent
                0x00011a8c       0x40 C:/Users/yipai.du/Documents/Intelligent-Glove/xdkProj/MqttApp/debug/objects/SensorButtonOne.o
                0x00011a8c                ButtonOne_OnEvent
 .text.SensorButton_one_Setup
                0x00011acc       0x10 C:/Users/yipai.du/Documents/Intelligent-Glove/xdkProj/MqttApp/debug/objects/SensorButtonOne.o
                0x00011acc                SensorButton_one_Setup
 .text.SensorButton_one_Enable
                0x00011adc       0x38 C:/Users/yipai.du/Documents/Intelligent-Glove/xdkProj/MqttApp/debug/objects/SensorButtonOne.o
                0x00011adc                SensorButton_one_Enable
 .text.SensorEnvironment_Setup
                0x00011b14       0xc0 C:/Users/yipai.du/Documents/Intelligent-Glove/xdkProj/MqttApp/debug/objects/SensorEnvironment.o
                0x00011b14                SensorEnvironment_Setup
 .text.StringDescr_wrap
                0x00011bd4       0x54 C:/Users/yipai.du/Documents/Intelligent-Glove/xdkProj/MqttApp/debug/objects/ConnectivityMQTTMessaging.o
 .text.ConnectivityMQTTMessaging_Setup
                0x00011c28       0x40 C:/Users/yipai.du/Documents/Intelligent-Glove/xdkProj/MqttApp/debug/objects/ConnectivityMQTTMessaging.o
                0x00011c28                ConnectivityMQTTMessaging_Setup
 .text.ConnectivityMQTTMessaging_Enable
                0x00011c68      0x1d4 C:/Users/yipai.du/Documents/Intelligent-Glove/xdkProj/MqttApp/debug/objects/ConnectivityMQTTMessaging.o
                0x00011c68                ConnectivityMQTTMessaging_Enable
 .text.ConnectivityMQTTMessaging_Test_Write
                0x00011e3c       0xa0 C:/Users/yipai.du/Documents/Intelligent-Glove/xdkProj/MqttApp/debug/objects/ConnectivityMQTTMessaging.o
                0x00011e3c                ConnectivityMQTTMessaging_Test_Write
 .text.mqttEventHandler
                0x00011edc      0x168 C:/Users/yipai.du/Documents/Intelligent-Glove/xdkProj/MqttApp/debug/objects/ConnectivityMQTTMessaging.o
 .text.ConnectivityWLANWireless_Setup
                0x00012044       0x48 C:/Users/yipai.du/Documents/Intelligent-Glove/xdkProj/MqttApp/debug/objects/ConnectivityWLANWireless.o
                0x00012044                ConnectivityWLANWireless_Setup
 .text.ConnectivityWLANWireless_Enable
                0x0001208c      0x120 C:/Users/yipai.du/Documents/Intelligent-Glove/xdkProj/MqttApp/debug/objects/ConnectivityWLANWireless.o
                0x0001208c                ConnectivityWLANWireless_Enable
 .text.InternalHandleEvery1Second1
                0x000121ac       0x30 C:/Users/yipai.du/Documents/Intelligent-Glove/xdkProj/MqttApp/debug/objects/XdkTime.o
 .text.SetupTime
                0x000121dc       0x58 C:/Users/yipai.du/Documents/Intelligent-Glove/xdkProj/MqttApp/debug/objects/XdkTime.o
                0x000121dc                SetupTime
 .text.HandleEvery10mS
                0x00012234      0x1c4 C:/Users/yipai.du/Documents/Intelligent-Glove/xdkProj/MqttApp/debug/objects/MqttApp.o
                0x00012234                HandleEvery10mS
 .text.HandleEveryButtonOnePressed
                0x000123f8       0x40 C:/Users/yipai.du/Documents/Intelligent-Glove/xdkProj/MqttApp/debug/objects/MqttApp.o
                0x000123f8                HandleEveryButtonOnePressed
 .text          0x00012438       0x98 C:/Users/yipai.du/Documents/Intelligent-Glove/xdkProj/MqttApp/debug/objects/startup_efm32gg.o
                0x00012438                Reset_Handler
                0x0001246c                Default_Handler
                0x0001246e                NMI_Handler
                0x00012470                HardFault_Handler
                0x00012472                MemManage_Handler
                0x00012474                BusFault_Handler
                0x00012476                UsageFault_Handler
                0x0001247a                DebugMon_Handler
                0x00012484                TIMER0_IRQHandler
                0x0001248a                ACMP0_IRQHandler
                0x0001248e                ADC0_IRQHandler
                0x00012490                DAC0_IRQHandler
                0x00012498                TIMER1_IRQHandler
                0x0001249a                TIMER2_IRQHandler
                0x0001249c                TIMER3_IRQHandler
                0x000124a2                LESENSE_IRQHandler
                0x000124b0                LEUART0_IRQHandler
                0x000124b2                LEUART1_IRQHandler
                0x000124b4                LETIMER0_IRQHandler
                0x000124b6                PCNT0_IRQHandler
                0x000124b8                PCNT1_IRQHandler
                0x000124ba                PCNT2_IRQHandler
                0x000124be                BURTC_IRQHandler
                0x000124c0                CMU_IRQHandler
                0x000124c2                VCMP_IRQHandler
                0x000124c4                LCD_IRQHandler
                0x000124c6                MSC_IRQHandler
                0x000124c8                AES_IRQHandler
                0x000124ca                EBI_IRQHandler
                0x000124cc                EMU_IRQHandler
 .text.Retcode_GetPackage
                0x000124d0       0x1c ./../Platform/Sensors/debug/libSensors_efm32_debug.a(Accelerometer.o)
 .text.Retcode_GetCode
                0x000124ec       0x20 ./../Platform/Sensors/debug/libSensors_efm32_debug.a(Accelerometer.o)
 .text.bmaIsrCallback
                0x0001250c       0xe0 ./../Platform/Sensors/debug/libSensors_efm32_debug.a(Accelerometer.o)
 .text.bma2x2LibErrorMapping
                0x000125ec       0x48 ./../Platform/Sensors/debug/libSensors_efm32_debug.a(Accelerometer.o)
 .text.bmi160LibErrorMapping
                0x00012634       0x48 ./../Platform/Sensors/debug/libSensors_efm32_debug.a(Accelerometer.o)
 .text.Accelerometer_init
                0x0001267c      0x10c ./../Platform/Sensors/debug/libSensors_efm32_debug.a(Accelerometer.o)
                0x0001267c                Accelerometer_init
 .text.Accelerometer_readXyzGValue
                0x00012788      0x398 ./../Platform/Sensors/debug/libSensors_efm32_debug.a(Accelerometer.o)
                0x00012788                Accelerometer_readXyzGValue
 .text.Retcode_GetPackage
                0x00012b20       0x1c ./../Platform/Sensors/debug/libSensors_efm32_debug.a(Environmental.o)
 .text.bme280LibErrorMapping
                0x00012b3c       0x48 ./../Platform/Sensors/debug/libSensors_efm32_debug.a(Environmental.o)
 .text.Environmental_init
                0x00012b84       0x9c ./../Platform/Sensors/debug/libSensors_efm32_debug.a(Environmental.o)
                0x00012b84                Environmental_init
 .text.Environmental_readData
                0x00012c20       0xd0 ./../Platform/Sensors/debug/libSensors_efm32_debug.a(Environmental.o)
                0x00012c20                Environmental_readData
 .text.Retcode_GetPackage
                0x00012cf0       0x1c ./../Platform/Sensors/debug/libSensors_efm32_debug.a(Gyroscope.o)
 .text.Retcode_GetCode
                0x00012d0c       0x20 ./../Platform/Sensors/debug/libSensors_efm32_debug.a(Gyroscope.o)
 .text.bmgIsrCallback
                0x00012d2c       0x14 ./../Platform/Sensors/debug/libSensors_efm32_debug.a(Gyroscope.o)
 .text.bmg160LibErrorMapping
                0x00012d40       0x48 ./../Platform/Sensors/debug/libSensors_efm32_debug.a(Gyroscope.o)
 .text.BMI160_libErrorMapping
                0x00012d88       0x48 ./../Platform/Sensors/debug/libSensors_efm32_debug.a(Gyroscope.o)
 .text.Gyroscope_init
                0x00012dd0      0x100 ./../Platform/Sensors/debug/libSensors_efm32_debug.a(Gyroscope.o)
                0x00012dd0                Gyroscope_init
 .text.Gyroscope_readXyzDegreeValue
                0x00012ed0      0x4cc ./../Platform/Sensors/debug/libSensors_efm32_debug.a(Gyroscope.o)
                0x00012ed0                Gyroscope_readXyzDegreeValue
 .text.Retcode_GetPackage
                0x0001339c       0x1c ./../Platform/Sensors/debug/libSensors_efm32_debug.a(Magnetometer.o)
 .text.bmmIsrCallback
                0x000133b8       0x14 ./../Platform/Sensors/debug/libSensors_efm32_debug.a(Magnetometer.o)
 .text.bmm150LibErrorMapping
                0x000133cc       0x48 ./../Platform/Sensors/debug/libSensors_efm32_debug.a(Magnetometer.o)
 .text.readMagData
                0x00013414       0x80 ./../Platform/Sensors/debug/libSensors_efm32_debug.a(Magnetometer.o)
 .text.Magnetometer_init
                0x00013494       0xac ./../Platform/Sensors/debug/libSensors_efm32_debug.a(Magnetometer.o)
                0x00013494                Magnetometer_init
 .text.Magnetometer_readXyzTeslaData
                0x00013540      0x114 ./../Platform/Sensors/debug/libSensors_efm32_debug.a(Magnetometer.o)
                0x00013540                Magnetometer_readXyzTeslaData
 .text.GPIO_PinOutClear
                0x00013654       0x4c ./../Platform/BSP/debug/libBSP_efm32_debug.a(BSP_LED.o)
 .text.GPIO_PinOutSet
                0x000136a0       0x4c ./../Platform/BSP/debug/libBSP_efm32_debug.a(BSP_LED.o)
 .text.GPIO_PinOutToggle
                0x000136ec       0x4c ./../Platform/BSP/debug/libBSP_efm32_debug.a(BSP_LED.o)
 .text.BSP_LED_Connect
                0x00013738       0x48 ./../Platform/BSP/debug/libBSP_efm32_debug.a(BSP_LED.o)
                0x00013738                BSP_LED_Connect
 .text.BSP_LED_EnableAll
                0x00013780       0x3c ./../Platform/BSP/debug/libBSP_efm32_debug.a(BSP_LED.o)
                0x00013780                BSP_LED_EnableAll
 .text.BSP_LED_Switch
                0x000137bc      0x15c ./../Platform/BSP/debug/libBSP_efm32_debug.a(BSP_LED.o)
                0x000137bc                BSP_LED_Switch
 .text.BSP_LED_SwitchAll
                0x00013918       0xd0 ./../Platform/BSP/debug/libBSP_efm32_debug.a(BSP_LED.o)
                0x00013918                BSP_LED_SwitchAll
 .text.USB_setSerialNumber
                0x000139e8       0x7c ./../Platform/BSP/debug/libBSP_efm32_debug.a(BSP_USB.o)
 .text.USB_dataReceivedCallback
                0x00013a64       0x98 ./../Platform/BSP/debug/libBSP_efm32_debug.a(BSP_USB.o)
 .text.USB_dataTransferred
                0x00013afc       0x4c ./../Platform/BSP/debug/libBSP_efm32_debug.a(BSP_USB.o)
 .text.USB_stateChange
                0x00013b48       0x58 ./../Platform/BSP/debug/libBSP_efm32_debug.a(BSP_USB.o)
                0x00013b48                USB_stateChange
 .text.USB_setupCommand
                0x00013ba0      0x108 ./../Platform/BSP/debug/libBSP_efm32_debug.a(BSP_USB.o)
                0x00013ba0                USB_setupCommand
 .text.USB_init
                0x00013ca8       0xd0 ./../Platform/BSP/debug/libBSP_efm32_debug.a(BSP_USB.o)
                0x00013ca8                USB_init
 .text.USB_receiveByte
                0x00013d78       0xa0 ./../Platform/BSP/debug/libBSP_efm32_debug.a(BSP_USB.o)
                0x00013d78                USB_receiveByte
 .text.RETARGET_WriteChar
                0x00013e18       0x2c ./../Platform/BSP/debug/libBSP_efm32_debug.a(BSP_USB.o)
                0x00013e18                RETARGET_WriteChar
 .text.USB_transmitData
                0x00013e44       0xc4 ./../Platform/BSP/debug/libBSP_efm32_debug.a(BSP_USB.o)
                0x00013e44                USB_transmitData
 .text.RETARGET_ReadChar
                0x00013f08       0x24 ./../Platform/BSP/debug/libBSP_efm32_debug.a(BSP_USB.o)
                0x00013f08                RETARGET_ReadChar
 .text.USB_callBackMapping
                0x00013f2c       0x38 ./../Platform/BSP/debug/libBSP_efm32_debug.a(BSP_USB.o)
                0x00013f2c                USB_callBackMapping
 .text.NVIC_SetPriorityGrouping
                0x00013f64       0x50 ./../Platform/BSP/debug/libBSP_efm32_debug.a(BSP_Board.o)
 .text.NVIC_EnableIRQ
                0x00013fb4       0x38 ./../Platform/BSP/debug/libBSP_efm32_debug.a(BSP_Board.o)
 .text.NVIC_DisableIRQ
                0x00013fec       0x3c ./../Platform/BSP/debug/libBSP_efm32_debug.a(BSP_Board.o)
 .text.NVIC_ClearPendingIRQ
                0x00014028       0x3c ./../Platform/BSP/debug/libBSP_efm32_debug.a(BSP_Board.o)
 .text.NVIC_SetPriority
                0x00014064       0x5c ./../Platform/BSP/debug/libBSP_efm32_debug.a(BSP_Board.o)
 .text.SysTick_Config
                0x000140c0       0x64 ./../Platform/BSP/debug/libBSP_efm32_debug.a(BSP_Board.o)
 .text.CHIP_Init
                0x00014124       0x50 ./../Platform/BSP/debug/libBSP_efm32_debug.a(BSP_Board.o)
 .text.GPIO_PinOutClear
                0x00014174       0x4c ./../Platform/BSP/debug/libBSP_efm32_debug.a(BSP_Board.o)
 .text.GPIO_PinOutSet
                0x000141c0       0x4c ./../Platform/BSP/debug/libBSP_efm32_debug.a(BSP_Board.o)
 .text.INT_Disable
                0x0001420c       0x40 ./../Platform/BSP/debug/libBSP_efm32_debug.a(BSP_Board.o)
 .text.INT_Enable
                0x0001424c       0x54 ./../Platform/BSP/debug/libBSP_efm32_debug.a(BSP_Board.o)
 .text.BSP_Board_OSTickInitialize
                0x000142a0       0x2c ./../Platform/BSP/debug/libBSP_efm32_debug.a(BSP_Board.o)
                0x000142a0                BSP_Board_OSTickInitialize
 .text.BSP_Board_Initialize
                0x000142cc      0x150 ./../Platform/BSP/debug/libBSP_efm32_debug.a(BSP_Board.o)
                0x000142cc                BSP_Board_Initialize
 .text.BSP_Board_Delay
                0x0001441c       0x30 ./../Platform/BSP/debug/libBSP_efm32_debug.a(BSP_Board.o)
                0x0001441c                BSP_Board_Delay
 .text.BSP_Board_SetOStoBSPDelayFunc
                0x0001444c       0x20 ./../Platform/BSP/debug/libBSP_efm32_debug.a(BSP_Board.o)
                0x0001444c                BSP_Board_SetOStoBSPDelayFunc
 .text.Board_GPIOInterruptInit
                0x0001446c       0x30 ./../Platform/BSP/debug/libBSP_efm32_debug.a(BSP_Board.o)
                0x0001446c                Board_GPIOInterruptInit
 .text.Board_GPIOInterruptGetCallback
                0x0001449c       0x24 ./../Platform/BSP/debug/libBSP_efm32_debug.a(BSP_Board.o)
                0x0001449c                Board_GPIOInterruptGetCallback
 .text.Board_GPIOInterruptRegisterCallback
                0x000144c0       0x38 ./../Platform/BSP/debug/libBSP_efm32_debug.a(BSP_Board.o)
                0x000144c0                Board_GPIOInterruptRegisterCallback
 .text.Board_GPIOInterruptDispatch
                0x000144f8       0x64 ./../Platform/BSP/debug/libBSP_efm32_debug.a(BSP_Board.o)
                0x000144f8                Board_GPIOInterruptDispatch
 .text.Board_UART0_UART_Init
                0x0001455c       0xcc ./../Platform/BSP/debug/libBSP_efm32_debug.a(BSP_Board.o)
                0x0001455c                Board_UART0_UART_Init
 .text.Board_UART1_UART_Init
                0x00014628       0xcc ./../Platform/BSP/debug/libBSP_efm32_debug.a(BSP_Board.o)
                0x00014628                Board_UART1_UART_Init
 .text.Board_USART0_SPI_Init
                0x000146f4       0xa8 ./../Platform/BSP/debug/libBSP_efm32_debug.a(BSP_Board.o)
                0x000146f4                Board_USART0_SPI_Init
 .text.Board_USART1_SPI_Init
                0x0001479c       0x8c ./../Platform/BSP/debug/libBSP_efm32_debug.a(BSP_Board.o)
                0x0001479c                Board_USART1_SPI_Init
 .text.Board_GPIO_Init
                0x00014828       0x6c ./../Platform/BSP/debug/libBSP_efm32_debug.a(BSP_Board.o)
                0x00014828                Board_GPIO_Init
 .text.Board_WakeupPowerSupply2V5
                0x00014894       0x50 ./../Platform/BSP/debug/libBSP_efm32_debug.a(BSP_Board.o)
                0x00014894                Board_WakeupPowerSupply2V5
 .text.Board_SnoozePowerSupply2V5
                0x000148e4       0x4c ./../Platform/BSP/debug/libBSP_efm32_debug.a(BSP_Board.o)
                0x000148e4                Board_SnoozePowerSupply2V5
 .text.PowerSupply2V5UpdateRegister
                0x00014930      0x268 ./../Platform/BSP/debug/libBSP_efm32_debug.a(BSP_Board.o)
                0x00014930                PowerSupply2V5UpdateRegister
 .text.Board_ADC_Init
                0x00014b98       0x78 ./../Platform/BSP/debug/libBSP_efm32_debug.a(BSP_Board.o)
                0x00014b98                Board_ADC_Init
 .text.Board_I2C0_Init
                0x00014c10       0x54 ./../Platform/BSP/debug/libBSP_efm32_debug.a(BSP_Board.o)
                0x00014c10                Board_I2C0_Init
 .text.Board_I2C1_Init
                0x00014c64       0x54 ./../Platform/BSP/debug/libBSP_efm32_debug.a(BSP_Board.o)
                0x00014c64                Board_I2C1_Init
 .text.Board_USB_Init
                0x00014cb8       0x70 ./../Platform/BSP/debug/libBSP_efm32_debug.a(BSP_Board.o)
                0x00014cb8                Board_USB_Init
 .text.Board_IncTick
                0x00014d28       0x24 ./../Platform/BSP/debug/libBSP_efm32_debug.a(BSP_Board.o)
                0x00014d28                Board_IncTick
 .text.Board_GetTick
                0x00014d4c       0x18 ./../Platform/BSP/debug/libBSP_efm32_debug.a(BSP_Board.o)
                0x00014d4c                Board_GetTick
 .text.Board_Delay
                0x00014d64       0x30 ./../Platform/BSP/debug/libBSP_efm32_debug.a(BSP_Board.o)
                0x00014d64                Board_Delay
 .text.Board_RTC_Init
                0x00014d94       0xa0 ./../Platform/BSP/debug/libBSP_efm32_debug.a(BSP_Board.o)
                0x00014d94                Board_RTC_Init
 .text.Board_BURTC_Init
                0x00014e34       0x28 ./../Platform/BSP/debug/libBSP_efm32_debug.a(BSP_Board.o)
                0x00014e34                Board_BURTC_Init
 .text.BSP_Board_EnableSysTick
                0x00014e5c       0x38 ./../Platform/BSP/debug/libBSP_efm32_debug.a(BSP_Board.o)
                0x00014e5c                BSP_Board_EnableSysTick
 .text.NVIC_EnableIRQ
                0x00014e94       0x38 ./../Platform/BSP/debug/libBSP_efm32_debug.a(BSP_Button.o)
 .text.NVIC_DisableIRQ
                0x00014ecc       0x3c ./../Platform/BSP/debug/libBSP_efm32_debug.a(BSP_Button.o)
 .text.GPIO_PinInGet
                0x00014f08       0x4c ./../Platform/BSP/debug/libBSP_efm32_debug.a(BSP_Button.o)
 .text.BSP_Button_Connect
                0x00014f54       0x34 ./../Platform/BSP/debug/libBSP_efm32_debug.a(BSP_Button.o)
                0x00014f54                BSP_Button_Connect
 .text.BSP_Button_Enable
                0x00014f88      0x190 ./../Platform/BSP/debug/libBSP_efm32_debug.a(BSP_Button.o)
                0x00014f88                BSP_Button_Enable
 .text.Button1InterruptCallback
                0x00015118       0x60 ./../Platform/BSP/debug/libBSP_efm32_debug.a(BSP_Button.o)
 .text.Button2InterruptCallback
                0x00015178       0x5c ./../Platform/BSP/debug/libBSP_efm32_debug.a(BSP_Button.o)
 .text.NVIC_EnableIRQ
                0x000151d4       0x38 ./../Platform/BSP/debug/libBSP_efm32_debug.a(BSP_DMA.o)
 .text.NVIC_ClearPendingIRQ
                0x0001520c       0x3c ./../Platform/BSP/debug/libBSP_efm32_debug.a(BSP_DMA.o)
 .text.NVIC_SetPriority
                0x00015248       0x5c ./../Platform/BSP/debug/libBSP_efm32_debug.a(BSP_DMA.o)
 .text.BSP_DMA_Initialize
                0x000152a4       0x88 ./../Platform/BSP/debug/libBSP_efm32_debug.a(BSP_DMA.o)
                0x000152a4                BSP_DMA_Initialize
 .text.BSP_DMA_Enable
                0x0001532c       0x54 ./../Platform/BSP/debug/libBSP_efm32_debug.a(BSP_DMA.o)
                0x0001532c                BSP_DMA_Enable
 .text.GPIO_IntClear
                0x00015380       0x20 ./../Platform/BSP/debug/libBSP_efm32_debug.a(BSP_IrqHandler.o)
 .text.GPIO_IntGetEnabled
                0x000153a0       0x30 ./../Platform/BSP/debug/libBSP_efm32_debug.a(BSP_IrqHandler.o)
 .text.SysTick_Handler
                0x000153d0       0x40 ./../Platform/BSP/debug/libBSP_efm32_debug.a(BSP_IrqHandler.o)
                0x000153d0                SysTick_Handler
 .text.GPIO_EVEN_IRQHandler
                0x00015410       0x28 ./../Platform/BSP/debug/libBSP_efm32_debug.a(BSP_IrqHandler.o)
                0x00015410                GPIO_EVEN_IRQHandler
 .text.GPIO_ODD_IRQHandler
                0x00015438       0x28 ./../Platform/BSP/debug/libBSP_efm32_debug.a(BSP_IrqHandler.o)
                0x00015438                GPIO_ODD_IRQHandler
 .text.UART0_TX_IRQHandler
                0x00015460        0xc ./../Platform/BSP/debug/libBSP_efm32_debug.a(BSP_IrqHandler.o)
                0x00015460                UART0_TX_IRQHandler
 .text.UART0_RX_IRQHandler
                0x0001546c        0xc ./../Platform/BSP/debug/libBSP_efm32_debug.a(BSP_IrqHandler.o)
                0x0001546c                UART0_RX_IRQHandler
 .text.USART0_TX_IRQHandler
                0x00015478        0xc ./../Platform/BSP/debug/libBSP_efm32_debug.a(BSP_IrqHandler.o)
                0x00015478                USART0_TX_IRQHandler
 .text.USART0_RX_IRQHandler
                0x00015484        0xc ./../Platform/BSP/debug/libBSP_efm32_debug.a(BSP_IrqHandler.o)
                0x00015484                USART0_RX_IRQHandler
 .text.I2C0_IRQHandler
                0x00015490        0xc ./../Platform/BSP/debug/libBSP_efm32_debug.a(BSP_IrqHandler.o)
                0x00015490                I2C0_IRQHandler
 .text.I2C1_IRQHandler
                0x0001549c        0xc ./../Platform/BSP/debug/libBSP_efm32_debug.a(BSP_IrqHandler.o)
                0x0001549c                I2C1_IRQHandler
 .text.USART2_TX_IRQHandler
                0x000154a8        0xc ./../Platform/BSP/debug/libBSP_efm32_debug.a(BSP_IrqHandler.o)
                0x000154a8                USART2_TX_IRQHandler
 .text.USART2_RX_IRQHandler
                0x000154b4        0xc ./../Platform/BSP/debug/libBSP_efm32_debug.a(BSP_IrqHandler.o)
                0x000154b4                USART2_RX_IRQHandler
 .text.UART1_TX_IRQHandler
                0x000154c0        0xc ./../Platform/BSP/debug/libBSP_efm32_debug.a(BSP_IrqHandler.o)
                0x000154c0                UART1_TX_IRQHandler
 .text.UART1_RX_IRQHandler
                0x000154cc        0xc ./../Platform/BSP/debug/libBSP_efm32_debug.a(BSP_IrqHandler.o)
                0x000154cc                UART1_RX_IRQHandler
 .text.USART1_TX_IRQHandler
                0x000154d8        0xc ./../Platform/BSP/debug/libBSP_efm32_debug.a(BSP_IrqHandler.o)
                0x000154d8                USART1_TX_IRQHandler
 .text.USART1_RX_IRQHandler
                0x000154e4        0xc ./../Platform/BSP/debug/libBSP_efm32_debug.a(BSP_IrqHandler.o)
                0x000154e4                USART1_RX_IRQHandler
 .text.RTC_IRQHandler
                0x000154f0        0xc ./../Platform/BSP/debug/libBSP_efm32_debug.a(BSP_IrqHandler.o)
                0x000154f0                RTC_IRQHandler
 .text.IrqHandler_SysTickDummyHandler
                0x000154fc       0x10 ./../Platform/BSP/debug/libBSP_efm32_debug.a(BSP_IrqHandler.o)
                0x000154fc                IrqHandler_SysTickDummyHandler
 .text.BSP_ExtensionPort_I2cIsr
                0x0001550c       0x5c ./../Platform/BSP/debug/libBSP_efm32_debug.a(BSP_ExtensionPort.o)
                0x0001550c                BSP_ExtensionPort_I2cIsr
 .text.BSP_ExtensionPort_SpiRxIsr
                0x00015568       0x5c ./../Platform/BSP/debug/libBSP_efm32_debug.a(BSP_ExtensionPort.o)
                0x00015568                BSP_ExtensionPort_SpiRxIsr
 .text.BSP_ExtensionPort_SpiTxIsr
                0x000155c4       0x5c ./../Platform/BSP/debug/libBSP_efm32_debug.a(BSP_ExtensionPort.o)
                0x000155c4                BSP_ExtensionPort_SpiTxIsr
 .text.BSP_ExtensionPort_UARTRxIsr
                0x00015620       0x5c ./../Platform/BSP/debug/libBSP_efm32_debug.a(BSP_ExtensionPort.o)
                0x00015620                BSP_ExtensionPort_UARTRxIsr
 .text.BSP_ExtensionPort_UARTTxIsr
                0x0001567c       0x5c ./../Platform/BSP/debug/libBSP_efm32_debug.a(BSP_ExtensionPort.o)
                0x0001567c                BSP_ExtensionPort_UARTTxIsr
 .text.NVIC_EnableIRQ
                0x000156d8       0x38 ./../Platform/BSP/debug/libBSP_efm32_debug.a(BSP_WiFi_cc3100mod.o)
 .text.NVIC_DisableIRQ
                0x00015710       0x3c ./../Platform/BSP/debug/libBSP_efm32_debug.a(BSP_WiFi_cc3100mod.o)
 .text.NVIC_ClearPendingIRQ
                0x0001574c       0x3c ./../Platform/BSP/debug/libBSP_efm32_debug.a(BSP_WiFi_cc3100mod.o)
 .text.NVIC_SetPriority
                0x00015788       0x5c ./../Platform/BSP/debug/libBSP_efm32_debug.a(BSP_WiFi_cc3100mod.o)
 .text.GPIO_IntClear
                0x000157e4       0x20 ./../Platform/BSP/debug/libBSP_efm32_debug.a(BSP_WiFi_cc3100mod.o)
 .text.GPIO_IntDisable
                0x00015804       0x34 ./../Platform/BSP/debug/libBSP_efm32_debug.a(BSP_WiFi_cc3100mod.o)
 .text.GPIO_IntEnable
                0x00015838       0x30 ./../Platform/BSP/debug/libBSP_efm32_debug.a(BSP_WiFi_cc3100mod.o)
 .text.GPIO_PinOutClear
                0x00015868       0x4c ./../Platform/BSP/debug/libBSP_efm32_debug.a(BSP_WiFi_cc3100mod.o)
 .text.GPIO_PinOutSet
                0x000158b4       0x4c ./../Platform/BSP/debug/libBSP_efm32_debug.a(BSP_WiFi_cc3100mod.o)
 .text.Board_GPIOInterruptUnregisterCallback
                0x00015900       0x20 ./../Platform/BSP/debug/libBSP_efm32_debug.a(BSP_WiFi_cc3100mod.o)
 .text.BSP_WiFi_CC3100MOD_Connect
                0x00015920      0x1e8 ./../Platform/BSP/debug/libBSP_efm32_debug.a(BSP_WiFi_cc3100mod.o)
                0x00015920                BSP_WiFi_CC3100MOD_Connect
 .text.BSP_WiFi_CC3100MOD_Enable
                0x00015b08      0x1a4 ./../Platform/BSP/debug/libBSP_efm32_debug.a(BSP_WiFi_cc3100mod.o)
                0x00015b08                BSP_WiFi_CC3100MOD_Enable
 .text.BSP_WiFi_CC3100MOD_Disable
                0x00015cac       0xb0 ./../Platform/BSP/debug/libBSP_efm32_debug.a(BSP_WiFi_cc3100mod.o)
                0x00015cac                BSP_WiFi_CC3100MOD_Disable
 .text.BSP_WiFi_CC3100MOD_GetSPIHandle
                0x00015d5c       0x14 ./../Platform/BSP/debug/libBSP_efm32_debug.a(BSP_WiFi_cc3100mod.o)
                0x00015d5c                BSP_WiFi_CC3100MOD_GetSPIHandle
 .text.BSP_WiFi_CC3100MOD_SetCSLow
                0x00015d70       0x18 ./../Platform/BSP/debug/libBSP_efm32_debug.a(BSP_WiFi_cc3100mod.o)
                0x00015d70                BSP_WiFi_CC3100MOD_SetCSLow
 .text.BSP_WiFi_CC3100MOD_SetCSHigh
                0x00015d88       0x18 ./../Platform/BSP/debug/libBSP_efm32_debug.a(BSP_WiFi_cc3100mod.o)
                0x00015d88                BSP_WiFi_CC3100MOD_SetCSHigh
 .text.WiFi_CC3100MOD_SPIRxISR
                0x00015da0       0x28 ./../Platform/BSP/debug/libBSP_efm32_debug.a(BSP_WiFi_cc3100mod.o)
                0x00015da0                WiFi_CC3100MOD_SPIRxISR
 .text.WiFi_CC3100MOD_SPITxISR
                0x00015dc8       0x28 ./../Platform/BSP/debug/libBSP_efm32_debug.a(BSP_WiFi_cc3100mod.o)
                0x00015dc8                WiFi_CC3100MOD_SPITxISR
 .text.WiFi_CC3100MOD_SPI_RxDMAComplete
                0x00015df0       0x38 ./../Platform/BSP/debug/libBSP_efm32_debug.a(BSP_WiFi_cc3100mod.o)
                0x00015df0                WiFi_CC3100MOD_SPI_RxDMAComplete
 .text.WiFi_CC3100MOD_SPI_TxDMAComplete
                0x00015e28       0x38 ./../Platform/BSP/debug/libBSP_efm32_debug.a(BSP_WiFi_cc3100mod.o)
                0x00015e28                WiFi_CC3100MOD_SPI_TxDMAComplete
 .text.WiFi_INT_InterruptCallback
                0x00015e60       0x14 ./../Platform/BSP/debug/libBSP_efm32_debug.a(BSP_WiFi_cc3100mod.o)
 .text.BT_EM9301_UART_TxISR
                0x00015e74       0x28 ./../Platform/BSP/debug/libBSP_efm32_debug.a(BSP_BT_EM9301.o)
                0x00015e74                BT_EM9301_UART_TxISR
 .text.BT_EM9301_UART_RxISR
                0x00015e9c       0x28 ./../Platform/BSP/debug/libBSP_efm32_debug.a(BSP_BT_EM9301.o)
                0x00015e9c                BT_EM9301_UART_RxISR
 .text.NVIC_EnableIRQ
                0x00015ec4       0x38 ./../Platform/BSP/debug/libBSP_efm32_debug.a(BSP_SensorNode.o)
 .text.NVIC_DisableIRQ
                0x00015efc       0x3c ./../Platform/BSP/debug/libBSP_efm32_debug.a(BSP_SensorNode.o)
 .text.NVIC_SetPriority
                0x00015f38       0x5c ./../Platform/BSP/debug/libBSP_efm32_debug.a(BSP_SensorNode.o)
 .text.GPIO_PinInGet
                0x00015f94       0x4c ./../Platform/BSP/debug/libBSP_efm32_debug.a(BSP_SensorNode.o)
 .text.GPIO_PinOutSet
                0x00015fe0       0x4c ./../Platform/BSP/debug/libBSP_efm32_debug.a(BSP_SensorNode.o)
 .text.BSP_SensorNode_Connect
                0x0001602c      0x190 ./../Platform/BSP/debug/libBSP_efm32_debug.a(BSP_SensorNode.o)
                0x0001602c                BSP_SensorNode_Connect
 .text.BSP_SensorNode_Enable
                0x000161bc      0x408 ./../Platform/BSP/debug/libBSP_efm32_debug.a(BSP_SensorNode.o)
                0x000161bc                BSP_SensorNode_Enable
 .text.BSP_SensorNode_GetI2CHandle
                0x000165c4       0x34 ./../Platform/BSP/debug/libBSP_efm32_debug.a(BSP_SensorNode.o)
                0x000165c4                BSP_SensorNode_GetI2CHandle
 .text.SensorNode_EnableBus
                0x000165f8       0x6c ./../Platform/BSP/debug/libBSP_efm32_debug.a(BSP_SensorNode.o)
 .text.BMA280_INT_InterruptCallback
                0x00016664       0x44 ./../Platform/BSP/debug/libBSP_efm32_debug.a(BSP_SensorNode.o)
 .text.BMA280_INT2_InterruptCallback
                0x000166a8       0x44 ./../Platform/BSP/debug/libBSP_efm32_debug.a(BSP_SensorNode.o)
 .text.MAX44009_INTN_InterruptCallback
                0x000166ec       0x44 ./../Platform/BSP/debug/libBSP_efm32_debug.a(BSP_SensorNode.o)
 .text.SensorNode_I2CISR
                0x00016730       0x28 ./../Platform/BSP/debug/libBSP_efm32_debug.a(BSP_SensorNode.o)
                0x00016730                SensorNode_I2CISR
 .text.SDCard_SPIRxISR
                0x00016758       0x28 ./../Platform/BSP/debug/libBSP_efm32_debug.a(BSP_SDCard.o)
                0x00016758                SDCard_SPIRxISR
 .text.SDCard_SPITxISR
                0x00016780       0x28 ./../Platform/BSP/debug/libBSP_efm32_debug.a(BSP_SDCard.o)
                0x00016780                SDCard_SPITxISR
 .text.xQueueGenericReset
                0x000167a8       0xc8 ./../Libraries/FreeRTOS/debug/libFreeRTOS_efm32_debug.a(queue.o)
                0x000167a8                xQueueGenericReset
 .text.xQueueGenericCreate
                0x00016870       0xb8 ./../Libraries/FreeRTOS/debug/libFreeRTOS_efm32_debug.a(queue.o)
                0x00016870                xQueueGenericCreate
 .text.xQueueCreateMutex
                0x00016928       0xb8 ./../Libraries/FreeRTOS/debug/libFreeRTOS_efm32_debug.a(queue.o)
                0x00016928                xQueueCreateMutex
 .text.xQueueGenericSend
                0x000169e0      0x1c8 ./../Libraries/FreeRTOS/debug/libFreeRTOS_efm32_debug.a(queue.o)
                0x000169e0                xQueueGenericSend
 .text.xQueueGenericSendFromISR
                0x00016ba8      0x110 ./../Libraries/FreeRTOS/debug/libFreeRTOS_efm32_debug.a(queue.o)
                0x00016ba8                xQueueGenericSendFromISR
 .text.xQueueGiveFromISR
                0x00016cb8      0x108 ./../Libraries/FreeRTOS/debug/libFreeRTOS_efm32_debug.a(queue.o)
                0x00016cb8                xQueueGiveFromISR
 .text.xQueueGenericReceive
                0x00016dc0      0x1e0 ./../Libraries/FreeRTOS/debug/libFreeRTOS_efm32_debug.a(queue.o)
                0x00016dc0                xQueueGenericReceive
 .text.vQueueDelete
                0x00016fa0       0x38 ./../Libraries/FreeRTOS/debug/libFreeRTOS_efm32_debug.a(queue.o)
                0x00016fa0                vQueueDelete
 .text.prvCopyDataToQueue
                0x00016fd8       0xe8 ./../Libraries/FreeRTOS/debug/libFreeRTOS_efm32_debug.a(queue.o)
 .text.prvCopyDataFromQueue
                0x000170c0       0x50 ./../Libraries/FreeRTOS/debug/libFreeRTOS_efm32_debug.a(queue.o)
 .text.prvUnlockQueue
                0x00017110       0xc0 ./../Libraries/FreeRTOS/debug/libFreeRTOS_efm32_debug.a(queue.o)
 .text.prvIsQueueEmpty
                0x000171d0       0x34 ./../Libraries/FreeRTOS/debug/libFreeRTOS_efm32_debug.a(queue.o)
 .text.prvIsQueueFull
                0x00017204       0x38 ./../Libraries/FreeRTOS/debug/libFreeRTOS_efm32_debug.a(queue.o)
 .text.vQueueAddToRegistry
                0x0001723c       0x64 ./../Libraries/FreeRTOS/debug/libFreeRTOS_efm32_debug.a(queue.o)
                0x0001723c                vQueueAddToRegistry
 .text.vQueueUnregisterQueue
                0x000172a0       0x54 ./../Libraries/FreeRTOS/debug/libFreeRTOS_efm32_debug.a(queue.o)
                0x000172a0                vQueueUnregisterQueue
 .text.vQueueWaitForMessageRestricted
                0x000172f4       0x64 ./../Libraries/FreeRTOS/debug/libFreeRTOS_efm32_debug.a(queue.o)
                0x000172f4                vQueueWaitForMessageRestricted
 .text.prvNotifyQueueSetContainer
                0x00017358       0xa8 ./../Libraries/FreeRTOS/debug/libFreeRTOS_efm32_debug.a(queue.o)
 .text.xTaskGenericCreate
                0x00017400      0x1d0 ./../Libraries/FreeRTOS/debug/libFreeRTOS_efm32_debug.a(tasks.o)
                0x00017400                xTaskGenericCreate
 .text.vTaskDelete
                0x000175d0      0x12c ./../Libraries/FreeRTOS/debug/libFreeRTOS_efm32_debug.a(tasks.o)
                0x000175d0                vTaskDelete
 .text.vTaskDelay
                0x000176fc       0xac ./../Libraries/FreeRTOS/debug/libFreeRTOS_efm32_debug.a(tasks.o)
                0x000176fc                vTaskDelay
 .text.vTaskStartScheduler
                0x000177a8       0xa0 ./../Libraries/FreeRTOS/debug/libFreeRTOS_efm32_debug.a(tasks.o)
                0x000177a8                vTaskStartScheduler
 .text.vTaskSuspendAll
                0x00017848       0x24 ./../Libraries/FreeRTOS/debug/libFreeRTOS_efm32_debug.a(tasks.o)
                0x00017848                vTaskSuspendAll
 .text.xTaskResumeAll
                0x0001786c      0x180 ./../Libraries/FreeRTOS/debug/libFreeRTOS_efm32_debug.a(tasks.o)
                0x0001786c                xTaskResumeAll
 .text.xTaskGetTickCount
                0x000179ec       0x20 ./../Libraries/FreeRTOS/debug/libFreeRTOS_efm32_debug.a(tasks.o)
                0x000179ec                xTaskGetTickCount
 .text.xTaskGetTickCountFromISR
                0x00017a0c       0x28 ./../Libraries/FreeRTOS/debug/libFreeRTOS_efm32_debug.a(tasks.o)
                0x00017a0c                xTaskGetTickCountFromISR
 .text.xTaskIncrementTick
                0x00017a34      0x20c ./../Libraries/FreeRTOS/debug/libFreeRTOS_efm32_debug.a(tasks.o)
                0x00017a34                xTaskIncrementTick
 .text.vTaskSwitchContext
                0x00017c40      0x150 ./../Libraries/FreeRTOS/debug/libFreeRTOS_efm32_debug.a(tasks.o)
                0x00017c40                vTaskSwitchContext
 .text.vTaskPlaceOnEventList
                0x00017d90       0xc4 ./../Libraries/FreeRTOS/debug/libFreeRTOS_efm32_debug.a(tasks.o)
                0x00017d90                vTaskPlaceOnEventList
 .text.vTaskPlaceOnEventListRestricted
                0x00017e54       0xc4 ./../Libraries/FreeRTOS/debug/libFreeRTOS_efm32_debug.a(tasks.o)
                0x00017e54                vTaskPlaceOnEventListRestricted
 .text.xTaskRemoveFromEventList
                0x00017f18       0xe8 ./../Libraries/FreeRTOS/debug/libFreeRTOS_efm32_debug.a(tasks.o)
                0x00017f18                xTaskRemoveFromEventList
 .text.vTaskSetTimeOutState
                0x00018000       0x44 ./../Libraries/FreeRTOS/debug/libFreeRTOS_efm32_debug.a(tasks.o)
                0x00018000                vTaskSetTimeOutState
 .text.xTaskCheckForTimeOut
                0x00018044       0xc4 ./../Libraries/FreeRTOS/debug/libFreeRTOS_efm32_debug.a(tasks.o)
                0x00018044                xTaskCheckForTimeOut
 .text.vTaskMissedYield
                0x00018108       0x18 ./../Libraries/FreeRTOS/debug/libFreeRTOS_efm32_debug.a(tasks.o)
                0x00018108                vTaskMissedYield
 .text.prvIdleTask
                0x00018120       0x10 ./../Libraries/FreeRTOS/debug/libFreeRTOS_efm32_debug.a(tasks.o)
 .text.prvInitialiseTCBVariables
                0x00018130       0xbc ./../Libraries/FreeRTOS/debug/libFreeRTOS_efm32_debug.a(tasks.o)
 .text.prvInitialiseTaskLists
                0x000181ec       0xa4 ./../Libraries/FreeRTOS/debug/libFreeRTOS_efm32_debug.a(tasks.o)
 .text.prvCheckTasksWaitingTermination
                0x00018290       0x9c ./../Libraries/FreeRTOS/debug/libFreeRTOS_efm32_debug.a(tasks.o)
 .text.prvAddCurrentTaskToDelayedList
                0x0001832c       0x8c ./../Libraries/FreeRTOS/debug/libFreeRTOS_efm32_debug.a(tasks.o)
 .text.prvAllocateTCBAndStack
                0x000183b8       0x7c ./../Libraries/FreeRTOS/debug/libFreeRTOS_efm32_debug.a(tasks.o)
 .text.prvDeleteTCB
                0x00018434       0x20 ./../Libraries/FreeRTOS/debug/libFreeRTOS_efm32_debug.a(tasks.o)
 .text.prvResetNextTaskUnblockTime
                0x00018454       0x5c ./../Libraries/FreeRTOS/debug/libFreeRTOS_efm32_debug.a(tasks.o)
 .text.xTaskGetSchedulerState
                0x000184b0       0x48 ./../Libraries/FreeRTOS/debug/libFreeRTOS_efm32_debug.a(tasks.o)
                0x000184b0                xTaskGetSchedulerState
 .text.vTaskPriorityInherit
                0x000184f8      0x144 ./../Libraries/FreeRTOS/debug/libFreeRTOS_efm32_debug.a(tasks.o)
                0x000184f8                vTaskPriorityInherit
 .text.xTaskPriorityDisinherit
                0x0001863c      0x13c ./../Libraries/FreeRTOS/debug/libFreeRTOS_efm32_debug.a(tasks.o)
                0x0001863c                xTaskPriorityDisinherit
 .text.pvTaskIncrementMutexHeldCount
                0x00018778       0x38 ./../Libraries/FreeRTOS/debug/libFreeRTOS_efm32_debug.a(tasks.o)
                0x00018778                pvTaskIncrementMutexHeldCount
 .text.xTimerCreateTimerTask
                0x000187b0       0x78 ./../Libraries/FreeRTOS/debug/libFreeRTOS_efm32_debug.a(timers.o)
                0x000187b0                xTimerCreateTimerTask
 .text.xTimerCreate
                0x00018828       0x7c ./../Libraries/FreeRTOS/debug/libFreeRTOS_efm32_debug.a(timers.o)
                0x00018828                xTimerCreate
 .text.xTimerGenericCommand
                0x000188a4       0xac ./../Libraries/FreeRTOS/debug/libFreeRTOS_efm32_debug.a(timers.o)
                0x000188a4                xTimerGenericCommand
 .text.prvProcessExpiredTimer
                0x00018950       0x88 ./../Libraries/FreeRTOS/debug/libFreeRTOS_efm32_debug.a(timers.o)
 .text.prvTimerTask
                0x000189d8       0x24 ./../Libraries/FreeRTOS/debug/libFreeRTOS_efm32_debug.a(timers.o)
 .text.prvProcessTimerOrBlockTask
                0x000189fc       0x78 ./../Libraries/FreeRTOS/debug/libFreeRTOS_efm32_debug.a(timers.o)
 .text.prvGetNextExpireTime
                0x00018a74       0x54 ./../Libraries/FreeRTOS/debug/libFreeRTOS_efm32_debug.a(timers.o)
 .text.prvSampleTimeNow
                0x00018ac8       0x4c ./../Libraries/FreeRTOS/debug/libFreeRTOS_efm32_debug.a(timers.o)
 .text.prvInsertTimerInActiveList
                0x00018b14       0x94 ./../Libraries/FreeRTOS/debug/libFreeRTOS_efm32_debug.a(timers.o)
 .text.prvProcessReceivedCommands
                0x00018ba8      0x174 ./../Libraries/FreeRTOS/debug/libFreeRTOS_efm32_debug.a(timers.o)
 .text.prvSwitchTimerLists
                0x00018d1c       0xf0 ./../Libraries/FreeRTOS/debug/libFreeRTOS_efm32_debug.a(timers.o)
 .text.prvCheckForValidListAndQueue
                0x00018e0c       0xb8 ./../Libraries/FreeRTOS/debug/libFreeRTOS_efm32_debug.a(timers.o)
 .text.pvTimerGetTimerID
                0x00018ec4       0x3c ./../Libraries/FreeRTOS/debug/libFreeRTOS_efm32_debug.a(timers.o)
                0x00018ec4                pvTimerGetTimerID
 .text.xTimerPendFunctionCallFromISR
                0x00018f00       0x4c ./../Libraries/FreeRTOS/debug/libFreeRTOS_efm32_debug.a(timers.o)
                0x00018f00                xTimerPendFunctionCallFromISR
 .text.pvPortMalloc
                0x00018f4c      0x1e0 ./../Libraries/FreeRTOS/debug/libFreeRTOS_efm32_debug.a(heap_4.o)
                0x00018f4c                pvPortMalloc
 .text.vPortFree
                0x0001912c       0xcc ./../Libraries/FreeRTOS/debug/libFreeRTOS_efm32_debug.a(heap_4.o)
                0x0001912c                vPortFree
 .text.prvHeapInit
                0x000191f8       0xfc ./../Libraries/FreeRTOS/debug/libFreeRTOS_efm32_debug.a(heap_4.o)
 .text.prvInsertBlockIntoFreeList
                0x000192f4       0xbc ./../Libraries/FreeRTOS/debug/libFreeRTOS_efm32_debug.a(heap_4.o)
 .text.pxPortInitialiseStack
                0x000193b0       0x64 ./../Libraries/FreeRTOS/debug/libFreeRTOS_efm32_debug.a(port.o)
                0x000193b0                pxPortInitialiseStack
 .text.prvTaskExitError
                0x00019414       0x2c ./../Libraries/FreeRTOS/debug/libFreeRTOS_efm32_debug.a(port.o)
 .text.SVC_Handler
                0x00019440       0x24 ./../Libraries/FreeRTOS/debug/libFreeRTOS_efm32_debug.a(port.o)
                0x00019440                SVC_Handler
 .text.prvPortStartFirstTask
                0x00019464       0x20 ./../Libraries/FreeRTOS/debug/libFreeRTOS_efm32_debug.a(port.o)
 .text.xPortStartScheduler
                0x00019484      0x10c ./../Libraries/FreeRTOS/debug/libFreeRTOS_efm32_debug.a(port.o)
                0x00019484                xPortStartScheduler
 .text.vPortYield
                0x00019590       0x20 ./../Libraries/FreeRTOS/debug/libFreeRTOS_efm32_debug.a(port.o)
                0x00019590                vPortYield
 .text.vPortEnterCritical
                0x000195b0       0x58 ./../Libraries/FreeRTOS/debug/libFreeRTOS_efm32_debug.a(port.o)
                0x000195b0                vPortEnterCritical
 .text.vPortExitCritical
                0x00019608       0x54 ./../Libraries/FreeRTOS/debug/libFreeRTOS_efm32_debug.a(port.o)
                0x00019608                vPortExitCritical
 .text.ulPortSetInterruptMask
                0x0001965c       0x14 ./../Libraries/FreeRTOS/debug/libFreeRTOS_efm32_debug.a(port.o)
                0x0001965c                ulPortSetInterruptMask
 .text.vPortClearInterruptMask
                0x00019670        0x8 ./../Libraries/FreeRTOS/debug/libFreeRTOS_efm32_debug.a(port.o)
                0x00019670                vPortClearInterruptMask
 .text.PendSV_Handler
                0x00019678       0x44 ./../Libraries/FreeRTOS/debug/libFreeRTOS_efm32_debug.a(port.o)
                0x00019678                PendSV_Handler
 .text.xPortSysTickHandler
                0x000196bc       0x2c ./../Libraries/FreeRTOS/debug/libFreeRTOS_efm32_debug.a(port.o)
                0x000196bc                xPortSysTickHandler
 .text.vPortSetupTimerInterrupt
                0x000196e8       0x28 ./../Libraries/FreeRTOS/debug/libFreeRTOS_efm32_debug.a(port.o)
                0x000196e8                vPortSetupTimerInterrupt
 .text.vPortValidateInterruptPriority
                0x00019710       0x78 ./../Libraries/FreeRTOS/debug/libFreeRTOS_efm32_debug.a(port.o)
                0x00019710                vPortValidateInterruptPriority
 .text.vListInitialise
                0x00019788       0x40 ./../Libraries/FreeRTOS/debug/libFreeRTOS_efm32_debug.a(list.o)
                0x00019788                vListInitialise
 .text.vListInitialiseItem
                0x000197c8       0x1c ./../Libraries/FreeRTOS/debug/libFreeRTOS_efm32_debug.a(list.o)
                0x000197c8                vListInitialiseItem
 .text.vListInsertEnd
                0x000197e4       0x48 ./../Libraries/FreeRTOS/debug/libFreeRTOS_efm32_debug.a(list.o)
                0x000197e4                vListInsertEnd
 .text.vListInsert
                0x0001982c       0x74 ./../Libraries/FreeRTOS/debug/libFreeRTOS_efm32_debug.a(list.o)
                0x0001982c                vListInsert
 .text.uxListRemove
                0x000198a0       0x58 ./../Libraries/FreeRTOS/debug/libFreeRTOS_efm32_debug.a(list.o)
                0x000198a0                uxListRemove
 .text.ADC_Init
                0x000198f8       0x68 ./../Libraries/EMlib/debug/libEMLib_efm32_debug.a(em_adc.o)
                0x000198f8                ADC_Init
 .text.ADC_PrescaleCalc
                0x00019960       0x78 ./../Libraries/EMlib/debug/libEMLib_efm32_debug.a(em_adc.o)
                0x00019960                ADC_PrescaleCalc
 .text.ADC_TimebaseCalc
                0x000199d8       0x74 ./../Libraries/EMlib/debug/libEMLib_efm32_debug.a(em_adc.o)
                0x000199d8                ADC_TimebaseCalc
 .text.BITBAND_Peripheral
                0x00019a4c       0x30 ./../Libraries/EMlib/debug/libEMLib_efm32_debug.a(em_cmu.o)
 .text.CMU_MaxFreqHfle
                0x00019a7c       0xb8 ./../Libraries/EMlib/debug/libEMLib_efm32_debug.a(em_cmu.o)
 .text.CMU_FlashWaitStateMax
                0x00019b34       0x68 ./../Libraries/EMlib/debug/libEMLib_efm32_debug.a(em_cmu.o)
 .text.CMU_DivToLog2
                0x00019b9c       0x38 ./../Libraries/EMlib/debug/libEMLib_efm32_debug.a(em_cmu.o)
 .text.CMU_FlashWaitStateControl
                0x00019bd4       0xf4 ./../Libraries/EMlib/debug/libEMLib_efm32_debug.a(em_cmu.o)
 .text.CMU_USBCClkGet
                0x00019cc8       0x50 ./../Libraries/EMlib/debug/libEMLib_efm32_debug.a(em_cmu.o)
 .text.CMU_AUXClkGet
                0x00019d18       0x9c ./../Libraries/EMlib/debug/libEMLib_efm32_debug.a(em_cmu.o)
 .text.CMU_DBGClkGet
                0x00019db4       0x64 ./../Libraries/EMlib/debug/libEMLib_efm32_debug.a(em_cmu.o)
 .text.CMU_LFClkGet
                0x00019e18       0xd4 ./../Libraries/EMlib/debug/libEMLib_efm32_debug.a(em_cmu.o)
 .text.CMU_Sync
                0x00019eec       0x3c ./../Libraries/EMlib/debug/libEMLib_efm32_debug.a(em_cmu.o)
 .text.CMU_ClockDivSet
                0x00019f28      0x298 ./../Libraries/EMlib/debug/libEMLib_efm32_debug.a(em_cmu.o)
                0x00019f28                CMU_ClockDivSet
 .text.CMU_ClockEnable
                0x0001a1c0      0x10c ./../Libraries/EMlib/debug/libEMLib_efm32_debug.a(em_cmu.o)
                0x0001a1c0                CMU_ClockEnable
 .text.CMU_ClockFreqGet
                0x0001a2cc      0x1e8 ./../Libraries/EMlib/debug/libEMLib_efm32_debug.a(em_cmu.o)
                0x0001a2cc                CMU_ClockFreqGet
 .text.CMU_ClockSelectGet
                0x0001a4b4      0x1a4 ./../Libraries/EMlib/debug/libEMLib_efm32_debug.a(em_cmu.o)
                0x0001a4b4                CMU_ClockSelectGet
 .text.CMU_ClockSelectSet
                0x0001a658      0x38c ./../Libraries/EMlib/debug/libEMLib_efm32_debug.a(em_cmu.o)
                0x0001a658                CMU_ClockSelectSet
 .text.CMU_OscillatorEnable
                0x0001a9e4       0xe8 ./../Libraries/EMlib/debug/libEMLib_efm32_debug.a(em_cmu.o)
                0x0001a9e4                CMU_OscillatorEnable
 .text.MSC_Init
                0x0001aacc      0x108 ./../Libraries/EMlib/debug/libEMLib_efm32_debug.a(em_msc.o)
                0x0001aacc                MSC_Init
 .text.MSC_Deinit
                0x0001abd4       0x30 ./../Libraries/EMlib/debug/libEMLib_efm32_debug.a(em_msc.o)
                0x0001abd4                MSC_Deinit
 .text.NVIC_DisableIRQ
                0x0001ac04       0x3c ./../Libraries/EMlib/debug/libEMLib_efm32_debug.a(em_dma.o)
 .text.BITBAND_Peripheral
                0x0001ac40       0x30 ./../Libraries/EMlib/debug/libEMLib_efm32_debug.a(em_dma.o)
 .text.DMA_Prepare
                0x0001ac70      0x138 ./../Libraries/EMlib/debug/libEMLib_efm32_debug.a(em_dma.o)
 .text.DMA_IRQHandler
                0x0001ada8      0x110 ./../Libraries/EMlib/debug/libEMLib_efm32_debug.a(em_dma.o)
                0x0001ada8                DMA_IRQHandler
 .text.DMA_ActivateBasic
                0x0001aeb8       0x48 ./../Libraries/EMlib/debug/libEMLib_efm32_debug.a(em_dma.o)
                0x0001aeb8                DMA_ActivateBasic
 .text.DMA_CfgChannel
                0x0001af00       0xc0 ./../Libraries/EMlib/debug/libEMLib_efm32_debug.a(em_dma.o)
                0x0001af00                DMA_CfgChannel
 .text.DMA_CfgDescr
                0x0001afc0       0x84 ./../Libraries/EMlib/debug/libEMLib_efm32_debug.a(em_dma.o)
                0x0001afc0                DMA_CfgDescr
 .text.DMA_Reset
                0x0001b044       0xd4 ./../Libraries/EMlib/debug/libEMLib_efm32_debug.a(em_dma.o)
                0x0001b044                DMA_Reset
 .text.EMU_UpdateOscConfig
                0x0001b118       0x20 ./../Libraries/EMlib/debug/libEMLib_efm32_debug.a(em_emu.o)
                0x0001b118                EMU_UpdateOscConfig
 .text.BITBAND_Peripheral
                0x0001b138       0x30 ./../Libraries/EMlib/debug/libEMLib_efm32_debug.a(em_gpio.o)
 .text.GPIO_DriveModeSet
                0x0001b168       0x60 ./../Libraries/EMlib/debug/libEMLib_efm32_debug.a(em_gpio.o)
                0x0001b168                GPIO_DriveModeSet
 .text.GPIO_IntConfig
                0x0001b1c8       0xf4 ./../Libraries/EMlib/debug/libEMLib_efm32_debug.a(em_gpio.o)
                0x0001b1c8                GPIO_IntConfig
 .text.GPIO_PinModeSet
                0x0001b2bc      0x1b8 ./../Libraries/EMlib/debug/libEMLib_efm32_debug.a(em_gpio.o)
                0x0001b2bc                GPIO_PinModeSet
 .text.BITBAND_Peripheral
                0x0001b474       0x30 ./../Libraries/EMlib/debug/libEMLib_efm32_debug.a(em_i2c.o)
 .text.I2C_BusFreqSet
                0x0001b4a4       0x94 ./../Libraries/EMlib/debug/libEMLib_efm32_debug.a(em_i2c.o)
                0x0001b4a4                I2C_BusFreqSet
 .text.I2C_Enable
                0x0001b538       0x40 ./../Libraries/EMlib/debug/libEMLib_efm32_debug.a(em_i2c.o)
                0x0001b538                I2C_Enable
 .text.I2C_Init
                0x0001b578       0x84 ./../Libraries/EMlib/debug/libEMLib_efm32_debug.a(em_i2c.o)
                0x0001b578                I2C_Init
 .text.I2C_Transfer
                0x0001b5fc      0x4ec ./../Libraries/EMlib/debug/libEMLib_efm32_debug.a(em_i2c.o)
                0x0001b5fc                I2C_Transfer
 .text.I2C_TransferInit
                0x0001bae8      0x104 ./../Libraries/EMlib/debug/libEMLib_efm32_debug.a(em_i2c.o)
                0x0001bae8                I2C_TransferInit
 .text.USART_BaudrateAsyncSet
                0x0001bbec       0xd0 ./../Libraries/EMlib/debug/libEMLib_efm32_debug.a(em_usart.o)
                0x0001bbec                USART_BaudrateAsyncSet
 .text.USART_BaudrateSyncSet
                0x0001bcbc       0x7c ./../Libraries/EMlib/debug/libEMLib_efm32_debug.a(em_usart.o)
                0x0001bcbc                USART_BaudrateSyncSet
 .text.USART_InitAsync
                0x0001bd38       0xbc ./../Libraries/EMlib/debug/libEMLib_efm32_debug.a(em_usart.o)
                0x0001bd38                USART_InitAsync
 .text.USART_Reset
                0x0001bdf4       0xd8 ./../Libraries/EMlib/debug/libEMLib_efm32_debug.a(em_usart.o)
                0x0001bdf4                USART_Reset
 .text.SYSTEM_ChipRevisionGet
                0x0001becc       0x94 ./../Libraries/EMlib/debug/libEMLib_efm32_debug.a(em_system.o)
                0x0001becc                SYSTEM_ChipRevisionGet
 .text.NVIC_EnableIRQ
                0x0001bf60       0x38 ./../Libraries/EMlib/debug/libEMLib_efm32_debug.a(em_usbd.o)
 .text.NVIC_ClearPendingIRQ
                0x0001bf98       0x3c ./../Libraries/EMlib/debug/libEMLib_efm32_debug.a(em_usbd.o)
 .text.INT_Disable
                0x0001bfd4       0x40 ./../Libraries/EMlib/debug/libEMLib_efm32_debug.a(em_usbd.o)
 .text.INT_Enable
                0x0001c014       0x54 ./../Libraries/EMlib/debug/libEMLib_efm32_debug.a(em_usbd.o)
 .text.USBHAL_DisableGlobalInt
                0x0001c068       0x34 ./../Libraries/EMlib/debug/libEMLib_efm32_debug.a(em_usbd.o)
 .text.USBHAL_EnableGlobalInt
                0x0001c09c       0x34 ./../Libraries/EMlib/debug/libEMLib_efm32_debug.a(em_usbd.o)
 .text.USBDHAL_EnableUsbResetAndSuspendInt
                0x0001c0d0       0x38 ./../Libraries/EMlib/debug/libEMLib_efm32_debug.a(em_usbd.o)
 .text.USBDHAL_EpIsStalled
                0x0001c108       0x3c ./../Libraries/EMlib/debug/libEMLib_efm32_debug.a(em_usbd.o)
 .text.USBDHAL_GetStallStatusEp
                0x0001c144       0xc0 ./../Libraries/EMlib/debug/libEMLib_efm32_debug.a(em_usbd.o)
 .text.USBDHAL_SetEp0InDmaPtr
                0x0001c204       0x28 ./../Libraries/EMlib/debug/libEMLib_efm32_debug.a(em_usbd.o)
 .text.USBDHAL_SetEp0OutDmaPtr
                0x0001c22c       0x28 ./../Libraries/EMlib/debug/libEMLib_efm32_debug.a(em_usbd.o)
 .text.USBDHAL_StartEp0In
                0x0001c254       0x5c ./../Libraries/EMlib/debug/libEMLib_efm32_debug.a(em_usbd.o)
 .text.USBDHAL_StartEp0Out
                0x0001c2b0       0x5c ./../Libraries/EMlib/debug/libEMLib_efm32_debug.a(em_usbd.o)
 .text.USBDHAL_StartEpIn
                0x0001c30c       0xc8 ./../Libraries/EMlib/debug/libEMLib_efm32_debug.a(em_usbd.o)
 .text.USBDHAL_StartEpOut
                0x0001c3d4       0xd4 ./../Libraries/EMlib/debug/libEMLib_efm32_debug.a(em_usbd.o)
 .text.USBD_ArmEp
                0x0001c4a8       0x28 ./../Libraries/EMlib/debug/libEMLib_efm32_debug.a(em_usbd.o)
 .text.USBD_ArmEp0
                0x0001c4d0       0x88 ./../Libraries/EMlib/debug/libEMLib_efm32_debug.a(em_usbd.o)
 .text.USBD_ArmEpN
                0x0001c558       0x28 ./../Libraries/EMlib/debug/libEMLib_efm32_debug.a(em_usbd.o)
 .text.USBD_GetEpFromAddr
                0x0001c580       0xa0 ./../Libraries/EMlib/debug/libEMLib_efm32_debug.a(em_usbd.o)
 .text.USBD_Disconnect
                0x0001c620       0x14 ./../Libraries/EMlib/debug/libEMLib_efm32_debug.a(em_usbd.o)
                0x0001c620                USBD_Disconnect
 .text.USBD_GetUsbState
                0x0001c634       0x1c ./../Libraries/EMlib/debug/libEMLib_efm32_debug.a(em_usbd.o)
                0x0001c634                USBD_GetUsbState
 .text.USBD_Init
                0x0001c650      0x4fc ./../Libraries/EMlib/debug/libEMLib_efm32_debug.a(em_usbd.o)
                0x0001c650                USBD_Init
 .text.USBD_Read
                0x0001cb4c      0x108 ./../Libraries/EMlib/debug/libEMLib_efm32_debug.a(em_usbd.o)
                0x0001cb4c                USBD_Read
 .text.USBD_SetUsbState
                0x0001cc54       0x98 ./../Libraries/EMlib/debug/libEMLib_efm32_debug.a(em_usbd.o)
                0x0001cc54                USBD_SetUsbState
 .text.USBD_Write
                0x0001ccec      0x10c ./../Libraries/EMlib/debug/libEMLib_efm32_debug.a(em_usbd.o)
                0x0001ccec                USBD_Write
 .text.NVIC_ClearPendingIRQ
                0x0001cdf8       0x3c ./../Libraries/EMlib/debug/libEMLib_efm32_debug.a(em_usbhal.o)
 .text.INT_Disable
                0x0001ce34       0x40 ./../Libraries/EMlib/debug/libEMLib_efm32_debug.a(em_usbhal.o)
 .text.INT_Enable
                0x0001ce74       0x54 ./../Libraries/EMlib/debug/libEMLib_efm32_debug.a(em_usbhal.o)
 .text.USBHAL_FlushRxFifo
                0x0001cec8       0x3c ./../Libraries/EMlib/debug/libEMLib_efm32_debug.a(em_usbhal.o)
 .text.USBHAL_FlushTxFifo
                0x0001cf04       0x4c ./../Libraries/EMlib/debug/libEMLib_efm32_debug.a(em_usbhal.o)
 .text.USBDHAL_DeactivateEp
                0x0001cf50       0x88 ./../Libraries/EMlib/debug/libEMLib_efm32_debug.a(em_usbhal.o)
 .text.USBDHAL_GetInEpInts
                0x0001cfd8       0x44 ./../Libraries/EMlib/debug/libEMLib_efm32_debug.a(em_usbhal.o)
 .text.USBDHAL_GetOutEpInts
                0x0001d01c       0x44 ./../Libraries/EMlib/debug/libEMLib_efm32_debug.a(em_usbhal.o)
 .text.USBDHAL_SetEPDISNAK
                0x0001d060       0xac ./../Libraries/EMlib/debug/libEMLib_efm32_debug.a(em_usbhal.o)
 .text.USBD_GetEpFromAddr
                0x0001d10c       0xa0 ./../Libraries/EMlib/debug/libEMLib_efm32_debug.a(em_usbhal.o)
 .text.USBHAL_CoreReset
                0x0001d1ac       0xbc ./../Libraries/EMlib/debug/libEMLib_efm32_debug.a(em_usbhal.o)
                0x0001d1ac                USBHAL_CoreReset
 .text.USBDHAL_CoreInit
                0x0001d268      0x3ec ./../Libraries/EMlib/debug/libEMLib_efm32_debug.a(em_usbhal.o)
                0x0001d268                USBDHAL_CoreInit
 .text.USBDHAL_Disconnect
                0x0001d654       0x3c ./../Libraries/EMlib/debug/libEMLib_efm32_debug.a(em_usbhal.o)
                0x0001d654                USBDHAL_Disconnect
 .text.USBDHAL_AbortAllEps
                0x0001d690      0x53c ./../Libraries/EMlib/debug/libEMLib_efm32_debug.a(em_usbhal.o)
                0x0001d690                USBDHAL_AbortAllEps
 .text.USBDHAL_AbortAllTransfers
                0x0001dbcc       0xc8 ./../Libraries/EMlib/debug/libEMLib_efm32_debug.a(em_usbhal.o)
                0x0001dbcc                USBDHAL_AbortAllTransfers
 .text.USBDHAL_ReenableEp0Setup
                0x0001dc94       0x60 ./../Libraries/EMlib/debug/libEMLib_efm32_debug.a(em_usbdep.o)
 .text.USBDHAL_StallEp
                0x0001dcf4       0xcc ./../Libraries/EMlib/debug/libEMLib_efm32_debug.a(em_usbdep.o)
 .text.USBDHAL_StartEp0In
                0x0001ddc0       0x5c ./../Libraries/EMlib/debug/libEMLib_efm32_debug.a(em_usbdep.o)
 .text.USBDHAL_StartEp0Out
                0x0001de1c       0x5c ./../Libraries/EMlib/debug/libEMLib_efm32_debug.a(em_usbdep.o)
 .text.USBD_GetEpFromAddr
                0x0001de78       0xa0 ./../Libraries/EMlib/debug/libEMLib_efm32_debug.a(em_usbdep.o)
 .text.USBD_ReArmEp0
                0x0001df18       0x64 ./../Libraries/EMlib/debug/libEMLib_efm32_debug.a(em_usbdep.o)
 .text.USBDEP_Ep0Handler
                0x0001df7c      0x300 ./../Libraries/EMlib/debug/libEMLib_efm32_debug.a(em_usbdep.o)
                0x0001df7c                USBDEP_Ep0Handler
 .text.USBDEP_EpHandler
                0x0001e27c       0x60 ./../Libraries/EMlib/debug/libEMLib_efm32_debug.a(em_usbdep.o)
                0x0001e27c                USBDEP_EpHandler
 .text.TIMER_CounterGet
                0x0001e2dc       0x18 ./../Libraries/EMlib/debug/libEMLib_efm32_debug.a(em_usbtimer.o)
 .text.TIMER_TopSet
                0x0001e2f4       0x1c ./../Libraries/EMlib/debug/libEMLib_efm32_debug.a(em_usbtimer.o)
 .text.DelayTicks
                0x0001e310       0x4c ./../Libraries/EMlib/debug/libEMLib_efm32_debug.a(em_usbtimer.o)
 .text.USBTIMER_DelayMs
                0x0001e35c       0x84 ./../Libraries/EMlib/debug/libEMLib_efm32_debug.a(em_usbtimer.o)
                0x0001e35c                USBTIMER_DelayMs
 .text.USBTIMER_DelayUs
                0x0001e3e0      0x124 ./../Libraries/EMlib/debug/libEMLib_efm32_debug.a(em_usbtimer.o)
                0x0001e3e0                USBTIMER_DelayUs
 .text.USBTIMER_Init
                0x0001e504      0x188 ./../Libraries/EMlib/debug/libEMLib_efm32_debug.a(em_usbtimer.o)
                0x0001e504                USBTIMER_Init
 .text.GetProdRev
                0x0001e68c       0x1c ./../Libraries/EMlib/debug/libEMLib_efm32_debug.a(system_efm32gg.o)
 .text.SystemCoreClockGet
                0x0001e6a8       0x58 ./../Libraries/EMlib/debug/libEMLib_efm32_debug.a(system_efm32gg.o)
                0x0001e6a8                SystemCoreClockGet
 .text.SystemHFClockGet
                0x0001e700      0x110 ./../Libraries/EMlib/debug/libEMLib_efm32_debug.a(system_efm32gg.o)
                0x0001e700                SystemHFClockGet
 .text.SystemHFXOClockGet
                0x0001e810       0x18 ./../Libraries/EMlib/debug/libEMLib_efm32_debug.a(system_efm32gg.o)
                0x0001e810                SystemHFXOClockGet
 .text.SystemInit
                0x0001e828        0xc ./../Libraries/EMlib/debug/libEMLib_efm32_debug.a(system_efm32gg.o)
                0x0001e828                SystemInit
 .text.SystemLFRCOClockGet
                0x0001e834       0x10 ./../Libraries/EMlib/debug/libEMLib_efm32_debug.a(system_efm32gg.o)
                0x0001e834                SystemLFRCOClockGet
 .text.SystemULFRCOClockGet
                0x0001e844       0x10 ./../Libraries/EMlib/debug/libEMLib_efm32_debug.a(system_efm32gg.o)
                0x0001e844                SystemULFRCOClockGet
 .text.SystemLFXOClockGet
                0x0001e854       0x18 ./../Libraries/EMlib/debug/libEMLib_efm32_debug.a(system_efm32gg.o)
                0x0001e854                SystemLFXOClockGet
 .text.TIMER_Init
                0x0001e86c      0x134 ./../Libraries/EMlib/debug/libEMLib_efm32_debug.a(em_timer.o)
                0x0001e86c                TIMER_Init
 .text.TIMER_InitCC
                0x0001e9a0       0xec ./../Libraries/EMlib/debug/libEMLib_efm32_debug.a(em_timer.o)
                0x0001e9a0                TIMER_InitCC
 .text.USBDHAL_ActivateEp
                0x0001ea8c      0x148 ./../Libraries/EMlib/debug/libEMLib_efm32_debug.a(em_usbdch9.o)
 .text.USBDHAL_DeactivateEp
                0x0001ebd4       0x88 ./../Libraries/EMlib/debug/libEMLib_efm32_debug.a(em_usbdch9.o)
 .text.USBDHAL_GetStallStatusEp
                0x0001ec5c       0xc0 ./../Libraries/EMlib/debug/libEMLib_efm32_debug.a(em_usbdch9.o)
 .text.USBDHAL_SetAddr
                0x0001ed1c       0x3c ./../Libraries/EMlib/debug/libEMLib_efm32_debug.a(em_usbdch9.o)
 .text.USBDHAL_StallEp
                0x0001ed58       0xcc ./../Libraries/EMlib/debug/libEMLib_efm32_debug.a(em_usbdch9.o)
 .text.USBDHAL_UnStallEp
                0x0001ee24       0xe4 ./../Libraries/EMlib/debug/libEMLib_efm32_debug.a(em_usbdch9.o)
 .text.USBD_ActivateAllEps
                0x0001ef08       0x54 ./../Libraries/EMlib/debug/libEMLib_efm32_debug.a(em_usbdch9.o)
 .text.USBD_DeactivateAllEps
                0x0001ef5c       0x68 ./../Libraries/EMlib/debug/libEMLib_efm32_debug.a(em_usbdch9.o)
 .text.USBD_GetEpFromAddr
                0x0001efc4       0xa0 ./../Libraries/EMlib/debug/libEMLib_efm32_debug.a(em_usbdch9.o)
 .text.USBDCH9_SetupCmd
                0x0001f064       0xec ./../Libraries/EMlib/debug/libEMLib_efm32_debug.a(em_usbdch9.o)
                0x0001f064                USBDCH9_SetupCmd
 .text.ClearFeature
                0x0001f150       0xcc ./../Libraries/EMlib/debug/libEMLib_efm32_debug.a(em_usbdch9.o)
 .text.GetConfiguration
                0x0001f21c       0xb8 ./../Libraries/EMlib/debug/libEMLib_efm32_debug.a(em_usbdch9.o)
 .text.GetDescriptor
                0x0001f2d4      0x10c ./../Libraries/EMlib/debug/libEMLib_efm32_debug.a(em_usbdch9.o)
 .text.GetInterface
                0x0001f3e0       0x94 ./../Libraries/EMlib/debug/libEMLib_efm32_debug.a(em_usbdch9.o)
 .text.GetStatus
                0x0001f474      0x1b4 ./../Libraries/EMlib/debug/libEMLib_efm32_debug.a(em_usbdch9.o)
 .text.SetAddress
                0x0001f628       0xb4 ./../Libraries/EMlib/debug/libEMLib_efm32_debug.a(em_usbdch9.o)
 .text.SetConfiguration
                0x0001f6dc      0x10c ./../Libraries/EMlib/debug/libEMLib_efm32_debug.a(em_usbdch9.o)
 .text.SetFeature
                0x0001f7e8      0x100 ./../Libraries/EMlib/debug/libEMLib_efm32_debug.a(em_usbdch9.o)
 .text.SetInterface
                0x0001f8e8       0x68 ./../Libraries/EMlib/debug/libEMLib_efm32_debug.a(em_usbdch9.o)
 .text.bma2x2_init
                0x0001f950       0x9c ./../Libraries/BSTLib/debug/libBSTLib_efm32_debug.a(bma2x2.o)
                0x0001f950                bma2x2_init
 .text.bma2x2_read_reg
                0x0001f9ec       0x60 ./../Libraries/BSTLib/debug/libBSTLib_efm32_debug.a(bma2x2.o)
                0x0001f9ec                bma2x2_read_reg
 .text.bma2x2_read_accel_xyz
                0x0001fa4c      0x28c ./../Libraries/BSTLib/debug/libBSTLib_efm32_debug.a(bma2x2.o)
                0x0001fa4c                bma2x2_read_accel_xyz
 .text.bma2x2_set_bw
                0x0001fcd8      0x254 ./../Libraries/BSTLib/debug/libBSTLib_efm32_debug.a(bma2x2.o)
                0x0001fcd8                bma2x2_set_bw
 .text.bme280_init
                0x0001ff2c       0xcc ./../Libraries/BSTLib/debug/libBSTLib_efm32_debug.a(bme280.o)
                0x0001ff2c                bme280_init
 .text.bme280_compensate_temperature_int32
                0x0001fff8       0xd0 ./../Libraries/BSTLib/debug/libBSTLib_efm32_debug.a(bme280.o)
                0x0001fff8                bme280_compensate_temperature_int32
 .text.bme280_compensate_pressure_int32
                0x000200c8      0x1d4 ./../Libraries/BSTLib/debug/libBSTLib_efm32_debug.a(bme280.o)
                0x000200c8                bme280_compensate_pressure_int32
 .text.bme280_compensate_humidity_int32
                0x0002029c      0x110 ./../Libraries/BSTLib/debug/libBSTLib_efm32_debug.a(bme280.o)
                0x0002029c                bme280_compensate_humidity_int32
 .text.bme280_read_uncomp_pressure_temperature_humidity
                0x000203ac       0xe0 ./../Libraries/BSTLib/debug/libBSTLib_efm32_debug.a(bme280.o)
                0x000203ac                bme280_read_uncomp_pressure_temperature_humidity
 .text.bme280_read_pressure_temperature_humidity
                0x0002048c       0x8c ./../Libraries/BSTLib/debug/libBSTLib_efm32_debug.a(bme280.o)
                0x0002048c                bme280_read_pressure_temperature_humidity
 .text.bme280_get_calib_param
                0x00020518      0x2d8 ./../Libraries/BSTLib/debug/libBSTLib_efm32_debug.a(bme280.o)
                0x00020518                bme280_get_calib_param
 .text.bme280_set_oversamp_temperature
                0x000207f0      0x1e8 ./../Libraries/BSTLib/debug/libBSTLib_efm32_debug.a(bme280.o)
                0x000207f0                bme280_set_oversamp_temperature
 .text.bme280_set_oversamp_pressure
                0x000209d8      0x1dc ./../Libraries/BSTLib/debug/libBSTLib_efm32_debug.a(bme280.o)
                0x000209d8                bme280_set_oversamp_pressure
 .text.bme280_set_oversamp_humidity
                0x00020bb4      0x228 ./../Libraries/BSTLib/debug/libBSTLib_efm32_debug.a(bme280.o)
                0x00020bb4                bme280_set_oversamp_humidity
 .text.bme280_get_power_mode
                0x00020ddc       0x74 ./../Libraries/BSTLib/debug/libBSTLib_efm32_debug.a(bme280.o)
                0x00020ddc                bme280_get_power_mode
 .text.bme280_set_power_mode
                0x00020e50      0x1e8 ./../Libraries/BSTLib/debug/libBSTLib_efm32_debug.a(bme280.o)
                0x00020e50                bme280_set_power_mode
 .text.bme280_set_soft_rst
                0x00021038       0x64 ./../Libraries/BSTLib/debug/libBSTLib_efm32_debug.a(bme280.o)
                0x00021038                bme280_set_soft_rst
 .text.bme280_set_standby_durn
                0x0002109c      0x1e0 ./../Libraries/BSTLib/debug/libBSTLib_efm32_debug.a(bme280.o)
                0x0002109c                bme280_set_standby_durn
 .text.bme280_write_register
                0x0002127c       0x64 ./../Libraries/BSTLib/debug/libBSTLib_efm32_debug.a(bme280.o)
                0x0002127c                bme280_write_register
 .text.bme280_read_register
                0x000212e0       0x64 ./../Libraries/BSTLib/debug/libBSTLib_efm32_debug.a(bme280.o)
                0x000212e0                bme280_read_register
 .text.bmg160_init
                0x00021344       0x6c ./../Libraries/BSTLib/debug/libBSTLib_efm32_debug.a(bmg160.o)
                0x00021344                bmg160_init
 .text.bmg160_get_data_XYZ
                0x000213b0       0xd0 ./../Libraries/BSTLib/debug/libBSTLib_efm32_debug.a(bmg160.o)
                0x000213b0                bmg160_get_data_XYZ
 .text.bmi160_init
                0x00021480       0x90 ./../Libraries/BSTLib/debug/libBSTLib_efm32_debug.a(bmi160.o)
                0x00021480                bmi160_init
 .text.bmi160_write_reg
                0x00021510       0x60 ./../Libraries/BSTLib/debug/libBSTLib_efm32_debug.a(bmi160.o)
                0x00021510                bmi160_write_reg
 .text.bmi160_read_gyro_xyz
                0x00021570       0xc4 ./../Libraries/BSTLib/debug/libBSTLib_efm32_debug.a(bmi160.o)
                0x00021570                bmi160_read_gyro_xyz
 .text.bmi160_read_accel_xyz
                0x00021634       0xc4 ./../Libraries/BSTLib/debug/libBSTLib_efm32_debug.a(bmi160.o)
                0x00021634                bmi160_read_accel_xyz
 .text.bmi160_set_command_register
                0x000216f8       0x60 ./../Libraries/BSTLib/debug/libBSTLib_efm32_debug.a(bmi160.o)
                0x000216f8                bmi160_set_command_register
 .text.bmm050_init
                0x00021758       0xbc ./../Libraries/BSTLib/debug/libBSTLib_efm32_debug.a(bmm050.o)
                0x00021758                bmm050_init
 .text.bmm050_set_presetmode
                0x00021814      0x120 ./../Libraries/BSTLib/debug/libBSTLib_efm32_debug.a(bmm050.o)
                0x00021814                bmm050_set_presetmode
 .text.bmm050_set_functional_state
                0x00021934      0x28c ./../Libraries/BSTLib/debug/libBSTLib_efm32_debug.a(bmm050.o)
                0x00021934                bmm050_set_functional_state
 .text.bmm050_read_mag_data_XYZ_s32
                0x00021bc0      0x158 ./../Libraries/BSTLib/debug/libBSTLib_efm32_debug.a(bmm050.o)
                0x00021bc0                bmm050_read_mag_data_XYZ_s32
 .text.bmm050_set_data_rate
                0x00021d18       0xbc ./../Libraries/BSTLib/debug/libBSTLib_efm32_debug.a(bmm050.o)
                0x00021d18                bmm050_set_data_rate
 .text.bmm050_init_trim_registers
                0x00021dd4      0x344 ./../Libraries/BSTLib/debug/libBSTLib_efm32_debug.a(bmm050.o)
                0x00021dd4                bmm050_init_trim_registers
 .text.bmm050_get_power_mode
                0x00022118       0x78 ./../Libraries/BSTLib/debug/libBSTLib_efm32_debug.a(bmm050.o)
                0x00022118                bmm050_get_power_mode
 .text.bmm050_set_power_mode
                0x00022190       0xb8 ./../Libraries/BSTLib/debug/libBSTLib_efm32_debug.a(bmm050.o)
                0x00022190                bmm050_set_power_mode
 .text.bmm050_set_rep_XY
                0x00022248       0x6c ./../Libraries/BSTLib/debug/libBSTLib_efm32_debug.a(bmm050.o)
                0x00022248                bmm050_set_rep_XY
 .text.bmm050_set_rep_Z
                0x000222b4       0x6c ./../Libraries/BSTLib/debug/libBSTLib_efm32_debug.a(bmm050.o)
                0x000222b4                bmm050_set_rep_Z
 .text.bmm050_compensate_X